<html>
<body>
<pre>
<h1>礦ision Build Log</h1>
<h2>Tool Versions:</h2>
IDE-Version: μVision V5.20.0.0
Copyright (C) 2016 ARM Ltd and ARM Germany GmbH. All rights reserved.
License Information: zou Microsoft, Microsoft, LIC=TA3AR-K91H8-XCXJ0-BEHUH-HGE9T-2Z731
 
Tool Versions:
Toolchain:       MDK-ARM Professional  Version: 5.20
Toolchain Path:  C:\Keil_v5\ARM\ARMCC\Bin
C Compiler:      Armcc.exe V5.06 update 2 (build 183)
Assembler:       Armasm.exe V5.06 update 2 (build 183)
Linker/Locator:  ArmLink.exe V5.06 update 2 (build 183)
Library Manager: ArmAr.exe V5.06 update 2 (build 183)
Hex Converter:   FromElf.exe V5.06 update 2 (build 183)
CPU DLL:         SARMCM3.DLL V5.20
Dialog DLL:      DCM.DLL V1.13.7.0
Target DLL:      STLink\ST-LINKIII-KEIL_SWO.dll V2.0.18.0
Dialog DLL:      TCM.DLL V1.14.9.0
 
<h2>Project:</h2>
C:\Users\zph\Desktop\613\SENSORTILE\STM32F401RE-Nucleo\UART - 副本 - 副本\UART_Printf\MDK-ARM\Project.uvprojx
Project File Date:  04/26/2017

<h2>Output:</h2>
*** Using Compiler 'V5.06 update 2 (build 183)', folder: 'C:\Keil_v5\ARM\ARMCC\Bin'
Build target 'STM32F4xx-Nucleo'
compiling main.c...
..\Src\main.c(166): warning:  #177-D: variable "i" was declared but never referenced
  	uint16_t i,j;
..\Src\main.c(166): warning:  #177-D: variable "j" was declared but never referenced
  	uint16_t i,j;
..\Src\main.c: 2 warnings, 0 errors
compiling lcd.c...
linking...
Program Size: Code=6748 RO-data=8900 RW-data=56 ZI-data=1536  
FromELF: creating hex file...
"STM32F4xx-Nucleo\STM32F4xx-Nucleo.axf" - 0 Error(s), 2 Warning(s).

<h2>Software Packages used:</h2>

Package Vendor: ARM
                http://www.keil.com/pack/ARM.CMSIS.4.5.0.pack
                ARM::CMSIS:CORE:4.3.0
                CMSIS (Cortex Microcontroller Software Interface Standard)
   * Component: CORE Version: 4.3.0

<h2>Collection of Component include folders:</h2>
  C:\Users\zph\Desktop\613\SENSORTILE\STM32F401RE-Nucleo\UART - 副本 - 副本\UART_Printf\MDK-ARM\RTE
  C:\Keil_v5\ARM\PACK\ARM\CMSIS\4.5.0\CMSIS\Include
  C:\Keil_v5\ARM\PACK\Keil\STM32F4xx_DFP\2.8.0\Drivers\CMSIS\Device\ST\STM32F4xx\Include

<h2>Collection of Component Files used:</h2>

   * Component: ARM::CMSIS:CORE:4.3.0
Build Time Elapsed:  00:00:01
</pre>
</body>
</html>
