BL51 BANKED LINKER/LOCATER V6.22                                                        04/29/2017  11:23:28  PAGE 1


BL51 BANKED LINKER/LOCATER V6.22, INVOKED BY:
C:\KEIL_V5\C51\BIN\BL51.EXE .\Objects\sensor.obj TO .\Objects\12864 PRINT (.\Listings\12864.m51)


MEMORY MODEL: LARGE WITH FLOATING POINT ARITHMETIC


INPUT MODULES INCLUDED:
  .\Objects\sensor.obj (SENSOR)
  C:\KEIL_V5\C51\LIB\C51FPL.LIB (?C?FPADD)
  C:\KEIL_V5\C51\LIB\C51FPL.LIB (?C?FPMUL)
  C:\KEIL_V5\C51\LIB\C51FPL.LIB (?C?FCAST)
  C:\KEIL_V5\C51\LIB\C51FPL.LIB (?C?CASTF)
  C:\KEIL_V5\C51\LIB\C51FPL.LIB (?C?FPGETOPN)
  C:\KEIL_V5\C51\LIB\C51L.LIB (?C_STARTUP)
  C:\KEIL_V5\C51\LIB\C51L.LIB (?C?CLDPTR)
  C:\KEIL_V5\C51\LIB\C51L.LIB (?C?CLDOPTR)
  C:\KEIL_V5\C51\LIB\C51L.LIB (?C?CSTOPTR)
  C:\KEIL_V5\C51\LIB\C51L.LIB (?C?IMUL)
  C:\KEIL_V5\C51\LIB\C51L.LIB (?C?UIDIV)
  C:\KEIL_V5\C51\LIB\C51L.LIB (?C?SIDIV)
  C:\KEIL_V5\C51\LIB\C51L.LIB (?C?IILDX)
  C:\KEIL_V5\C51\LIB\C51L.LIB (?C?ILDPTR)
  C:\KEIL_V5\C51\LIB\C51L.LIB (?C?ISTPTR)
  C:\KEIL_V5\C51\LIB\C51L.LIB (?C?LMUL)
  C:\KEIL_V5\C51\LIB\C51L.LIB (?C?SLDIV)
  C:\KEIL_V5\C51\LIB\C51L.LIB (?C?LNEG)
  C:\KEIL_V5\C51\LIB\C51L.LIB (?C?ULSHR)
  C:\KEIL_V5\C51\LIB\C51L.LIB (?C?SLSHR)
  C:\KEIL_V5\C51\LIB\C51L.LIB (?C?LSTXDATA)
  C:\KEIL_V5\C51\LIB\C51L.LIB (?C?LSTKXDATA)
  C:\KEIL_V5\C51\LIB\C51L.LIB (?C_INIT)
  C:\KEIL_V5\C51\LIB\C51L.LIB (?C?ULDIV)


LINK MAP OF MODULE:  .\Objects\12864 (SENSOR)


            TYPE    BASE      LENGTH    RELOCATION   SEGMENT NAME
            -----------------------------------------------------

            * * * * * * *   D A T A   M E M O R Y   * * * * * * *
            REG     0000H     0008H     ABSOLUTE     "REG BANK 0"
            DATA    0008H     0011H     UNIT         ?DT?SENSOR
                    0019H     0007H                  *** GAP ***
            DATA    0020H     0001H     BIT_ADDR     ?BA?SENSOR
            BIT     0021H.0   0007H.7   UNIT         ?BI?SENSOR
                    0028H.7   0000H.1                *** GAP ***
            IDATA   0029H     0001H     UNIT         ?STACK

            * * * * * * *  X D A T A   M E M O R Y  * * * * * * *
            XDATA   0000H     0389H     UNIT         ?XD?SENSOR
            XDATA   0389H     001CH     UNIT         _XDATA_GROUP_

            * * * * * * *   C O D E   M E M O R Y   * * * * * * *
            CODE    0000H     0003H     ABSOLUTE     
            CODE    0003H     0003H     UNIT         ?PR?LCD_ON?SENSOR
            CODE    0006H     0003H     UNIT         ?PR?LCD_OFF?SENSOR
BL51 BANKED LINKER/LOCATER V6.22                                                      04/29/2017  11:23:28  PAGE 2


                    0009H     0002H                  *** GAP ***
            CODE    000BH     0003H     ABSOLUTE     
                    000EH     0005H                  *** GAP ***
            CODE    0013H     0003H     ABSOLUTE     
                    0016H     0005H                  *** GAP ***
            CODE    001BH     0003H     ABSOLUTE     
                    001EH     0005H                  *** GAP ***
            CODE    0023H     0003H     ABSOLUTE     
            CODE    0026H     0014H     UNIT         ?PR?_EEPROM_CLEAN?SENSOR
                    003AH     0001H                  *** GAP ***
            CODE    003BH     0003H     ABSOLUTE     
            CODE    003EH     48EEH     UNIT         ?PR?MAIN?SENSOR
            CODE    492CH     2EC2H     UNIT         ?CO?SENSOR
            CODE    77EEH     0887H     UNIT         ?PR?ET0_ISR?SENSOR
            CODE    8075H     05B1H     UNIT         ?C?LIB_CODE
            CODE    8626H     0486H     UNIT         ?PR?_CH13_TRIM?SENSOR
            CODE    8AACH     03DAH     UNIT         ?PR?DATA_SAVE2?SENSOR
            CODE    8E86H     037AH     UNIT         ?PR?DATA_READ2?SENSOR
            CODE    9200H     0350H     UNIT         ?PR?PCA_ISR?SENSOR
            CODE    9550H     026DH     UNIT         ?PR?UART_SER?SENSOR
            CODE    97BDH     0261H     UNIT         ?PR?_DISPLAY_MENU?SENSOR
            CODE    9A1EH     01F6H     UNIT         ?PR?_DISPLAY_MAPPING?SENSOR
            CODE    9C14H     01E1H     UNIT         ?C_INITSEG
            CODE    9DF5H     0166H     UNIT         ?PR?_FUNCTION_MAPPING?SENSOR
            CODE    9F5BH     014CH     UNIT         ?PR?_LCD?SENSOR
            CODE    A0A7H     013FH     UNIT         ?PR?_WRITE_NUM100?SENSOR
            CODE    A1E6H     0130H     UNIT         ?PR?ET1_ISR?SENSOR
            CODE    A316H     0129H     UNIT         ?PR?_THROTTLE?SENSOR
            CODE    A43FH     00E8H     UNIT         ?PR?_DISPLAY_SWITCH?SENSOR
            CODE    A527H     00E0H     UNIT         ?PR?_SEND2_HEX?SENSOR
            CODE    A607H     00D6H     UNIT         ?PR?DEVICE_CONNECT?SENSOR
            CODE    A6DDH     00CEH     UNIT         ?PR?DATA_READ1?SENSOR
            CODE    A7ABH     00CBH     UNIT         ?PR?EX1_ISR?SENSOR
            CODE    A876H     00B3H     UNIT         ?PR?DATA_SAVE1?SENSOR
            CODE    A929H     0099H     UNIT         ?PR?NRF_TEST?SENSOR
            CODE    A9C2H     0097H     UNIT         ?PR?MODEL_DATA_RESET?SENSOR
            CODE    AA59H     008CH     UNIT         ?PR?_SEND2?SENSOR
            CODE    AAE5H     008CH     UNIT         ?C_C51STARTUP
            CODE    AB71H     0086H     UNIT         ?PR?_FUNCTION_SIZE?SENSOR
            CODE    ABF7H     0085H     UNIT         ?PR?MODEL_COPY?SENSOR
            CODE    AC7CH     0085H     UNIT         ?PR?_FUNCTION_MIX?SENSOR
            CODE    AD01H     007EH     UNIT         ?PR?_FUNCTION_NEGATIVE?SENSOR
            CODE    AD7FH     0076H     UNIT         ?PR?_SEND?SENSOR
            CODE    ADF5H     0071H     UNIT         ?PR?_WRITE_NUM1000?SENSOR
            CODE    AE66H     006EH     UNIT         ?PR?_EEPROM_WRITE?SENSOR
            CODE    AED4H     0069H     UNIT         ?PR?_EEPROM_READ?SENSOR
            CODE    AF3DH     0068H     UNIT         ?PR?INITIAL?SENSOR
            CODE    AFA5H     0065H     UNIT         ?PR?_WRITE?SENSOR
            CODE    B00AH     005DH     UNIT         ?PR?LCD_INIT?SENSOR
            CODE    B067H     005AH     UNIT         ?PR?_CH24_TRIM?SENSOR
            CODE    B0C1H     0057H     UNIT         ?PR?_PHOTO2?SENSOR
            CODE    B118H     0054H     UNIT         ?PR?_WRITE0?SENSOR
            CODE    B16CH     0053H     UNIT         ?PR?_SEND3?SENSOR
            CODE    B1BFH     0049H     UNIT         ?PR?_SPI?SENSOR
            CODE    B208H     0044H     UNIT         ?C?LDIV
            CODE    B24CH     0040H     UNIT         ?PR?_CH_CALIB?SENSOR
            CODE    B28CH     003EH     UNIT         ?PR?_PHOTO?SENSOR
BL51 BANKED LINKER/LOCATER V6.22                                                      04/29/2017  11:23:28  PAGE 3


            CODE    B2CAH     0038H     UNIT         ?PR?_FIFO_READ?SENSOR
            CODE    B302H     0038H     UNIT         ?PR?_FIFO_READ2?SENSOR
            CODE    B33AH     0037H     UNIT         ?PR?_XDATA_CHECK?SENSOR
            CODE    B371H     0032H     UNIT         ?PR?_FIFO_WRITE?SENSOR
            CODE    B3A3H     0032H     UNIT         ?PR?_FIFO_WRITE2?SENSOR
            CODE    B3D5H     002BH     UNIT         ?PR?_LOCATION?SENSOR
            CODE    B400H     0029H     UNIT         ?PR?_MODEL_ADRESS?SENSOR
            CODE    B429H     0027H     UNIT         ?PR?_NRF_POWER?SENSOR
            CODE    B450H     0027H     UNIT         ?PR?_MOVE_CURSOR?SENSOR
            CODE    B477H     0025H     UNIT         ?PR?NRF_INIT?SENSOR
            CODE    B49CH     001DH     UNIT         ?PR?_TX_ADDRESS?SENSOR
            CODE    B4B9H     001BH     UNIT         ?PR?_DATA_CHANGE?SENSOR
            CODE    B4D4H     001BH     UNIT         ?PR?CLEAN?SENSOR
            CODE    B4EFH     0018H     UNIT         ?PR?_DELAY_MS?SENSOR
            CODE    B507H     0017H     UNIT         ?PR?_REG_WRITE?SENSOR
            CODE    B51EH     000DH     UNIT         ?PR?_REG_READ?SENSOR
            CODE    B52BH     000CH     UNIT         ?PR?RX_MODE?SENSOR
            CODE    B537H     000CH     UNIT         ?PR?TX_MODE?SENSOR
            CODE    B543H     000CH     UNIT         ?PR?_NRF_SIZE?SENSOR
            CODE    B54FH     000CH     UNIT         ?PR?_NRF_CHANNEL?SENSOR
            CODE    B55BH     000AH     UNIT         ?PR?_RX_ADDRESS?SENSOR
            CODE    B565H     0009H     UNIT         ?PR?DELAY1MS?SENSOR



OVERLAY MAP OF MODULE:   .\Objects\12864 (SENSOR)


SEGMENT                                 XDATA_GROUP
  +--> CALLED SEGMENT                 START    LENGTH
-----------------------------------------------------
?PR?ET0_ISR?SENSOR                    -----    -----
  +--> ?PR?_SEND2?SENSOR
  +--> ?PR?_CH_CALIB?SENSOR
  +--> ?PR?_FUNCTION_MAPPING?SENSOR
  +--> ?PR?_FUNCTION_SIZE?SENSOR
  +--> ?PR?_FUNCTION_NEGATIVE?SENSOR
  +--> ?PR?_FUNCTION_MIX?SENSOR
  +--> ?PR?_XDATA_CHECK?SENSOR

?PR?_SEND2?SENSOR                     -----    -----
  +--> ?PR?_LOCATION?SENSOR
  +--> ?CO?SENSOR
  +--> ?PR?_LCD?SENSOR

?PR?_LOCATION?SENSOR                  -----    -----
  +--> ?PR?_SEND?SENSOR
  +--> ?PR?_LCD?SENSOR

?PR?_SEND?SENSOR                      -----    -----
  +--> ?PR?_LCD?SENSOR
  +--> ?CO?SENSOR

?PR?_FUNCTION_SIZE?SENSOR             0389H    0001H

?PR?_FUNCTION_MIX?SENSOR              0389H    0004H

BL51 BANKED LINKER/LOCATER V6.22                                                      04/29/2017  11:23:28  PAGE 4


*** NEW ROOT ***************************************************

?PR?EX1_ISR?SENSOR                    -----    -----
  +--> ?PR?_XDATA_CHECK?SENSOR

*** NEW ROOT ***************************************************

?PR?ET1_ISR?SENSOR                    038DH    0002H

*** NEW ROOT ***************************************************

?PR?PCA_ISR?SENSOR                    -----    -----
  +--> ?PR?RX_MODE?SENSOR
  +--> ?PR?_REG_READ?SENSOR
  +--> ?PR?_NRF_CHANNEL?SENSOR
  +--> ?PR?_NRF_POWER?SENSOR
  +--> ?PR?_TX_ADDRESS?SENSOR
  +--> ?PR?_RX_ADDRESS?SENSOR
  +--> ?PR?_FIFO_WRITE2?SENSOR
  +--> ?PR?_REG_WRITE?SENSOR
  +--> ?PR?_FIFO_READ2?SENSOR
  +--> ?PR?TX_MODE?SENSOR

?PR?RX_MODE?SENSOR                    -----    -----
  +--> ?PR?_REG_WRITE?SENSOR

?PR?_REG_WRITE?SENSOR                 -----    -----
  +--> ?PR?_SPI?SENSOR

?PR?_REG_READ?SENSOR                  -----    -----
  +--> ?PR?_SPI?SENSOR

?PR?_NRF_CHANNEL?SENSOR               -----    -----
  +--> ?PR?_REG_WRITE?SENSOR

?PR?_NRF_POWER?SENSOR                 -----    -----
  +--> ?PR?_REG_WRITE?SENSOR

?PR?_TX_ADDRESS?SENSOR                -----    -----
  +--> ?PR?_NRF_POWER?SENSOR
  +--> ?PR?_NRF_SIZE?SENSOR
  +--> ?PR?_SPI?SENSOR

?PR?_NRF_SIZE?SENSOR                  -----    -----
  +--> ?PR?_REG_WRITE?SENSOR

?PR?_RX_ADDRESS?SENSOR                -----    -----
  +--> ?PR?_SPI?SENSOR

?PR?_FIFO_WRITE2?SENSOR               038FH    0003H
  +--> ?PR?_SPI?SENSOR

?PR?_FIFO_READ2?SENSOR                038FH    0003H
  +--> ?PR?_SPI?SENSOR

?PR?TX_MODE?SENSOR                    -----    -----
  +--> ?PR?_REG_WRITE?SENSOR
BL51 BANKED LINKER/LOCATER V6.22                                                      04/29/2017  11:23:28  PAGE 5



*** NEW ROOT ***************************************************

?C_C51STARTUP                         -----    -----
  +--> ?PR?MAIN?SENSOR
  +--> ?C_INITSEG

?PR?MAIN?SENSOR                       0392H    0003H
  +--> ?PR?_DELAY_MS?SENSOR
  +--> ?PR?INITIAL?SENSOR
  +--> ?PR?DATA_READ1?SENSOR
  +--> ?PR?DATA_READ2?SENSOR
  +--> ?PR?LCD_INIT?SENSOR
  +--> ?PR?LCD_ON?SENSOR
  +--> ?PR?_EEPROM_CLEAN?SENSOR
  +--> ?PR?_WRITE?SENSOR
  +--> ?CO?SENSOR
  +--> ?PR?_SEND3?SENSOR
  +--> ?PR?_SEND2?SENSOR
  +--> ?PR?DATA_SAVE1?SENSOR
  +--> ?PR?_CH_CALIB?SENSOR
  +--> ?PR?_PHOTO2?SENSOR
  +--> ?PR?NRF_TEST?SENSOR
  +--> ?PR?NRF_INIT?SENSOR
  +--> ?PR?_LOCATION?SENSOR
  +--> ?PR?_SEND?SENSOR
  +--> ?PR?_LCD?SENSOR
  +--> ?PR?_DATA_CHANGE?SENSOR
  +--> ?PR?CLEAN?SENSOR
  +--> ?PR?_DISPLAY_MENU?SENSOR
  +--> ?PR?_WRITE_NUM100?SENSOR
  +--> ?PR?_DISPLAY_MAPPING?SENSOR
  +--> ?PR?_MOVE_CURSOR?SENSOR
  +--> ?PR?_SEND2_HEX?SENSOR
  +--> ?PR?_PHOTO?SENSOR
  +--> ?PR?DEVICE_CONNECT?SENSOR
  +--> ?PR?_WRITE_NUM1000?SENSOR
  +--> ?PR?_DISPLAY_SWITCH?SENSOR
  +--> ?PR?MODEL_COPY?SENSOR
  +--> ?PR?MODEL_DATA_RESET?SENSOR
  +--> ?PR?_THROTTLE?SENSOR
  +--> ?PR?_CH24_TRIM?SENSOR
  +--> ?PR?_CH13_TRIM?SENSOR
  +--> ?PR?LCD_OFF?SENSOR
  +--> ?PR?DATA_SAVE2?SENSOR

?PR?_DELAY_MS?SENSOR                  -----    -----
  +--> ?PR?DELAY1MS?SENSOR

?PR?DATA_READ1?SENSOR                 -----    -----
  +--> ?PR?_EEPROM_READ?SENSOR

?PR?DATA_READ2?SENSOR                 0395H    0002H
  +--> ?PR?_MODEL_ADRESS?SENSOR
  +--> ?PR?_EEPROM_READ?SENSOR
  +--> ?PR?MODEL_DATA_RESET?SENSOR

BL51 BANKED LINKER/LOCATER V6.22                                                      04/29/2017  11:23:28  PAGE 6


?PR?LCD_INIT?SENSOR                   -----    -----
  +--> ?PR?LCD_ON?SENSOR
  +--> ?PR?_DELAY_MS?SENSOR
  +--> ?PR?_LCD?SENSOR
  +--> ?PR?CLEAN?SENSOR
  +--> ?PR?LCD_OFF?SENSOR

?PR?CLEAN?SENSOR                      -----    -----
  +--> ?PR?_LOCATION?SENSOR
  +--> ?PR?_LCD?SENSOR

?PR?_WRITE?SENSOR                     0395H    0005H
  +--> ?CO?SENSOR
  +--> ?PR?_SEND3?SENSOR

?PR?_SEND3?SENSOR                     039CH    0005H
  +--> ?CO?SENSOR
  +--> ?PR?_LOCATION?SENSOR
  +--> ?PR?_LCD?SENSOR

?PR?DATA_SAVE1?SENSOR                 -----    -----
  +--> ?PR?_EEPROM_CLEAN?SENSOR
  +--> ?PR?_EEPROM_WRITE?SENSOR

?PR?_PHOTO2?SENSOR                    0395H    0007H
  +--> ?PR?_DELAY_MS?SENSOR
  +--> ?CO?SENSOR
  +--> ?PR?_LOCATION?SENSOR
  +--> ?PR?_LCD?SENSOR

?PR?NRF_TEST?SENSOR                   0395H    0001H
  +--> ?PR?_SPI?SENSOR
  +--> ?PR?_REG_WRITE?SENSOR
  +--> ?PR?_FIFO_WRITE?SENSOR
  +--> ?PR?_DELAY_MS?SENSOR

?PR?_FIFO_WRITE?SENSOR                0396H    0003H
  +--> ?PR?_SPI?SENSOR

?PR?NRF_INIT?SENSOR                   -----    -----
  +--> ?PR?_REG_WRITE?SENSOR
  +--> ?PR?TX_MODE?SENSOR
  +--> ?PR?_NRF_CHANNEL?SENSOR
  +--> ?PR?_TX_ADDRESS?SENSOR
  +--> ?PR?_RX_ADDRESS?SENSOR

?PR?_DISPLAY_MENU?SENSOR              0395H    0002H
  +--> ?PR?_MOVE_CURSOR?SENSOR
  +--> ?CO?SENSOR
  +--> ?PR?_SEND3?SENSOR
  +--> ?PR?_WRITE0?SENSOR
  +--> ?PR?_LOCATION?SENSOR
  +--> ?PR?_SEND?SENSOR

?PR?_WRITE0?SENSOR                    0397H    0005H
  +--> ?CO?SENSOR
  +--> ?PR?_SEND3?SENSOR
BL51 BANKED LINKER/LOCATER V6.22                                                      04/29/2017  11:23:28  PAGE 7



?PR?_WRITE_NUM100?SENSOR              0395H    0005H
  +--> ?PR?_SEND2?SENSOR

?PR?_DISPLAY_MAPPING?SENSOR           0395H    0002H
  +--> ?CO?SENSOR
  +--> ?PR?_SEND3?SENSOR
  +--> ?PR?_SEND2?SENSOR

?PR?_SEND2_HEX?SENSOR                 -----    -----
  +--> ?PR?_LOCATION?SENSOR
  +--> ?CO?SENSOR
  +--> ?PR?_LCD?SENSOR

?PR?_PHOTO?SENSOR                     0395H    0007H
  +--> ?PR?_LOCATION?SENSOR
  +--> ?PR?_LCD?SENSOR

?PR?DEVICE_CONNECT?SENSOR             0395H    0001H
  +--> ?PR?_NRF_CHANNEL?SENSOR
  +--> ?PR?_NRF_POWER?SENSOR
  +--> ?PR?_NRF_SIZE?SENSOR
  +--> ?PR?_TX_ADDRESS?SENSOR
  +--> ?PR?_RX_ADDRESS?SENSOR
  +--> ?PR?TX_MODE?SENSOR
  +--> ?PR?_FIFO_WRITE?SENSOR
  +--> ?PR?DELAY1MS?SENSOR
  +--> ?PR?RX_MODE?SENSOR
  +--> ?PR?_FIFO_READ?SENSOR
  +--> ?PR?_REG_WRITE?SENSOR

?PR?_FIFO_READ?SENSOR                 0396H    0003H
  +--> ?PR?_SPI?SENSOR

?PR?_WRITE_NUM1000?SENSOR             -----    -----
  +--> ?PR?_SEND?SENSOR

?PR?_DISPLAY_SWITCH?SENSOR            0395H    0002H
  +--> ?PR?_SEND2?SENSOR
  +--> ?CO?SENSOR
  +--> ?PR?_SEND3?SENSOR

?PR?MODEL_COPY?SENSOR                 0395H    0002H
  +--> ?PR?_MODEL_ADRESS?SENSOR

?PR?_THROTTLE?SENSOR                  0395H    0004H
  +--> ?PR?_LOCATION?SENSOR
  +--> ?PR?_LCD?SENSOR

?PR?_CH24_TRIM?SENSOR                 -----    -----
  +--> ?PR?_LCD?SENSOR

?PR?_CH13_TRIM?SENSOR                 0395H    0010H
  +--> ?PR?_LOCATION?SENSOR
  +--> ?PR?_LCD?SENSOR

?PR?DATA_SAVE2?SENSOR                 0395H    0002H
BL51 BANKED LINKER/LOCATER V6.22                                                      04/29/2017  11:23:28  PAGE 8


  +--> ?PR?_MODEL_ADRESS?SENSOR
  +--> ?PR?_EEPROM_CLEAN?SENSOR
  +--> ?PR?_EEPROM_WRITE?SENSOR



SYMBOL TABLE OF MODULE:  .\Objects\12864 (SENSOR)

  VALUE           TYPE          NAME
  ----------------------------------

  -------         MODULE        SENSOR
  C:0000H         SYMBOL        _ICE_DUMMY_
  C:A7ABH         PUBLIC        EX1_isr
  B:0021H.0       PUBLIC        key4
  B:00B0H.6       PUBLIC        K4
  B:0021H.1       PUBLIC        key5
  X:0000H         PUBLIC        second
  B:00B0H.2       PUBLIC        K5
  D:0096H         PUBLIC        P2M0
  D:0080H         PUBLIC        P0
  B:0021H.2       PUBLIC        key6
  X:0001H         PUBLIC        connect_time
  X:0002H         PUBLIC        ROM_time
  B:00B0H.5       PUBLIC        K6
  D:0090H         PUBLIC        P1
  D:00A0H         PUBLIC        P2
  X:0003H         PUBLIC        Sound_switch
  D:00B0H         PUBLIC        P3
  B:0021H.3       PUBLIC        auto_h
  X:0004H         PUBLIC        CD_data
  D:00C0H         PUBLIC        P4
  C:9200H         PUBLIC        PCA_isr
  C:B543H         PUBLIC        _NRF_size
  C:B565H         PUBLIC        Delay1ms
  X:0081H         PUBLIC        TX_protocol
  C:A53DH         PUBLIC        _send2_hex
  C:B4D4H         PUBLIC        clean
  B:0021H.4       PUBLIC        Data_system
  B:0021H.5       PUBLIC        CD
  B:0021H.6       PUBLIC        auto_l
  B:0080H.0       PUBLIC        CE
  C:9550H         PUBLIC        UART_SER
  B:0021H.7       PUBLIC        reset_action
  C:AB71H         PUBLIC        _function_size
  C:A929H         PUBLIC        NRF_test
  B:0022H.0       PUBLIC        RC_data_ready
  X:0082H         PUBLIC        LCD_vop
  X:0083H         PUBLIC        CH_value
  B:0022H.1       PUBLIC        NRF_config_change
  X:008BH         PUBLIC        adc11
  X:008DH         PUBLIC        auto_mapping
  X:008EH         PUBLIC        adc22
  D:00A8H         PUBLIC        IE
  C:8626H         PUBLIC        _CH13_trim
  X:0090H         PUBLIC        auto_middle
  C:0006H         PUBLIC        LCD_OFF
BL51 BANKED LINKER/LOCATER V6.22                                                      04/29/2017  11:23:28  PAGE 9


  X:0091H         PUBLIC        adc33
  D:00C5H         PUBLIC        IAP_CMD
  C:B067H         PUBLIC        _CH24_trim
  D:00FAH         PUBLIC        CCAP0H
  C:ABF7H         PUBLIC        Model_copy
  X:0093H         PUBLIC        adc44
  D:00FBH         PUBLIC        CCAP1H
  C:9849H         PUBLIC        _display_menu
  X:0095H         PUBLIC        model
  B:0022H.2       PUBLIC        RC_check_star
  B:00A0H.0       PUBLIC        SA
  D:00BDH         PUBLIC        ADC_RES
  D:00EAH         PUBLIC        CCAP0L
  X:0096H         PUBLIC        minute
  B:0080H.6       PUBLIC        CS
  D:00EBH         PUBLIC        CCAP1L
  D:00DAH         PUBLIC        CCAPM0
  X:0097H         PUBLIC        Switch_A
  B:00A0H.6       PUBLIC        SD
  B:00A0H.5       PUBLIC        LEDA
  D:00DBH         PUBLIC        CCAPM1
  X:0098H         PUBLIC        Switch_B
  X:0099H         PUBLIC        train_switch
  X:009AH         PUBLIC        VLD1
  B:00A8H.4       PUBLIC        ES
  X:009BH         PUBLIC        Switch_C
  X:009CH         PUBLIC        VLD2
  B:0022H.3       PUBLIC        paste_ready
  D:00B8H         PUBLIC        IP
  X:009DH         PUBLIC        Switch_D
  D:0020H         PUBLIC        DATA
  B:0098H.0       PUBLIC        RI
  C:AC7FH         PUBLIC        _function_mix
  X:009EH         PUBLIC        T_h
  X:009FH         PUBLIC        t_PPMout
  B:0098H.1       PUBLIC        TI
  B:0022H.4       PUBLIC        KS
  X:00A0H         PUBLIC        beep
  X:00A1H         PUBLIC        T_l
  D:00C3H         PUBLIC        IAP_ADDRH
  B:0022H.5       PUBLIC        right
  X:00A2H         PUBLIC        rx_sum
  B:0022H.6       PUBLIC        RC_TX
  C:72C2H         PUBLIC        bmp10
  C:ADFAH         PUBLIC        _write_num1000
  X:00A3H         PUBLIC        t_ppm
  C:B2CAH         PUBLIC        _FIFO_read
  B:0022H.7       PUBLIC        s1
  X:00A4H         PUBLIC        timer
  D:00D8H         PUBLIC        CCON
  D:00C4H         PUBLIC        IAP_ADDRL
  C:AD0DH         PUBLIC        _function_negative
  C:B54FH         PUBLIC        _NRF_channel
  B:0023H.0       PUBLIC        s2
  X:00A5H         PUBLIC        t1
  B:00C0H.6       PUBLIC        RS
  B:0023H.1       PUBLIC        s3
BL51 BANKED LINKER/LOCATER V6.22                                                      04/29/2017  11:23:28  PAGE 10


  X:00A6H         PUBLIC        t2
  B:00B0H.4       PUBLIC        buzzer
  C:003EH         PUBLIC        main
  D:0008H         PUBLIC        RC_TX_state
  B:0023H.2       PUBLIC        s4
  X:00A7H         PUBLIC        t3
  X:00A8H         PUBLIC        CH1_offset
  B:0023H.3       PUBLIC        s5
  B:0023H.4       PUBLIC        IR_TX
  X:00A9H         PUBLIC        CH_middle_change
  X:00AAH         PUBLIC        CH2_offset
  D:0009H         PUBLIC        adc
  B:0023H.5       PUBLIC        s6
  X:00ABH         PUBLIC        CH3_offset
  X:00ACH         PUBLIC        line
  X:00ADH         PUBLIC        CH4_offset
  B:0023H.6       PUBLIC        first
  C:ADCCH         PUBLIC        _send
  X:00AEH         PUBLIC        mixer_name
  X:00AFH         PUBLIC        sound
  C:B28CH         PUBLIC        _photo
  B:0023H.7       PUBLIC        left
  C:AFBDH         PUBLIC        _write
  X:00B0H         PUBLIC        WW
  B:0024H.0       PUBLIC        connecting
  D:00BBH         PUBLIC        P4SW
  X:00ECH         PUBLIC        auto_speed
  C:002BH         PUBLIC        _EEPROM_clean
  B:0024H.1       PUBLIC        NRF_change
  D:00BCH         PUBLIC        ADC_CONTR
  D:0099H         PUBLIC        SBUF
  D:0087H         PUBLIC        PCON
  C:B52BH         PUBLIC        RX_mode
  X:00EDH         PUBLIC        mixer1_contrary
  X:00EEH         PUBLIC        auto_switch
  X:00EFH         PUBLIC        mixer2_contrary
  X:00F0H         PUBLIC        TEMP_DATA
  C:B537H         PUBLIC        TX_mode
  C:B371H         PUBLIC        _FIFO_write
  X:021CH         PUBLIC        mixer3_contrary
  D:0098H         PUBLIC        SCON
  X:021DH         PUBLIC        mixer4_contrary
  C:6246H         PUBLIC        screen1
  D:0089H         PUBLIC        TMOD
  D:0088H         PUBLIC        TCON
  B:0024H.2       PUBLIC        copy_ready
  C:6646H         PUBLIC        screen2
  B:0024H.3       PUBLIC        train_output
  X:021EH         PUBLIC        menu
  C:6A46H         PUBLIC        screen3
  X:021FH         PUBLIC        NRF_mapping
  X:0227H         PUBLIC        COPY_DATA
  C:492CH         PUBLIC        font
  B:0024H.4       PUBLIC        down
  B:0024H.5       PUBLIC        ROM_enable
  X:0263H         PUBLIC        line_1
  C:B457H         PUBLIC        _move_cursor
BL51 BANKED LINKER/LOCATER V6.22                                                      04/29/2017  11:23:28  PAGE 11


  X:0264H         PUBLIC        auto_value
  X:0266H         PUBLIC        line_2
  B:0024H.6       PUBLIC        star
  C:9DF5H         PUBLIC        _function_mapping
  X:0267H         PUBLIC        out_control_data
  X:0277H         PUBLIC        TX_power
  X:0278H         PUBLIC        clock_set
  X:0279H         PUBLIC        word
  B:0024H.7       PUBLIC        Model_change
  X:0283H         PUBLIC        CH_ratio1
  X:028BH         PUBLIC        PPM_mapping
  X:0293H         PUBLIC        CH_ratio2
  X:029BH         PUBLIC        out_control
  X:02A3H         PUBLIC        hour
  B:0025H.0       PUBLIC        flag_20ms
  B:0025H.1       PUBLIC        decrease
  D:008EH         PUBLIC        AUXR
  C:A607H         PUBLIC        device_connect
  X:02A4H         PUBLIC        auto_mode
  D:00C7H         PUBLIC        IAP_CONTR
  X:02A5H         PUBLIC        CH_negative
  B:0025H.2       PUBLIC        config_change
  C:B4C0H         PUBLIC        _Data_change
  B:00A0H.1       PUBLIC        SB1
  X:02ADH         PUBLIC        s1_press_time
  B:0025H.3       PUBLIC        PPM_OUT
  B:00A0H.3       PUBLIC        SC1
  B:00A0H.2       PUBLIC        SB2
  X:02AEH         PUBLIC        PPMout
  X:02BEH         PUBLIC        s2_press_time
  B:0025H.4       PUBLIC        s1_long_press
  X:02BFH         PUBLIC        menu_1
  B:00A0H.4       PUBLIC        SC2
  C:AF18H         PUBLIC        _EEPROM_read
  X:02C0H         PUBLIC        s3_press_time
  B:0025H.5       PUBLIC        s2_long_press
  X:02C1H         PUBLIC        menu_2
  X:02C2H         PUBLIC        s4_press_time
  B:0025H.6       PUBLIC        s3_long_press
  B:00A8H.3       PUBLIC        ET1
  C:A6DDH         PUBLIC        DATA_read1
  X:02C3H         PUBLIC        s5_press_time
  B:0025H.7       PUBLIC        s4_long_press
  B:0026H.0       PUBLIC        calibration_ok
  C:9A25H         PUBLIC        _display_mapping
  C:8E86H         PUBLIC        DATA_read2
  X:02C4H         PUBLIC        s6_press_time
  B:0026H.1       PUBLIC        s5_long_press
  D:008CH         PUBLIC        TH0
  B:0026H.2       PUBLIC        s6_long_press
  C:4B96H         PUBLIC        font_big
  D:008DH         PUBLIC        TH1
  X:02C5H         PUBLIC        t_hopping
  C:5196H         PUBLIC        hzk
  B:00A8H.2       PUBLIC        EX1
  X:02C6H         PUBLIC        LCD_light
  B:0026H.3       PUBLIC        increase
BL51 BANKED LINKER/LOCATER V6.22                                                      04/29/2017  11:23:28  PAGE 12


  X:02C7H         PUBLIC        value0
  D:008AH         PUBLIC        TL0
  C:0003H         PUBLIC        LCD_ON
  X:02C9H         PUBLIC        PPM_updata
  X:02CAH         PUBLIC        value1
  D:008BH         PUBLIC        TL1
  C:A062H         PUBLIC        _LCD
  C:B4F3H         PUBLIC        _delay_ms
  B:0020H.0       PUBLIC        D_0
  X:02CCH         PUBLIC        auto_end
  B:0020H.1       PUBLIC        D_1
  C:76CEH         PUBLIC        name1
  X:02CDH         PUBLIC        t_check
  B:0020H.2       PUBLIC        D_2
  C:7716H         PUBLIC        name2
  C:B33AH         PUBLIC        _Xdata_check
  C:B302H         PUBLIC        _FIFO_read2
  X:02CEH         PUBLIC        timer2
  B:0026H.4       PUBLIC        event1
  B:0020H.3       PUBLIC        D_3
  D:00C2H         PUBLIC        IAP_DATA
  B:0088H.4       PUBLIC        TR0
  X:02CFH         PUBLIC        operation
  X:02DFH         PUBLIC        timer3
  X:02E0H         PUBLIC        battery_voltage
  B:0026H.5       PUBLIC        event2
  B:0020H.4       PUBLIC        D_4
  B:0088H.6       PUBLIC        TR1
  X:02E2H         PUBLIC        auto_star
  B:0026H.6       PUBLIC        event3
  B:0020H.5       PUBLIC        D_5
  B:00C0H.5       PUBLIC        SDA
  C:775EH         PUBLIC        name5
  C:AEA9H         PUBLIC        _EEPROM_write
  B:0026H.7       PUBLIC        mixer1
  B:0020H.6       PUBLIC        D_6
  C:77A6H         PUBLIC        name6
  C:B408H         PUBLIC        _Model_adress
  B:0027H.0       PUBLIC        mixer2
  X:02E3H         PUBLIC        adc1
  B:0020H.7       PUBLIC        D_7
  B:0080H.4       PUBLIC        MDI
  B:00C0H.4       PUBLIC        CLK
  B:0027H.1       PUBLIC        mixer3
  X:02E5H         PUBLIC        adc2
  B:0027H.2       PUBLIC        mixer4
  B:0027H.3       PUBLIC        key_time
  X:02E7H         PUBLIC        adc3
  X:02E9H         PUBLIC        Model_current
  D:009DH         PUBLIC        P1ASF
  C:B51EH         PUBLIC        _REG_read
  X:02EAH         PUBLIC        adc4
  C:B125H         PUBLIC        _write0
  C:AA81H         PUBLIC        _send2
  C:B3E1H         PUBLIC        _location
  C:A876H         PUBLIC        DATA_save1
  X:02ECH         PUBLIC        CH_middle
BL51 BANKED LINKER/LOCATER V6.22                                                      04/29/2017  11:23:28  PAGE 13


  C:B0DAH         PUBLIC        _photo2
  C:B17DH         PUBLIC        _send3
  C:8AACH         PUBLIC        DATA_save2
  X:02F4H         PUBLIC        Model_target
  B:0080H.2       PUBLIC        MDO
  D:00BEH         PUBLIC        ADC_RESL
  X:02F5H         PUBLIC        auto_min
  X:02F7H         PUBLIC        FUCK_sum
  X:02F8H         PUBLIC        Model_number
  B:0080H.1       PUBLIC        SCK
  D:00B7H         PUBLIC        IPH
  X:02F9H         PUBLIC        mixer1_same
  X:02FAH         PUBLIC        CH1_min
  X:02FCH         PUBLIC        mixer2_same
  X:02FDH         PUBLIC        auto_max
  X:02FFH         PUBLIC        CH2_min
  X:0301H         PUBLIC        iflycount
  X:0302H         PUBLIC        mixer3_same
  X:0303H         PUBLIC        CH3_min
  X:0305H         PUBLIC        CH1_max
  X:0307H         PUBLIC        Battery_1s
  B:0080H.5       PUBLIC        CSN
  X:0308H         PUBLIC        mixer4_same
  X:0309H         PUBLIC        CH4_min
  X:030BH         PUBLIC        CH2_max
  B:0027H.4       PUBLIC        up
  B:0027H.5       PUBLIC        PPM_IN
  C:B3A3H         PUBLIC        _FIFO_write2
  X:030DH         PUBLIC        CH3_max
  X:030FH         PUBLIC        receive
  X:0310H         PUBLIC        CH4_max
  X:0312H         PUBLIC        IN_mapping
  X:031AH         PUBLIC        tt
  D:009CH         PUBLIC        BRT
  C:B255H         PUBLIC        _CH_calib
  X:031BH         PUBLIC        PPM_DATA
  X:032BH         PUBLIC        tx_data
  X:0336H         PUBLIC        flydata
  B:00C0H.7       PUBLIC        KEY
  C:B00AH         PUBLIC        LCD_init
  X:0337H         PUBLIC        rx
  X:0342H         PUBLIC        address
  C:B1EEH         PUBLIC        _SPI
  X:0347H         PUBLIC        tx_order
  X:0352H         PUBLIC        NRF_buff
  B:0080H.3       PUBLIC        IRQ
  C:B50DH         PUBLIC        _REG_write
  B:00B0H.3       PUBLIC        PPM
  C:AF3DH         PUBLIC        initial
  B:0027H.6       PUBLIC        Data_model
  C:6E46H         PUBLIC        bmp0
  C:A43FH         PUBLIC        _display_switch
  C:6FAEH         PUBLIC        bmp1
  C:A0B7H         PUBLIC        _write_num100
  X:0362H         PUBLIC        tx_buff
  B:0027H.7       PUBLIC        calibration_action
  D:00C6H         PUBLIC        IAP_TRIG
BL51 BANKED LINKER/LOCATER V6.22                                                      04/29/2017  11:23:28  PAGE 14


  C:72CEH         PUBLIC        bmp2
  X:036DH         PUBLIC        PPM_buff
  C:703EH         PUBLIC        bmp3
  X:037DH         PUBLIC        NRF_error
  B:0028H.0       PUBLIC        not_get
  C:709EH         PUBLIC        bmp4
  C:B55BH         PUBLIC        _RX_address
  C:7156H         PUBLIC        bmp5
  B:0028H.1       PUBLIC        RC_check
  C:721EH         PUBLIC        bmp6
  C:B429H         PUBLIC        _NRF_power
  C:B4AFH         PUBLIC        _TX_address
  C:A9C2H         PUBLIC        Model_data_reset
  C:729EH         PUBLIC        bmp7
  C:72AAH         PUBLIC        bmp8
  C:77EEH         PUBLIC        ET0_isr
  X:037EH         PUBLIC        hopping
  B:0080H.7       PUBLIC        RST
  C:72B6H         PUBLIC        bmp9
  C:A1E6H         PUBLIC        ET1_isr
  X:0383H         PUBLIC        address_0
  B:0028H.2       PUBLIC        recover
  B:0028H.3       PUBLIC        Model_reset
  C:A316H         PUBLIC        _throttle
  B:0028H.4       PUBLIC        key1
  B:0090H.1       PUBLIC        K1
  B:0028H.5       PUBLIC        key2
  B:0090H.2       PUBLIC        K2
  B:00D8H.0       PUBLIC        CCF0
  C:B477H         PUBLIC        NRF_init
  X:0388H         PUBLIC        t_adc
  B:0028H.6       PUBLIC        key3
  B:00B0H.7       PUBLIC        K3
  B:00D8H.1       PUBLIC        CCF1
  -------         PROC          DELAY1MS
  -------         DO            
  D:0007H         SYMBOL        i
  D:0006H         SYMBOL        j
  -------         ENDDO         
  C:B565H         LINE#         262
  C:B565H         LINE#         263
  C:B565H         LINE#         265
  C:B567H         LINE#         266
  C:B569H         LINE#         268
  C:B569H         LINE#         269
  C:B56BH         LINE#         270
  C:B56DH         LINE#         271
  -------         ENDPROC       DELAY1MS
  C:B4EFH         SYMBOL        L?1770
  -------         PROC          L?1769
  -------         ENDPROC       L?1769
  C:B4EFH         SYMBOL        L?1770
  -------         PROC          _DELAY_MS
  D:0004H         SYMBOL        i
  C:B4F3H         LINE#         273
  C:B4F7H         LINE#         274
  C:B4F7H         LINE#         275
BL51 BANKED LINKER/LOCATER V6.22                                                      04/29/2017  11:23:28  PAGE 15


  C:B501H         LINE#         276
  C:B506H         LINE#         277
  -------         ENDPROC       _DELAY_MS
  C:B4BBH         SYMBOL        L?1746
  -------         PROC          L?1745
  -------         ENDPROC       L?1745
  C:B4BBH         SYMBOL        L?1746
  -------         PROC          _DATA_CHANGE
  D:0007H         SYMBOL        m
  C:B4C0H         LINE#         282
  C:B4C0H         LINE#         283
  C:B4C0H         LINE#         284
  C:B4C6H         LINE#         285
  C:B4CCH         LINE#         287
  C:B4D3H         LINE#         289
  -------         ENDPROC       _DATA_CHANGE
  -------         PROC          MODEL_DATA_RESET
  C:A9C2H         LINE#         291
  C:A9C2H         LINE#         292
  C:A9C2H         LINE#         293
  C:A9C7H         LINE#         294
  C:A9C9H         LINE#         295
  C:A9CBH         LINE#         296
  C:A9CDH         LINE#         297
  C:A9CFH         LINE#         298
  C:A9D1H         LINE#         299
  C:A9D3H         LINE#         300
  C:A9D5H         LINE#         301
  C:A9DBH         LINE#         302
  C:A9DDH         LINE#         303
  C:A9DFH         LINE#         304
  C:A9E1H         LINE#         305
  C:A9E3H         LINE#         306
  C:A9E5H         LINE#         307
  C:A9E7H         LINE#         308
  C:A9E9H         LINE#         309
  C:A9EDH         LINE#         310
  C:A9EFH         LINE#         311
  C:A9F1H         LINE#         312
  C:A9F3H         LINE#         313
  C:A9F5H         LINE#         314
  C:A9F7H         LINE#         315
  C:A9F9H         LINE#         316
  C:A9FBH         LINE#         317
  C:AA00H         LINE#         318
  C:AA02H         LINE#         319
  C:AA04H         LINE#         320
  C:AA06H         LINE#         321
  C:AA08H         LINE#         322
  C:AA0AH         LINE#         323
  C:AA0CH         LINE#         324
  C:AA0EH         LINE#         325
  C:AA10H         LINE#         326
  C:AA12H         LINE#         327
  C:AA14H         LINE#         328
  C:AA16H         LINE#         329
  C:AA1BH         LINE#         330
BL51 BANKED LINKER/LOCATER V6.22                                                      04/29/2017  11:23:28  PAGE 16


  C:AA20H         LINE#         331
  C:AA26H         LINE#         332
  C:AA2BH         LINE#         333
  C:AA2FH         LINE#         334
  C:AA34H         LINE#         335
  C:AA3AH         LINE#         336
  C:AA3FH         LINE#         338
  C:AA43H         LINE#         339
  C:AA46H         LINE#         340
  C:AA49H         LINE#         341
  C:AA4CH         LINE#         342
  C:AA4FH         LINE#         343
  C:AA52H         LINE#         344
  C:AA55H         LINE#         345
  C:AA58H         LINE#         346
  -------         ENDPROC       MODEL_DATA_RESET
  -------         PROC          L?1776
  -------         ENDPROC       L?1776
  -------         PROC          _MODEL_ADRESS
  D:0007H         SYMBOL        num
  C:B408H         LINE#         348
  C:B408H         LINE#         349
  C:B408H         LINE#         350
  C:B40EH         LINE#         351
  C:B416H         LINE#         352
  C:B41EH         LINE#         353
  C:B426H         LINE#         354
  C:B428H         LINE#         355
  C:B428H         LINE#         356
  -------         ENDPROC       _MODEL_ADRESS
  -------         PROC          MODEL_COPY
  -------         DO            
  D:0006H         SYMBOL        i
  X:0395H         SYMBOL        base
  -------         ENDDO         
  C:ABF7H         LINE#         358
  C:ABF7H         LINE#         359
  C:ABF7H         LINE#         361
  C:AC07H         LINE#         363
  C:AC0AH         LINE#         364
  C:AC0AH         LINE#         365
  C:AC2EH         LINE#         366
  C:AC39H         LINE#         369
  C:AC49H         LINE#         371
  C:AC4CH         LINE#         372
  C:AC4CH         LINE#         373
  C:AC70H         LINE#         374
  C:AC7BH         LINE#         376
  -------         ENDPROC       MODEL_COPY
  C:AEEFH         SYMBOL        L?1717
  C:AF0AH         SYMBOL        L?1718
  C:AF13H         SYMBOL        L?1719
  C:AF14H         SYMBOL        L?1720
  -------         PROC          L?1716
  -------         ENDPROC       L?1716
  C:AEEFH         SYMBOL        L?1717
  C:AF0AH         SYMBOL        L?1718
BL51 BANKED LINKER/LOCATER V6.22                                                      04/29/2017  11:23:28  PAGE 17


  C:AF13H         SYMBOL        L?1719
  C:AF14H         SYMBOL        L?1720
  -------         PROC          _EEPROM_READ
  D:0007H         SYMBOL        address_H
  D:0004H         SYMBOL        address_L
  C:AF18H         LINE#         378
  C:AF18H         LINE#         379
  C:AF18H         LINE#         380
  C:AF1BH         LINE#         381
  C:AF24H         LINE#         382
  C:AF24H         LINE#         383
  C:AF28H         LINE#         384
  C:AF2CH         LINE#         385
  C:AF2EH         LINE#         387
  C:AF2EH         LINE#         388
  C:AF30H         LINE#         389
  C:AF34H         LINE#         390
  C:AF34H         LINE#         392
  C:AF37H         LINE#         393
  C:AF3AH         LINE#         394
  C:AF3CH         LINE#         395
  -------         ENDPROC       _EEPROM_READ
  C:AE80H         SYMBOL        L?1712
  C:AE9BH         SYMBOL        L?1713
  C:AEA4H         SYMBOL        L?1714
  C:AEA5H         SYMBOL        L?1715
  -------         PROC          L?1711
  -------         ENDPROC       L?1711
  C:AE80H         SYMBOL        L?1712
  C:AE9BH         SYMBOL        L?1713
  C:AEA4H         SYMBOL        L?1714
  C:AEA5H         SYMBOL        L?1715
  -------         PROC          _EEPROM_WRITE
  D:0007H         SYMBOL        address_H
  D:0004H         SYMBOL        address_L
  D:0003H         SYMBOL        byte
  C:AEA9H         LINE#         397
  C:AEA9H         LINE#         398
  C:AEA9H         LINE#         399
  C:AEACH         LINE#         400
  C:AEB0H         LINE#         401
  C:AEB9H         LINE#         402
  C:AEB9H         LINE#         403
  C:AEBDH         LINE#         404
  C:AEC1H         LINE#         405
  C:AEC3H         LINE#         407
  C:AEC3H         LINE#         408
  C:AEC5H         LINE#         409
  C:AEC7H         LINE#         410
  C:AEC7H         LINE#         411
  C:AEC9H         LINE#         412
  C:AECDH         LINE#         413
  C:AED0H         LINE#         414
  C:AED3H         LINE#         416
  -------         ENDPROC       _EEPROM_WRITE
  C:0026H         SYMBOL        L?1774
  -------         PROC          L?1773
BL51 BANKED LINKER/LOCATER V6.22                                                      04/29/2017  11:23:28  PAGE 18


  -------         ENDPROC       L?1773
  C:0026H         SYMBOL        L?1774
  -------         PROC          _EEPROM_CLEAN
  D:0007H         SYMBOL        address_H
  C:002BH         LINE#         418
  C:002BH         LINE#         419
  C:002BH         LINE#         420
  C:002EH         LINE#         421
  C:0030H         LINE#         422
  C:0033H         LINE#         423
  C:0036H         LINE#         424
  C:0039H         LINE#         425
  -------         ENDPROC       _EEPROM_CLEAN
  -------         PROC          DATA_READ1
  C:A6DDH         LINE#         427
  C:A6DDH         LINE#         428
  C:A6DDH         LINE#         429
  C:A6E0H         LINE#         430
  C:A6ECH         LINE#         431
  C:A6ECH         LINE#         432
  C:A6EEH         LINE#         435
  C:A6F2H         LINE#         437
  C:A6F5H         LINE#         439
  C:A6F5H         LINE#         441
  C:A701H         LINE#         442
  C:A707H         LINE#         443
  C:A70DH         LINE#         444
  C:A713H         LINE#         445
  C:A719H         LINE#         446
  C:A719H         LINE#         447
  C:A71FH         LINE#         449
  C:A725H         LINE#         450
  C:A725H         LINE#         451
  C:A725H         LINE#         452
  C:A725H         LINE#         453
  C:A725H         LINE#         454
  C:A72BH         LINE#         455
  C:A72BH         LINE#         456
  C:A72BH         LINE#         457
  C:A72BH         LINE#         458
  C:A72BH         LINE#         460
  C:A731H         LINE#         461
  C:A737H         LINE#         462
  C:A73FH         LINE#         474
  C:A749H         LINE#         475
  C:A749H         LINE#         476
  C:A749H         LINE#         477
  C:A749H         LINE#         478
  C:A749H         LINE#         479
  C:A749H         LINE#         480
  C:A749H         LINE#         481
  C:A749H         LINE#         483
  C:A74FH         LINE#         484
  C:A74FH         LINE#         485
  C:A74FH         LINE#         486
  C:A74FH         LINE#         487
  C:A74FH         LINE#         488
BL51 BANKED LINKER/LOCATER V6.22                                                      04/29/2017  11:23:28  PAGE 19


  C:A74FH         LINE#         489
  C:A74FH         LINE#         490
  C:A74FH         LINE#         492
  C:A755H         LINE#         493
  C:A75DH         LINE#         494
  C:A76BH         LINE#         495
  C:A773H         LINE#         496
  C:A77EH         LINE#         498
  C:A787H         LINE#         499
  C:A78DH         LINE#         500
  C:A793H         LINE#         501
  C:A799H         LINE#         502
  C:A79FH         LINE#         503
  C:A7A7H         LINE#         505
  C:A7A7H         LINE#         508
  C:A7AAH         LINE#         509
  -------         ENDPROC       DATA_READ1
  -------         PROC          DATA_SAVE1
  C:A876H         LINE#         512
  C:A876H         LINE#         513
  C:A876H         LINE#         514
  C:A876H         LINE#         515
  C:A879H         LINE#         516
  C:A881H         LINE#         519
  C:A889H         LINE#         520
  C:A88FH         LINE#         521
  C:A895H         LINE#         522
  C:A89BH         LINE#         523
  C:A89EH         LINE#         524
  C:A8A1H         LINE#         525
  C:A8A7H         LINE#         527
  C:A8AAH         LINE#         528
  C:A8AAH         LINE#         529
  C:A8AAH         LINE#         530
  C:A8AAH         LINE#         531
  C:A8ADH         LINE#         532
  C:A8B0H         LINE#         533
  C:A8B0H         LINE#         534
  C:A8B0H         LINE#         535
  C:A8B0H         LINE#         536
  C:A8B3H         LINE#         538
  C:A8B9H         LINE#         539
  C:A8BFH         LINE#         540
  C:A8C5H         LINE#         554
  C:A8CAH         LINE#         555
  C:A8CAH         LINE#         556
  C:A8CAH         LINE#         557
  C:A8CAH         LINE#         558
  C:A8CAH         LINE#         559
  C:A8CAH         LINE#         560
  C:A8CAH         LINE#         561
  C:A8CDH         LINE#         563
  C:A8D1H         LINE#         564
  C:A8D1H         LINE#         565
  C:A8D1H         LINE#         566
  C:A8D1H         LINE#         567
  C:A8D1H         LINE#         568
BL51 BANKED LINKER/LOCATER V6.22                                                      04/29/2017  11:23:28  PAGE 20


  C:A8D1H         LINE#         569
  C:A8D1H         LINE#         570
  C:A8D4H         LINE#         572
  C:A8DAH         LINE#         574
  C:A8E5H         LINE#         575
  C:A8EBH         LINE#         576
  C:A8F6H         LINE#         577
  C:A901H         LINE#         579
  C:A907H         LINE#         580
  C:A90DH         LINE#         581
  C:A913H         LINE#         582
  C:A919H         LINE#         583
  C:A91FH         LINE#         584
  C:A925H         LINE#         586
  C:A928H         LINE#         587
  -------         ENDPROC       DATA_SAVE1
  -------         PROC          DATA_READ2
  -------         DO            
  X:0395H         SYMBOL        i
  D:0002H         SYMBOL        base
  -------         ENDDO         
  C:8E86H         LINE#         589
  C:8E86H         LINE#         590
  C:8E86H         LINE#         592
  C:8E86H         LINE#         593
  C:8E8DH         LINE#         595
  C:8EACH         LINE#         596
  C:8EACH         LINE#         597
  C:8EAFH         LINE#         598
  C:8EB2H         LINE#         600
  C:8EB2H         LINE#         601
  C:8EC9H         LINE#         602
  C:8EC9H         LINE#         603
  C:8EE0H         LINE#         604
  C:8EF0H         LINE#         607
  C:8EFFH         LINE#         608
  C:8F0EH         LINE#         609
  C:8F1DH         LINE#         610
  C:8F2CH         LINE#         611
  C:8F3BH         LINE#         612
  C:8F4AH         LINE#         613
  C:8F59H         LINE#         614
  C:8F68H         LINE#         615
  C:8F77H         LINE#         616
  C:8F86H         LINE#         617
  C:8F95H         LINE#         618
  C:8FA4H         LINE#         619
  C:8FB3H         LINE#         620
  C:8FC2H         LINE#         621
  C:8FD1H         LINE#         622
  C:8FE0H         LINE#         623
  C:8FEFH         LINE#         624
  C:8FFEH         LINE#         625
  C:900DH         LINE#         626
  C:901CH         LINE#         627
  C:902BH         LINE#         628
  C:903AH         LINE#         629
BL51 BANKED LINKER/LOCATER V6.22                                                      04/29/2017  11:23:28  PAGE 21


  C:9049H         LINE#         630
  C:9058H         LINE#         631
  C:9067H         LINE#         632
  C:9076H         LINE#         633
  C:9085H         LINE#         634
  C:9094H         LINE#         635
  C:90A3H         LINE#         636
  C:90B2H         LINE#         637
  C:90C1H         LINE#         638
  C:90D0H         LINE#         639
  C:90DFH         LINE#         640
  C:90EEH         LINE#         641
  C:90FDH         LINE#         642
  C:910CH         LINE#         643
  C:911BH         LINE#         644
  C:912AH         LINE#         645
  C:9139H         LINE#         646
  C:9148H         LINE#         647
  C:9157H         LINE#         648
  C:9166H         LINE#         649
  C:9175H         LINE#         650
  C:9184H         LINE#         652
  C:9193H         LINE#         653
  C:91A2H         LINE#         654
  C:91B1H         LINE#         655
  C:91C0H         LINE#         656
  C:91CFH         LINE#         657
  C:91DEH         LINE#         658
  C:91EDH         LINE#         659
  C:91FCH         LINE#         661
  C:91FCH         LINE#         663
  C:91FFH         LINE#         664
  -------         ENDPROC       DATA_READ2
  -------         PROC          DATA_SAVE2
  -------         DO            
  X:0395H         SYMBOL        i
  D:0004H         SYMBOL        base
  -------         ENDDO         
  C:8AACH         LINE#         666
  C:8AACH         LINE#         667
  C:8AACH         LINE#         669
  C:8AACH         LINE#         670
  C:8AB3H         LINE#         671
  C:8AB8H         LINE#         674
  C:8AC5H         LINE#         675
  C:8AD2H         LINE#         676
  C:8AE3H         LINE#         677
  C:8AF4H         LINE#         678
  C:8B05H         LINE#         679
  C:8B16H         LINE#         680
  C:8B27H         LINE#         681
  C:8B38H         LINE#         682
  C:8B49H         LINE#         683
  C:8B5AH         LINE#         684
  C:8B6BH         LINE#         685
  C:8B7CH         LINE#         686
  C:8B8DH         LINE#         687
BL51 BANKED LINKER/LOCATER V6.22                                                      04/29/2017  11:23:28  PAGE 22


  C:8B9EH         LINE#         688
  C:8BAFH         LINE#         689
  C:8BC0H         LINE#         690
  C:8BD1H         LINE#         691
  C:8BE2H         LINE#         692
  C:8BF3H         LINE#         693
  C:8C04H         LINE#         694
  C:8C15H         LINE#         695
  C:8C26H         LINE#         696
  C:8C37H         LINE#         697
  C:8C48H         LINE#         698
  C:8C59H         LINE#         699
  C:8C6AH         LINE#         700
  C:8C7BH         LINE#         701
  C:8C8CH         LINE#         702
  C:8C9DH         LINE#         703
  C:8CAEH         LINE#         704
  C:8CBFH         LINE#         705
  C:8CD0H         LINE#         706
  C:8CE1H         LINE#         707
  C:8CF2H         LINE#         708
  C:8D03H         LINE#         709
  C:8D14H         LINE#         710
  C:8D25H         LINE#         711
  C:8D36H         LINE#         712
  C:8D47H         LINE#         713
  C:8D58H         LINE#         714
  C:8D69H         LINE#         715
  C:8D7AH         LINE#         716
  C:8D8BH         LINE#         717
  C:8D9CH         LINE#         718
  C:8DADH         LINE#         719
  C:8DBEH         LINE#         721
  C:8DCFH         LINE#         722
  C:8DE0H         LINE#         723
  C:8DF1H         LINE#         724
  C:8E02H         LINE#         725
  C:8E13H         LINE#         726
  C:8E24H         LINE#         727
  C:8E35H         LINE#         728
  C:8E46H         LINE#         730
  C:8E4DH         LINE#         731
  C:8E4DH         LINE#         732
  C:8E65H         LINE#         733
  C:8E82H         LINE#         734
  C:8E85H         LINE#         735
  -------         ENDPROC       DATA_SAVE2
  C:B1EAH         SYMBOL        L?1748
  -------         PROC          L?1747
  -------         ENDPROC       L?1747
  C:B1EAH         SYMBOL        L?1748
  -------         PROC          _SPI
  D:0007H         SYMBOL        byte
  -------         DO            
  D:0006H         SYMBOL        i
  -------         ENDDO         
  C:B1EEH         LINE#         739
BL51 BANKED LINKER/LOCATER V6.22                                                      04/29/2017  11:23:28  PAGE 23


  C:B1EEH         LINE#         740
  C:B1EEH         LINE#         742
  C:B1F0H         LINE#         743
  C:B1F0H         LINE#         744
  C:B1F4H         LINE#         745
  C:B1F6H         LINE#         746
  C:B1FAH         LINE#         747
  C:B200H         LINE#         748
  C:B202H         LINE#         749
  C:B207H         LINE#         750
  C:B207H         LINE#         751
  -------         ENDPROC       _SPI
  -------         PROC          L?1777
  -------         ENDPROC       L?1777
  -------         PROC          _REG_WRITE
  D:0007H         SYMBOL        address
  D:0005H         SYMBOL        command
  C:B50DH         LINE#         753
  C:B50DH         LINE#         754
  C:B50DH         LINE#         755
  C:B50FH         LINE#         756
  C:B516H         LINE#         757
  C:B51BH         LINE#         758
  C:B51DH         LINE#         759
  -------         ENDPROC       _REG_WRITE
  -------         PROC          _REG_READ
  D:0007H         SYMBOL        address
  -------         DO            
  D:0007H         SYMBOL        m
  -------         ENDDO         
  C:B51EH         LINE#         761
  C:B51EH         LINE#         762
  C:B51EH         LINE#         764
  C:B520H         LINE#         765
  C:B523H         LINE#         766
  C:B528H         LINE#         767
  C:B52AH         LINE#         768
  C:B52AH         LINE#         769
  -------         ENDPROC       _REG_READ
  -------         PROC          _FIFO_WRITE
  X:0396H         SYMBOL        DATA_OUT
  D:0005H         SYMBOL        lengh
  -------         DO            
  D:0004H         SYMBOL        i
  -------         ENDDO         
  C:B371H         LINE#         771
  C:B37CH         LINE#         772
  C:B37CH         LINE#         774
  C:B37EH         LINE#         775
  C:B383H         LINE#         776
  C:B38AH         LINE#         777
  C:B3A0H         LINE#         778
  C:B3A2H         LINE#         779
  -------         ENDPROC       _FIFO_WRITE
  -------         PROC          _FIFO_WRITE2
  X:038FH         SYMBOL        DATA_OUT
  D:0005H         SYMBOL        lengh
BL51 BANKED LINKER/LOCATER V6.22                                                      04/29/2017  11:23:28  PAGE 24


  -------         DO            
  D:0004H         SYMBOL        i
  -------         ENDDO         
  C:B3A3H         LINE#         780
  C:B3AEH         LINE#         781
  C:B3AEH         LINE#         783
  C:B3B0H         LINE#         784
  C:B3B5H         LINE#         785
  C:B3BCH         LINE#         786
  C:B3D2H         LINE#         787
  C:B3D4H         LINE#         788
  -------         ENDPROC       _FIFO_WRITE2
  -------         PROC          _FIFO_READ
  X:0396H         SYMBOL        DATA_IN
  D:0005H         SYMBOL        lengh
  -------         DO            
  D:0004H         SYMBOL        i
  -------         ENDDO         
  C:B2CAH         LINE#         789
  C:B2D5H         LINE#         790
  C:B2D5H         LINE#         792
  C:B2D7H         LINE#         793
  C:B2DCH         LINE#         794
  C:B2E3H         LINE#         795
  C:B2FFH         LINE#         796
  C:B301H         LINE#         797
  -------         ENDPROC       _FIFO_READ
  -------         PROC          _FIFO_READ2
  X:038FH         SYMBOL        DATA_IN
  D:0005H         SYMBOL        lengh
  -------         DO            
  D:0004H         SYMBOL        i
  -------         ENDDO         
  C:B302H         LINE#         798
  C:B30DH         LINE#         799
  C:B30DH         LINE#         801
  C:B30FH         LINE#         802
  C:B314H         LINE#         803
  C:B31BH         LINE#         804
  C:B337H         LINE#         805
  C:B339H         LINE#         806
  -------         ENDPROC       _FIFO_READ2
  C:B4A9H         SYMBOL        L?1767
  -------         PROC          L?1766
  -------         ENDPROC       L?1766
  C:B4A9H         SYMBOL        L?1767
  -------         PROC          _TX_ADDRESS
  D:0001H         SYMBOL        DATA_IN
  C:B4AFH         LINE#         807
  C:B4AFH         LINE#         808
  C:B4AFH         LINE#         809
  C:B4B1H         LINE#         810
  C:B4B3H         LINE#         811
  C:B4B3H         LINE#         812
  C:B4B3H         LINE#         813
  C:B4B3H         LINE#         814
  C:B4B3H         LINE#         815
BL51 BANKED LINKER/LOCATER V6.22                                                      04/29/2017  11:23:28  PAGE 25


  C:B4B6H         LINE#         816
  C:B4B8H         LINE#         817
  -------         ENDPROC       _TX_ADDRESS
  -------         PROC          _RX_ADDRESS
  D:0001H         SYMBOL        DATA_IN
  C:B55BH         LINE#         818
  C:B55BH         LINE#         819
  C:B55BH         LINE#         820
  C:B55DH         LINE#         821
  C:B55FH         LINE#         822
  C:B55FH         LINE#         823
  C:B55FH         LINE#         824
  C:B55FH         LINE#         825
  C:B55FH         LINE#         826
  C:B562H         LINE#         827
  C:B564H         LINE#         828
  -------         ENDPROC       _RX_ADDRESS
  -------         PROC          RX_MODE
  C:B52BH         LINE#         829
  C:B52BH         LINE#         830
  C:B52BH         LINE#         831
  C:B52DH         LINE#         832
  C:B534H         LINE#         833
  C:B536H         LINE#         834
  -------         ENDPROC       RX_MODE
  -------         PROC          TX_MODE
  C:B537H         LINE#         836
  C:B537H         LINE#         837
  C:B537H         LINE#         838
  C:B539H         LINE#         839
  C:B540H         LINE#         840
  C:B542H         LINE#         841
  -------         ENDPROC       TX_MODE
  -------         PROC          _NRF_POWER
  D:0007H         SYMBOL        P
  C:B429H         LINE#         843
  C:B429H         LINE#         844
  C:B429H         LINE#         845
  C:B42BH         LINE#         846
  C:B433H         LINE#         847
  C:B43BH         LINE#         848
  C:B443H         LINE#         849
  C:B44DH         LINE#         850
  C:B44FH         LINE#         851
  -------         ENDPROC       _NRF_POWER
  -------         PROC          _NRF_SIZE
  D:0007H         SYMBOL        l
  C:B543H         LINE#         853
  C:B543H         LINE#         854
  C:B543H         LINE#         855
  C:B545H         LINE#         856
  C:B54CH         LINE#         857
  C:B54EH         LINE#         858
  -------         ENDPROC       _NRF_SIZE
  -------         PROC          _NRF_CHANNEL
  D:0007H         SYMBOL        c
  C:B54FH         LINE#         860
BL51 BANKED LINKER/LOCATER V6.22                                                      04/29/2017  11:23:28  PAGE 26


  C:B54FH         LINE#         861
  C:B54FH         LINE#         862
  C:B551H         LINE#         863
  C:B558H         LINE#         864
  C:B55AH         LINE#         865
  -------         ENDPROC       _NRF_CHANNEL
  -------         PROC          NRF_INIT
  C:B477H         LINE#         868
  C:B477H         LINE#         869
  C:B477H         LINE#         870
  C:B479H         LINE#         871
  C:B47BH         LINE#         872
  C:B482H         LINE#         873
  C:B488H         LINE#         874
  C:B48EH         LINE#         875
  C:B491H         LINE#         876
  C:B496H         LINE#         877
  C:B496H         LINE#         878
  C:B496H         LINE#         879
  C:B499H         LINE#         880
  -------         ENDPROC       NRF_INIT
  -------         PROC          NRF_TEST
  -------         DO            
  X:0395H         SYMBOL        reset_err
  -------         ENDDO         
  C:A929H         LINE#         883
  C:A929H         LINE#         884
  C:A929H         LINE#         885
  C:A92EH         LINE#         886
  C:A930H         LINE#         887
  C:A932H         LINE#         888
  C:A934H         LINE#         890
  C:A941H         LINE#         891
  C:A946H         LINE#         893
  C:A948H         LINE#         895
  C:A94AH         LINE#         896
  C:A94FH         LINE#         898
  C:A960H         LINE#         899
  C:A962H         LINE#         901
  C:A969H         LINE#         902
  C:A96EH         LINE#         903
  C:A974H         LINE#         905
  C:A97DH         LINE#         906
  C:A97FH         LINE#         908
  C:A986H         LINE#         910
  C:A988H         LINE#         912
  C:A999H         LINE#         913
  C:A99BH         LINE#         915
  C:A9A5H         LINE#         917
  C:A9A5H         LINE#         918
  C:A9A5H         LINE#         919
  C:A9A5H         LINE#         920
  C:A9A7H         LINE#         922
  C:A9BBH         LINE#         924
  -------         ENDPROC       NRF_TEST
  -------         PROC          DEVICE_CONNECT
  -------         DO            
BL51 BANKED LINKER/LOCATER V6.22                                                      04/29/2017  11:23:28  PAGE 27


  X:0395H         SYMBOL        n
  -------         ENDDO         
  C:A607H         LINE#         927
  C:A607H         LINE#         928
  C:A607H         LINE#         931
  C:A609H         LINE#         933
  C:A60FH         LINE#         934
  C:A617H         LINE#         935
  C:A61FH         LINE#         936
  C:A627H         LINE#         937
  C:A62FH         LINE#         938
  C:A637H         LINE#         939
  C:A63FH         LINE#         940
  C:A647H         LINE#         941
  C:A64FH         LINE#         942
  C:A657H         LINE#         943
  C:A65FH         LINE#         945
  C:A664H         LINE#         946
  C:A669H         LINE#         947
  C:A66EH         LINE#         948
  C:A677H         LINE#         949
  C:A67AH         LINE#         951
  C:A67EH         LINE#         952
  C:A684H         LINE#         953
  C:A684H         LINE#         954
  C:A687H         LINE#         955
  C:A692H         LINE#         956
  C:A695H         LINE#         957
  C:A698H         LINE#         959
  C:A698H         LINE#         960
  C:A698H         LINE#         961
  C:A69BH         LINE#         962
  C:A69EH         LINE#         963
  C:A69EH         LINE#         964
  C:A6A9H         LINE#         965
  C:A6A9H         LINE#         966
  C:A6ACH         LINE#         967
  C:A6AEH         LINE#         968
  C:A6BAH         LINE#         969
  C:A6BAH         LINE#         970
  C:A6BEH         LINE#         971
  C:A6BEH         LINE#         972
  C:A6BEH         LINE#         974
  C:A6CEH         LINE#         975
  C:A6CEH         LINE#         976
  C:A6CEH         LINE#         979
  C:A6D5H         LINE#         981
  C:A6D7H         LINE#         982
  C:A6D7H         LINE#         983
  C:A6D7H         LINE#         984
  C:A6DAH         LINE#         985
  -------         ENDPROC       DEVICE_CONNECT
  -------         PROC          L?1710
  -------         ENDPROC       L?1710
  -------         PROC          _LCD
  D:0007H         SYMBOL        D
  C:A062H         LINE#         996
BL51 BANKED LINKER/LOCATER V6.22                                                      04/29/2017  11:23:28  PAGE 28


  C:A062H         LINE#         997
  C:A062H         LINE#         998
  C:A064H         LINE#         999
  C:A06CH         LINE#         1000
  C:A074H         LINE#         1001
  C:A07CH         LINE#         1002
  C:A084H         LINE#         1003
  C:A08CH         LINE#         1004
  C:A094H         LINE#         1005
  C:A09CH         LINE#         1006
  C:A0A4H         LINE#         1007
  C:A0A6H         LINE#         1008
  -------         ENDPROC       _LCD
  C:B3DAH         SYMBOL        L?1764
  C:B3DDH         SYMBOL        L?1765
  -------         PROC          L?1763
  -------         ENDPROC       L?1763
  C:B3DAH         SYMBOL        L?1764
  C:B3DDH         SYMBOL        L?1765
  -------         PROC          _LOCATION
  D:0006H         SYMBOL        x
  D:0005H         SYMBOL        y
  C:B3E1H         LINE#         1011
  C:B3E3H         LINE#         1012
  C:B3E3H         LINE#         1013
  C:B3E5H         LINE#         1014
  C:B3ECH         LINE#         1015
  C:B3F6H         LINE#         1016
  C:B3FDH         LINE#         1017
  C:B3FFH         LINE#         1018
  -------         ENDPROC       _LOCATION
  -------         PROC          LCD_ON
  C:0003H         LINE#         1020
  C:0003H         LINE#         1021
  -------         ENDPROC       LCD_ON
  -------         PROC          LCD_OFF
  C:0006H         LINE#         1023
  C:0006H         LINE#         1024
  -------         ENDPROC       LCD_OFF
  -------         PROC          CLEAN
  -------         DO            
  D:0006H         SYMBOL        i
  D:0004H         SYMBOL        j
  -------         ENDDO         
  C:B4D4H         LINE#         1026
  C:B4D4H         LINE#         1027
  C:B4D4H         LINE#         1029
  C:B4D6H         LINE#         1030
  C:B4D6H         LINE#         1031
  C:B4DDH         LINE#         1032
  C:B4DFH         LINE#         1033
  C:B4E9H         LINE#         1034
  C:B4EEH         LINE#         1035
  -------         ENDPROC       CLEAN
  -------         PROC          LCD_INIT
  C:B00AH         LINE#         1037
  C:B00AH         LINE#         1038
BL51 BANKED LINKER/LOCATER V6.22                                                      04/29/2017  11:23:28  PAGE 29


  C:B00AH         LINE#         1039
  C:B00DH         LINE#         1040
  C:B00FH         LINE#         1041
  C:B016H         LINE#         1042
  C:B018H         LINE#         1043
  C:B01FH         LINE#         1044
  C:B021H         LINE#         1045
  C:B026H         LINE#         1046
  C:B02BH         LINE#         1047
  C:B030H         LINE#         1048
  C:B034H         LINE#         1049
  C:B039H         LINE#         1050
  C:B03EH         LINE#         1051
  C:B046H         LINE#         1052
  C:B04BH         LINE#         1053
  C:B050H         LINE#         1054
  C:B055H         LINE#         1055
  C:B05AH         LINE#         1056
  C:B05FH         LINE#         1057
  C:B061H         LINE#         1058
  C:B064H         LINE#         1059
  -------         ENDPROC       LCD_INIT
  C:AD84H         SYMBOL        L?1728
  C:ADACH         SYMBOL        L?1729
  C:ADB8H         SYMBOL        L?1730
  C:ADBDH         SYMBOL        L?1731
  C:ADBFH         SYMBOL        L?1732
  C:ADC5H         SYMBOL        L?1733
  -------         PROC          L?1727
  -------         ENDPROC       L?1727
  C:AD84H         SYMBOL        L?1728
  C:ADACH         SYMBOL        L?1729
  C:ADB8H         SYMBOL        L?1730
  C:ADBDH         SYMBOL        L?1731
  C:ADBFH         SYMBOL        L?1732
  C:ADC5H         SYMBOL        L?1733
  -------         PROC          _SEND
  D:0006H         SYMBOL        k
  -------         DO            
  D:0005H         SYMBOL        j
  -------         ENDDO         
  C:ADCCH         LINE#         1063
  C:ADCEH         LINE#         1064
  C:ADCEH         LINE#         1066
  C:ADD0H         LINE#         1067
  C:ADF4H         LINE#         1068
  -------         ENDPROC       _SEND
  C:AA59H         SYMBOL        L?1735
  -------         PROC          L?1734
  -------         ENDPROC       L?1734
  C:AA59H         SYMBOL        L?1735
  -------         PROC          _SEND2
  D:0004H         SYMBOL        k
  D:0002H         SYMBOL        x
  D:0003H         SYMBOL        y
  -------         DO            
  D:0006H         SYMBOL        i
BL51 BANKED LINKER/LOCATER V6.22                                                      04/29/2017  11:23:28  PAGE 30


  -------         ENDDO         
  C:AA81H         LINE#         1070
  C:AA85H         LINE#         1071
  C:AA85H         LINE#         1073
  C:AA89H         LINE#         1074
  C:AA90H         LINE#         1075
  C:AA92H         LINE#         1076
  C:AA92H         LINE#         1077
  C:AAB1H         LINE#         1078
  C:AAB6H         LINE#         1079
  C:AABEH         LINE#         1080
  C:AAC0H         LINE#         1081
  C:AAC0H         LINE#         1082
  C:AADFH         LINE#         1083
  C:AAE4H         LINE#         1084
  -------         ENDPROC       _SEND2
  C:A537H         SYMBOL        L?1756
  -------         PROC          L?1755
  -------         ENDPROC       L?1755
  C:A537H         SYMBOL        L?1756
  -------         PROC          _SEND2_HEX
  D:0002H         SYMBOL        k
  D:0001H         SYMBOL        x
  D:0003H         SYMBOL        y
  -------         DO            
  D:0004H         SYMBOL        i
  -------         ENDDO         
  C:A53DH         LINE#         1086
  C:A541H         LINE#         1087
  C:A541H         LINE#         1089
  C:A547H         LINE#         1090
  C:A547H         LINE#         1091
  C:A54BH         LINE#         1092
  C:A552H         LINE#         1093
  C:A554H         LINE#         1094
  C:A554H         LINE#         1095
  C:A573H         LINE#         1096
  C:A578H         LINE#         1097
  C:A580H         LINE#         1098
  C:A582H         LINE#         1099
  C:A582H         LINE#         1100
  C:A5A1H         LINE#         1101
  C:A5A7H         LINE#         1102
  C:A5A7H         LINE#         1104
  C:A5A7H         LINE#         1105
  C:A5ABH         LINE#         1106
  C:A5B2H         LINE#         1107
  C:A5B4H         LINE#         1108
  C:A5B4H         LINE#         1109
  C:A5D3H         LINE#         1110
  C:A5D8H         LINE#         1111
  C:A5E0H         LINE#         1112
  C:A5E2H         LINE#         1113
  C:A5E2H         LINE#         1114
  C:A601H         LINE#         1115
  C:A606H         LINE#         1116
  C:A606H         LINE#         1118
BL51 BANKED LINKER/LOCATER V6.22                                                      04/29/2017  11:23:28  PAGE 31


  -------         ENDPROC       _SEND2_HEX
  C:B16CH         SYMBOL        L?1737
  C:B16FH         SYMBOL        L?1738
  C:B175H         SYMBOL        L?1739
  C:B176H         SYMBOL        L?1740
  -------         PROC          L?1736
  -------         ENDPROC       L?1736
  C:B16CH         SYMBOL        L?1737
  C:B16FH         SYMBOL        L?1738
  C:B175H         SYMBOL        L?1739
  C:B176H         SYMBOL        L?1740
  -------         PROC          _SEND3
  D:0001H         SYMBOL        p
  D:0004H         SYMBOL        x
  X:03A0H         SYMBOL        y
  -------         DO            
  D:0006H         SYMBOL        i
  -------         ENDDO         
  C:B17DH         LINE#         1120
  C:B17FH         LINE#         1121
  C:B17FH         LINE#         1123
  C:B189H         LINE#         1124
  C:B18BH         LINE#         1125
  C:B18BH         LINE#         1126
  C:B199H         LINE#         1127
  C:B19EH         LINE#         1128
  C:B1A9H         LINE#         1129
  C:B1ABH         LINE#         1130
  C:B1ABH         LINE#         1131
  C:B1B9H         LINE#         1132
  C:B1BEH         LINE#         1133
  -------         ENDPROC       _SEND3
  -------         PROC          L?1768
  -------         ENDPROC       L?1768
  -------         PROC          _WRITE
  X:0395H         SYMBOL        x
  X:0396H         SYMBOL        y
  -------         DO            
  X:0397H         SYMBOL        d
  -------         ENDDO         
  C:AFBDH         LINE#         1135
  C:AFC5H         LINE#         1136
  C:AFC5H         LINE#         1138
  C:AFD1H         LINE#         1139
  C:AFE2H         LINE#         1140
  C:AFE2H         LINE#         1141
  C:AFF6H         LINE#         1142
  C:B007H         LINE#         1143
  C:B009H         LINE#         1145
  -------         ENDPROC       _WRITE
  C:B11DH         SYMBOL        L?1750
  C:B11FH         SYMBOL        L?1751
  -------         PROC          L?1749
  -------         ENDPROC       L?1749
  C:B11DH         SYMBOL        L?1750
  C:B11FH         SYMBOL        L?1751
  -------         PROC          _WRITE0
BL51 BANKED LINKER/LOCATER V6.22                                                      04/29/2017  11:23:28  PAGE 32


  X:0397H         SYMBOL        d
  X:039AH         SYMBOL        x
  X:039BH         SYMBOL        y
  C:B125H         LINE#         1146
  C:B133H         LINE#         1147
  C:B133H         LINE#         1149
  C:B144H         LINE#         1150
  C:B144H         LINE#         1151
  C:B158H         LINE#         1152
  C:B169H         LINE#         1153
  C:B16BH         LINE#         1155
  -------         ENDPROC       _WRITE0
  -------         PROC          _PHOTO
  D:0001H         SYMBOL        p
  X:0398H         SYMBOL        x
  X:0399H         SYMBOL        y
  X:039AH         SYMBOL        length
  X:039BH         SYMBOL        width
  -------         DO            
  D:0004H         SYMBOL        i
  D:0006H         SYMBOL        j
  -------         ENDDO         
  C:B28CH         LINE#         1170
  C:B291H         LINE#         1171
  C:B291H         LINE#         1173
  C:B29DH         LINE#         1174
  C:B29DH         LINE#         1175
  C:B2A9H         LINE#         1176
  C:B2B5H         LINE#         1177
  C:B2C6H         LINE#         1178
  C:B2C9H         LINE#         1179
  -------         ENDPROC       _PHOTO
  C:B0C6H         SYMBOL        L?1759
  -------         PROC          L?1758
  -------         ENDPROC       L?1758
  C:B0C6H         SYMBOL        L?1759
  -------         PROC          _PHOTO2
  D:0001H         SYMBOL        p
  X:0398H         SYMBOL        x
  X:0399H         SYMBOL        y
  X:039AH         SYMBOL        length
  X:039BH         SYMBOL        width
  -------         DO            
  D:0004H         SYMBOL        i
  D:0006H         SYMBOL        j
  -------         ENDDO         
  C:B0DAH         LINE#         1180
  C:B0DFH         LINE#         1181
  C:B0DFH         LINE#         1183
  C:B0EBH         LINE#         1184
  C:B0EBH         LINE#         1185
  C:B0F7H         LINE#         1186
  C:B103H         LINE#         1187
  C:B114H         LINE#         1188
  C:B117H         LINE#         1189
  -------         ENDPROC       _PHOTO2
  -------         PROC          _CH13_TRIM
BL51 BANKED LINKER/LOCATER V6.22                                                      04/29/2017  11:23:28  PAGE 33


  D:0001H         SYMBOL        v
  D:0003H         SYMBOL        base
  -------         DO            
  D:0002H         SYMBOL        i
  X:0395H         SYMBOL        L1
  X:0399H         SYMBOL        L2
  X:039DH         SYMBOL        L3
  X:03A1H         SYMBOL        L4
  -------         ENDDO         
  C:8626H         LINE#         1190
  C:862AH         LINE#         1191
  C:862AH         LINE#         1192
  C:863EH         LINE#         1193
  C:864EH         LINE#         1194
  C:8658H         LINE#         1195
  C:8658H         LINE#         1196
  C:8668H         LINE#         1197
  C:8668H         LINE#         1198
  C:86A9H         LINE#         1199
  C:86ABH         LINE#         1200
  C:86DAH         LINE#         1201
  C:86DEH         LINE#         1202
  C:86F6H         LINE#         1204
  C:8710H         LINE#         1205
  C:872BH         LINE#         1207
  C:872BH         LINE#         1208
  C:873FH         LINE#         1209
  C:8749H         LINE#         1210
  C:8749H         LINE#         1211
  C:8759H         LINE#         1212
  C:8759H         LINE#         1213
  C:879AH         LINE#         1214
  C:879CH         LINE#         1215
  C:87CBH         LINE#         1216
  C:87CFH         LINE#         1217
  C:87CFH         LINE#         1218
  C:87E7H         LINE#         1220
  C:884BH         LINE#         1221
  C:88AFH         LINE#         1222
  C:8913H         LINE#         1223
  C:894BH         LINE#         1224
  C:89ACH         LINE#         1225
  C:8A10H         LINE#         1226
  C:8A74H         LINE#         1227
  -------         ENDPROC       _CH13_TRIM
  -------         PROC          _CH24_TRIM
  D:0006H         SYMBOL        v
  -------         DO            
  D:0005H         SYMBOL        i
  D:0007H         SYMBOL        m
  -------         ENDDO         
  C:B067H         LINE#         1230
  C:B069H         LINE#         1231
  C:B069H         LINE#         1233
  C:B071H         LINE#         1234
  C:B073H         LINE#         1235
  C:B073H         LINE#         1236
BL51 BANKED LINKER/LOCATER V6.22                                                      04/29/2017  11:23:28  PAGE 34


  C:B07BH         LINE#         1238
  C:B07BH         LINE#         1239
  C:B07FH         LINE#         1240
  C:B086H         LINE#         1241
  C:B08EH         LINE#         1242
  C:B096H         LINE#         1243
  C:B09DH         LINE#         1244
  C:B0A5H         LINE#         1245
  C:B0ADH         LINE#         1246
  C:B0B5H         LINE#         1247
  C:B0BAH         LINE#         1248
  C:B0BAH         LINE#         1250
  C:B0C0H         LINE#         1251
  -------         ENDPROC       _CH24_TRIM
  -------         PROC          _THROTTLE
  D:0003H         SYMBOL        x
  -------         DO            
  D:0002H         SYMBOL        i
  X:0395H         SYMBOL        L
  -------         ENDDO         
  C:A316H         LINE#         1253
  C:A318H         LINE#         1254
  C:A318H         LINE#         1255
  C:A322H         LINE#         1256
  C:A329H         LINE#         1257
  C:A330H         LINE#         1258
  C:A330H         LINE#         1259
  C:A349H         LINE#         1260
  C:A361H         LINE#         1261
  C:A364H         LINE#         1262
  C:A389H         LINE#         1263
  C:A3BCH         LINE#         1264
  C:A3EFH         LINE#         1265
  C:A422H         LINE#         1266
  -------         ENDPROC       _THROTTLE
  C:A0A9H         SYMBOL        L?1742
  C:A0AFH         SYMBOL        L?1743
  C:A0B2H         SYMBOL        L?1744
  -------         PROC          L?1741
  -------         ENDPROC       L?1741
  C:A0A9H         SYMBOL        L?1742
  C:A0AFH         SYMBOL        L?1743
  C:A0B2H         SYMBOL        L?1744
  -------         PROC          _WRITE_NUM100
  X:0395H         SYMBOL        num
  X:0397H         SYMBOL        x
  X:0398H         SYMBOL        y
  X:0399H         SYMBOL        c
  C:A0B7H         LINE#         1276
  C:A0C5H         LINE#         1277
  C:A0C5H         LINE#         1278
  C:A0D1H         LINE#         1279
  C:A0D1H         LINE#         1280
  C:A0F0H         LINE#         1281
  C:A11AH         LINE#         1282
  C:A11AH         LINE#         1283
  C:A13FH         LINE#         1284
BL51 BANKED LINKER/LOCATER V6.22                                                      04/29/2017  11:23:28  PAGE 35


  C:A14CH         LINE#         1285
  C:A177H         LINE#         1286
  C:A17FH         LINE#         1287
  C:A17FH         LINE#         1288
  C:A18EH         LINE#         1289
  C:A1A9H         LINE#         1290
  C:A1ABH         LINE#         1292
  C:A1ABH         LINE#         1293
  C:A1C9H         LINE#         1294
  C:A1E5H         LINE#         1295
  C:A1E5H         LINE#         1297
  -------         ENDPROC       _WRITE_NUM100
  C:ADF5H         SYMBOL        L?1762
  -------         PROC          L?1761
  -------         ENDPROC       L?1761
  C:ADF5H         SYMBOL        L?1762
  -------         PROC          _WRITE_NUM1000
  D:0002H         SYMBOL        num
  C:ADFAH         LINE#         1299
  C:ADFEH         LINE#         1300
  C:ADFEH         LINE#         1302
  C:AE16H         LINE#         1303
  C:AE1BH         LINE#         1304
  C:AE44H         LINE#         1305
  C:AE49H         LINE#         1306
  C:AE54H         LINE#         1307
  -------         ENDPROC       _WRITE_NUM1000
  C:B450H         SYMBOL        L?1753
  C:B453H         SYMBOL        L?1754
  -------         PROC          L?1752
  -------         ENDPROC       L?1752
  C:B450H         SYMBOL        L?1753
  C:B453H         SYMBOL        L?1754
  -------         PROC          _MOVE_CURSOR
  D:0007H         SYMBOL        line
  D:0005H         SYMBOL        line_max
  C:B457H         LINE#         1311
  C:B457H         LINE#         1312
  C:B457H         LINE#         1313
  C:B45AH         LINE#         1314
  C:B45AH         LINE#         1315
  C:B45CH         LINE#         1316
  C:B465H         LINE#         1317
  C:B467H         LINE#         1318
  C:B467H         LINE#         1319
  C:B46AH         LINE#         1320
  C:B46AH         LINE#         1321
  C:B46CH         LINE#         1322
  C:B474H         LINE#         1323
  C:B476H         LINE#         1324
  C:B476H         LINE#         1325
  C:B476H         LINE#         1326
  -------         ENDPROC       _MOVE_CURSOR
  C:97BDH         SYMBOL        L?1722
  C:983BH         SYMBOL        L?1723
  C:983EH         SYMBOL        L?1724
  C:9844H         SYMBOL        L?1725
BL51 BANKED LINKER/LOCATER V6.22                                                      04/29/2017  11:23:28  PAGE 36


  C:9845H         SYMBOL        L?1726
  -------         PROC          L?1721
  -------         ENDPROC       L?1721
  C:97BDH         SYMBOL        L?1722
  C:983BH         SYMBOL        L?1723
  C:983EH         SYMBOL        L?1724
  C:9844H         SYMBOL        L?1725
  C:9845H         SYMBOL        L?1726
  -------         PROC          _DISPLAY_MENU
  X:0395H         SYMBOL        line
  X:0396H         SYMBOL        line_max
  C:9849H         LINE#         1328
  C:9851H         LINE#         1329
  C:9851H         LINE#         1330
[...]
  C:7855H         LINE#         4499
  C:7858H         LINE#         4500
  C:7858H         LINE#         4501
  C:785EH         LINE#         4502
  C:786AH         LINE#         4503
  C:786AH         LINE#         4505
  C:786DH         LINE#         4506
  C:786DH         LINE#         4507
  C:7873H         LINE#         4508
  C:7879H         LINE#         4509
  C:7879H         LINE#         4510
  C:7881H         LINE#         4512
  C:789CH         LINE#         4513
  C:78ADH         LINE#         4514
  C:78ADH         LINE#         4515
  C:78B7H         LINE#         4516
  C:78B7H         LINE#         4518
  C:78BAH         LINE#         4519
  C:78BAH         LINE#         4520
  C:78C0H         LINE#         4521
  C:78CCH         LINE#         4522
  C:78CCH         LINE#         4530
  C:78D2H         LINE#         4531
  C:78D2H         LINE#         4532
  C:78F2H         LINE#         4533
  C:7905H         LINE#         4534
  C:790EH         LINE#         4535
  C:7910H         LINE#         4537
  C:7910H         LINE#         4538
  C:7930H         LINE#         4539
  C:7949H         LINE#         4540
  C:7952H         LINE#         4541
  C:7952H         LINE#         4544
  C:7958H         LINE#         4545
  C:7958H         LINE#         4546
  C:795EH         LINE#         4547
  C:7965H         LINE#         4548
  C:7965H         LINE#         4549
  C:7968H         LINE#         4550
  C:797AH         LINE#         4551
  C:7981H         LINE#         4552
  C:7993H         LINE#         4553
  C:799AH         LINE#         4554
  C:799AH         LINE#         4555
  C:79ADH         LINE#         4556
  C:79AFH         LINE#         4557
  C:79AFH         LINE#         4558
  C:79B1H         LINE#         4561
  C:79B8H         LINE#         4571
  C:79C3H         LINE#         4572
  C:79C6H         LINE#         4574
  C:79D4H         LINE#         4575
  C:79E2H         LINE#         4576
  C:79E5H         LINE#         4578
  C:79F3H         LINE#         4579
  C:7A01H         LINE#         4580
BL51 BANKED LINKER/LOCATER V6.22                                                      04/29/2017  11:23:28  PAGE 83


  C:7A04H         LINE#         4582
  C:7A0FH         LINE#         4583
  C:7A12H         LINE#         4585
  C:7A18H         LINE#         4586
  C:7A18H         LINE#         4587
  C:7A20H         LINE#         4588
  C:7A20H         LINE#         4593
  C:7A27H         LINE#         4594
  C:7A27H         LINE#         4595
  C:7A4FH         LINE#         4596
  C:7A51H         LINE#         4597
  C:7A59H         LINE#         4598
  C:7A59H         LINE#         4599
  C:7A77H         LINE#         4600
  C:7A95H         LINE#         4601
  C:7A98H         LINE#         4602
  C:7A98H         LINE#         4603
  C:7AAAH         LINE#         4604
  C:7AACH         LINE#         4605
  C:7AAFH         LINE#         4606
  C:7AAFH         LINE#         4607
  C:7AC2H         LINE#         4608
  C:7AC2H         LINE#         4609
  C:7AC2H         LINE#         4613
  C:7AC8H         LINE#         4614
  C:7AC8H         LINE#         4615
  C:7AD3H         LINE#         4616
  C:7AD5H         LINE#         4617
  C:7AD5H         LINE#         4619
  C:7AEDH         LINE#         4620
  C:7B05H         LINE#         4621
  C:7B10H         LINE#         4622
  C:7B28H         LINE#         4624
  C:7B2DH         LINE#         4625
  C:7B32H         LINE#         4626
  C:7B37H         LINE#         4627
  C:7B3CH         LINE#         4628
  C:7B41H         LINE#         4629
  C:7B46H         LINE#         4630
  C:7B4BH         LINE#         4631
  C:7B50H         LINE#         4635
  C:7B55H         LINE#         4636
  C:7B5AH         LINE#         4637
  C:7B5FH         LINE#         4638
  C:7B64H         LINE#         4639
  C:7B69H         LINE#         4640
  C:7B6EH         LINE#         4641
  C:7B73H         LINE#         4642
  C:7B78H         LINE#         4646
  C:7B7AH         LINE#         4647
  C:7B7AH         LINE#         4648
  C:7B7AH         LINE#         4649
  C:7B7DH         LINE#         4650
  C:7B7EH         LINE#         4651
  C:7B7EH         LINE#         4652
  C:7B7EH         LINE#         4653
  C:7B81H         LINE#         4657
BL51 BANKED LINKER/LOCATER V6.22                                                      04/29/2017  11:23:28  PAGE 84


  C:7B84H         LINE#         4658
  C:7B84H         LINE#         4659
  C:7B8EH         LINE#         4660
  C:7B8EH         LINE#         4661
  C:7B91H         LINE#         4662
  C:7B91H         LINE#         4663
  C:7B9BH         LINE#         4664
  C:7B9BH         LINE#         4665
  C:7B9EH         LINE#         4666
  C:7B9EH         LINE#         4667
  C:7BABH         LINE#         4668
  C:7BABH         LINE#         4669
  C:7BAEH         LINE#         4670
  C:7BAEH         LINE#         4671
  C:7BBBH         LINE#         4672
  C:7BBBH         LINE#         4677
  C:7BC9H         LINE#         4678
  C:7BD7H         LINE#         4679
  C:7BE5H         LINE#         4680
  C:7BF3H         LINE#         4681
  C:7C01H         LINE#         4682
  C:7C0FH         LINE#         4683
  C:7C1DH         LINE#         4684
  C:7C2BH         LINE#         4686
  C:7C31H         LINE#         4687
  C:7C31H         LINE#         4688
  C:7C4DH         LINE#         4689
  C:7C4DH         LINE#         4691
  C:7C56H         LINE#         4694
  C:7C71H         LINE#         4695
  C:7C8CH         LINE#         4696
  C:7CA7H         LINE#         4697
  C:7CC2H         LINE#         4698
  C:7CDDH         LINE#         4699
  C:7CF9H         LINE#         4700
  C:7D15H         LINE#         4701
  C:7D31H         LINE#         4703
  C:7D3DH         LINE#         4704
  C:7D3DH         LINE#         4705
  C:7D40H         LINE#         4706
  C:7D46H         LINE#         4707
  C:7D46H         LINE#         4708
  C:7D61H         LINE#         4709
  C:7D7CH         LINE#         4710
  C:7D97H         LINE#         4711
  C:7DB2H         LINE#         4712
  C:7DCDH         LINE#         4713
  C:7DE5H         LINE#         4714
  C:7DFDH         LINE#         4715
  C:7E15H         LINE#         4716
  C:7E15H         LINE#         4718
  C:7E15H         LINE#         4720
  C:7E30H         LINE#         4721
  C:7E4BH         LINE#         4722
  C:7E66H         LINE#         4723
  C:7E81H         LINE#         4724
  C:7E9CH         LINE#         4725
BL51 BANKED LINKER/LOCATER V6.22                                                      04/29/2017  11:23:28  PAGE 85


  C:7EB7H         LINE#         4726
  C:7ED2H         LINE#         4727
  C:7EEDH         LINE#         4745
  C:7EF3H         LINE#         4746
  C:7F0AH         LINE#         4747
  C:7F1AH         LINE#         4748
  C:7F34H         LINE#         4749
  C:7F3FH         LINE#         4750
  C:7F59H         LINE#         4751
  C:7F69H         LINE#         4752
  C:7F79H         LINE#         4753
  C:7F7CH         LINE#         4755
  C:7F93H         LINE#         4756
  C:7FA3H         LINE#         4757
  C:7FBDH         LINE#         4758
  C:7FC8H         LINE#         4759
  C:7FE2H         LINE#         4760
  C:7FF2H         LINE#         4761
  C:8002H         LINE#         4762
  C:8007H         LINE#         4765
  C:800FH         LINE#         4766
  C:8017H         LINE#         4767
  C:801FH         LINE#         4768
  C:8027H         LINE#         4769
  C:802FH         LINE#         4770
  C:8037H         LINE#         4771
  C:803FH         LINE#         4772
  C:8047H         LINE#         4773
  C:804FH         LINE#         4774
  C:8057H         LINE#         4775
  C:805AH         LINE#         4783
  -------         ENDPROC       ET0_ISR
  -------         PROC          EX1_ISR
  -------         DO            
  D:0006H         SYMBOL        width
  D:0007H         SYMBOL        i
  -------         ENDDO         
  C:A7ABH         LINE#         4785
  C:A7C6H         LINE#         4788
  C:A7C8H         LINE#         4789
  C:A7CCH         LINE#         4790
  C:A7D4H         LINE#         4791
  C:A7DAH         LINE#         4793
  C:A7E3H         LINE#         4794
  C:A7E3H         LINE#         4795
  C:A7E3H         LINE#         4796
  C:A7E5H         LINE#         4797
  C:A7EEH         LINE#         4798
  C:A7EEH         LINE#         4799
  C:A80AH         LINE#         4800
  C:A810H         LINE#         4801
  C:A816H         LINE#         4802
  C:A816H         LINE#         4803
  C:A818H         LINE#         4804
  C:A824H         LINE#         4805
  C:A826H         LINE#         4806
  C:A84DH         LINE#         4807
BL51 BANKED LINKER/LOCATER V6.22                                                      04/29/2017  11:23:28  PAGE 86


  C:A856H         LINE#         4808
  C:A856H         LINE#         4809
  C:A858H         LINE#         4811
  C:A858H         LINE#         4812
  C:A85DH         LINE#         4813
  C:A85DH         LINE#         4816
  -------         ENDPROC       EX1_ISR
  -------         PROC          ET1_ISR
  -------         DO            
  X:038DH         SYMBOL        temp
  -------         ENDDO         
  C:A1E6H         LINE#         4818
  C:A1F7H         LINE#         4821
  C:A1F9H         LINE#         4822
  C:A1FFH         LINE#         4823
  C:A1FFH         LINE#         4826
  C:A205H         LINE#         4827
  C:A253H         LINE#         4828
  C:A253H         LINE#         4829
  C:A25EH         LINE#         4830
  C:A260H         LINE#         4831
  C:A260H         LINE#         4832
  C:A26BH         LINE#         4833
  C:A26DH         LINE#         4834
  C:A26DH         LINE#         4835
  C:A278H         LINE#         4836
  C:A27AH         LINE#         4837
  C:A27AH         LINE#         4838
  C:A285H         LINE#         4839
  C:A287H         LINE#         4840
  C:A287H         LINE#         4841
  C:A292H         LINE#         4842
  C:A294H         LINE#         4843
  C:A294H         LINE#         4844
  C:A29FH         LINE#         4845
  C:A2A1H         LINE#         4846
  C:A2A1H         LINE#         4847
  C:A2ACH         LINE#         4848
  C:A2AEH         LINE#         4849
  C:A2B0H         LINE#         4850
  C:A2CFH         LINE#         4851
  C:A2DEH         LINE#         4852
  C:A2EEH         LINE#         4854
  C:A2F8H         LINE#         4855
  C:A305H         LINE#         4860
  C:A305H         LINE#         4861
  C:A305H         LINE#         4862
  C:A307H         LINE#         4863
  -------         ENDPROC       ET1_ISR
  -------         PROC          UART_SER
  -------         DO            
  D:0003H         SYMBOL        Temp
  -------         ENDDO         
  C:9550H         LINE#         4864
  C:9569H         LINE#         4868
  C:956FH         LINE#         4869
  C:956FH         LINE#         4871
BL51 BANKED LINKER/LOCATER V6.22                                                      04/29/2017  11:23:28  PAGE 87


  C:9571H         LINE#         4872
  C:9573H         LINE#         4873
  C:957EH         LINE#         4874
  C:957EH         LINE#         4875
  C:9592H         LINE#         4876
  C:9592H         LINE#         4877
  C:95AAH         LINE#         4878
  C:95C6H         LINE#         4879
  C:95E9H         LINE#         4881
  C:9615H         LINE#         4882
  C:9615H         LINE#         4884
  C:9615H         LINE#         4885
  C:9620H         LINE#         4886
  C:9620H         LINE#         4887
  C:9634H         LINE#         4888
  C:9634H         LINE#         4889
  C:964CH         LINE#         4890
  C:9668H         LINE#         4891
  C:968BH         LINE#         4892
  C:96B7H         LINE#         4893
  C:96B7H         LINE#         4894
  C:96B7H         LINE#         4895
  C:96C2H         LINE#         4896
  C:96C2H         LINE#         4897
  C:96D6H         LINE#         4898
  C:96D6H         LINE#         4899
  C:96EEH         LINE#         4900
  C:970AH         LINE#         4901
  C:972DH         LINE#         4902
  C:9759H         LINE#         4903
  C:9759H         LINE#         4904
  C:9759H         LINE#         4915
  C:976BH         LINE#         4916
  C:976BH         LINE#         4917
  C:9773H         LINE#         4918
  C:977BH         LINE#         4919
  C:9783H         LINE#         4921
  C:97A1H         LINE#         4923
  C:97A1H         LINE#         4927
  C:97A1H         LINE#         4928
  C:97A4H         LINE#         4929
  C:97A6H         LINE#         4930
  -------         ENDPROC       UART_SER
  -------         PROC          PCA_ISR
  C:9200H         LINE#         4931
  C:921DH         LINE#         4933
  C:9223H         LINE#         4934
  C:9223H         LINE#         4935
  C:9225H         LINE#         4936
  C:922EH         LINE#         4937
  C:9231H         LINE#         4938
  C:923CH         LINE#         4941
  C:9242H         LINE#         4942
  C:9272H         LINE#         4943
  C:9272H         LINE#         4944
  C:929AH         LINE#         4945
  C:92C2H         LINE#         4946
BL51 BANKED LINKER/LOCATER V6.22                                                      04/29/2017  11:23:28  PAGE 88


  C:92EAH         LINE#         4947
  C:9312H         LINE#         4948
  C:933AH         LINE#         4949
  C:9362H         LINE#         4950
  C:938AH         LINE#         4951
  C:93B7H         LINE#         4952
  C:93B7H         LINE#         4954
  C:93B7H         LINE#         4956
  C:93B9H         LINE#         4959
  C:93BCH         LINE#         4960
  C:93BCH         LINE#         4961
  C:93C5H         LINE#         4962
  C:93C8H         LINE#         4963
  C:93D3H         LINE#         4965
  C:93D6H         LINE#         4966
  C:93D6H         LINE#         4967
  C:93D8H         LINE#         4968
  C:93DBH         LINE#         4969
  C:93DBH         LINE#         4971
  C:93E1H         LINE#         4972
  C:93E9H         LINE#         4974
  C:9403H         LINE#         4975
  C:940FH         LINE#         4978
  C:9417H         LINE#         4980
  C:941AH         LINE#         4981
  C:9420H         LINE#         4982
  C:9420H         LINE#         4983
  C:9422H         LINE#         4985
  C:9428H         LINE#         4986
  C:9428H         LINE#         4987
  C:9431H         LINE#         4988
  C:9434H         LINE#         4989
  C:943FH         LINE#         4991
  C:9445H         LINE#         4992
  C:944DH         LINE#         4993
  C:945FH         LINE#         4995
  C:9462H         LINE#         4996
  C:9462H         LINE#         4997
  C:9464H         LINE#         4998
  C:946CH         LINE#         4999
  C:946FH         LINE#         5000
  C:9472H         LINE#         5001
  C:9472H         LINE#         5003
  C:9475H         LINE#         5004
  C:9475H         LINE#         5005
  C:9477H         LINE#         5006
  C:947DH         LINE#         5007
  C:9483H         LINE#         5008
  C:9485H         LINE#         5010
  C:9485H         LINE#         5012
  C:9490H         LINE#         5014
  C:9490H         LINE#         5018
  C:9493H         LINE#         5019
  C:9499H         LINE#         5020
  C:9499H         LINE#         5021
  C:94A2H         LINE#         5022
  C:94A5H         LINE#         5023
BL51 BANKED LINKER/LOCATER V6.22                                                      04/29/2017  11:23:28  PAGE 89


  C:94B0H         LINE#         5025
  C:94B3H         LINE#         5026
  C:94B3H         LINE#         5027
  C:94B5H         LINE#         5028
  C:94BCH         LINE#         5029
  C:94BEH         LINE#         5030
  C:94BEH         LINE#         5032
  C:94C1H         LINE#         5033
  C:94C3H         LINE#         5034
  C:94C9H         LINE#         5035
  C:94C9H         LINE#         5036
  C:94D2H         LINE#         5037
  C:94D5H         LINE#         5038
  C:94E0H         LINE#         5040
  C:94E3H         LINE#         5041
  C:94E6H         LINE#         5042
  C:94E6H         LINE#         5043
  C:94F1H         LINE#         5044
  C:94F1H         LINE#         5045
  C:94F4H         LINE#         5046
  C:94F6H         LINE#         5047
  C:94FCH         LINE#         5048
  C:9501H         LINE#         5049
  C:9503H         LINE#         5051
  C:9503H         LINE#         5052
  C:9509H         LINE#         5053
  C:9517H         LINE#         5055
  C:9517H         LINE#         5057
  C:951DH         LINE#         5058
  C:9532H         LINE#         5059
  C:9535H         LINE#         5061
  C:9535H         LINE#         5063
  C:9535H         LINE#         5066
  C:9535H         LINE#         5067
  -------         ENDPROC       PCA_ISR
  -------         ENDMOD        SENSOR

  -------         MODULE        ?C?FPADD
  C:807CH         PUBLIC        ?C?FPADD
  C:8078H         PUBLIC        ?C?FPSUB
  -------         ENDMOD        ?C?FPADD

  -------         MODULE        ?C?FPMUL
  C:816DH         PUBLIC        ?C?FPMUL
  -------         ENDMOD        ?C?FPMUL

  -------         MODULE        ?C?FCAST
  C:827DH         PUBLIC        ?C?FCASTC
  C:8278H         PUBLIC        ?C?FCASTI
  C:8273H         PUBLIC        ?C?FCASTL
  -------         ENDMOD        ?C?FCAST

  -------         MODULE        ?C?CASTF
  C:82B1H         PUBLIC        ?C?CASTF
  -------         ENDMOD        ?C?CASTF

  -------         MODULE        ?C?CLDPTR
BL51 BANKED LINKER/LOCATER V6.22                                                      04/29/2017  11:23:28  PAGE 90


  C:8332H         PUBLIC        ?C?CLDPTR
  -------         ENDMOD        ?C?CLDPTR

  -------         MODULE        ?C?CLDOPTR
  C:834BH         PUBLIC        ?C?CLDOPTR
  -------         ENDMOD        ?C?CLDOPTR

  -------         MODULE        ?C?CSTOPTR
  C:8378H         PUBLIC        ?C?CSTOPTR
  -------         ENDMOD        ?C?CSTOPTR

  -------         MODULE        ?C?IMUL
  C:839AH         PUBLIC        ?C?IMUL
  -------         ENDMOD        ?C?IMUL

  -------         MODULE        ?C?UIDIV
  C:83ACH         PUBLIC        ?C?UIDIV
  -------         ENDMOD        ?C?UIDIV

  -------         MODULE        ?C?SIDIV
  C:8401H         PUBLIC        ?C?SIDIV
  -------         ENDMOD        ?C?SIDIV

  -------         MODULE        ?C?IILDX
  C:8437H         PUBLIC        ?C?IILDX
  -------         ENDMOD        ?C?IILDX

  -------         MODULE        ?C?ILDPTR
  C:844DH         PUBLIC        ?C?ILDPTR
  -------         ENDMOD        ?C?ILDPTR

  -------         MODULE        ?C?ISTPTR
  C:8478H         PUBLIC        ?C?ISTPTR
  -------         ENDMOD        ?C?ISTPTR

  -------         MODULE        ?C?LMUL
  C:8497H         PUBLIC        ?C?LMUL
  -------         ENDMOD        ?C?LMUL

  -------         MODULE        ?C?SLDIV
  C:B208H         PUBLIC        ?C?SLDIV
  -------         ENDMOD        ?C?SLDIV

  -------         MODULE        ?C?LNEG
  C:84E6H         PUBLIC        ?C?LNEG
  -------         ENDMOD        ?C?LNEG

  -------         MODULE        ?C?ULSHR
  C:84F4H         PUBLIC        ?C?ULSHR
  -------         ENDMOD        ?C?ULSHR

  -------         MODULE        ?C?SLSHR
  C:8507H         PUBLIC        ?C?SLSHR
  -------         ENDMOD        ?C?SLSHR

  -------         MODULE        ?C?LSTXDATA
  C:851BH         PUBLIC        ?C?LSTXDATA
BL51 BANKED LINKER/LOCATER V6.22                                                      04/29/2017  11:23:28  PAGE 91


  -------         ENDMOD        ?C?LSTXDATA

  -------         MODULE        ?C?LSTKXDATA
  C:8527H         PUBLIC        ?C?LSTKXDATA
  -------         ENDMOD        ?C?LSTKXDATA

  -------         MODULE        ?C?ULDIV
  C:8594H         PUBLIC        ?C?ULDIV
  -------         ENDMOD        ?C?ULDIV

Program Size: data=34.7 xdata=933 code=46428
LINK/LOCATE RUN COMPLETE.  0 WARNING(S),  0 ERROR(S)
