C51 COMPILER V9.54   12864                                                                 04/17/2017 16:42:08 PAGE 1   


C51 COMPILER V9.54, COMPILATION OF MODULE 12864
OBJECT MODULE PLACED IN .\Objects\12864.obj
COMPILER INVOKED BY: C:\Keil_v5\C51\BIN\C51.EXE 12864.c OPTIMIZE(8,SPEED) BROWSE DEBUG OBJECTEXTEND PRINT(.\Listings\128
                    -64.lst) TABS(2) OBJECT(.\Objects\12864.obj)

line level    source

   1          #include <STC12C5.H>
   2          
   3          #define uint unsigned int
   4            #define uchar unsigned char
   5          //LCD12864????
   6          //sbit LCD12864_CS    = P3^5;//????
   7          sbit LCD12864_SID   = P0^0;//????
   8          sbit LCD12864_SCLK  = P0^1;//????
   9          //sbit LCD12864_RST   = P3^7;//????
  10          
  11          /********************************************************************
  12          * ?? : LCD12864_Delay()
  13          * ?? : ??
  14          * ?? : z
  15          * ?? : ?
  16          ***********************************************************************/
  17          void LCD12864_Delay(uint z)
  18          {
  19   1      //  uchar i;
  20   1      //  while(z --) for(i = 0;i < 120;i ++);
  21   1        uint a,b;
  22   1        for(a=0; a<z; a++)
  23   1            for(b=0; b<120; b++);
  24   1      }
  25          /********************************************************************
  26          * ?? : LCD12864_sendbyte
  27          * ?? : ???????????,????
  28          * ?? : zdata
  29          * ?? : ?
  30          ***********************************************************************/
  31          void LCD12864_SendByte(uchar zdata)
  32          {
  33   1        uchar i;
  34   1        for(i = 0;i < 8;i ++)
  35   1        {
  36   2          if((zdata<<i) & 0x80)
  37   2          {
  38   3            LCD12864_SID = 1;
  39   3          }
  40   2          else
  41   2          {
  42   3              LCD12864_SID = 0;
  43   3          }
  44   2          LCD12864_SCLK = 0;
  45   2          LCD12864_SCLK = 1;  
  46   2        } 
  47   1      }
  48          /********************************************************************
  49          * ?? : LCD12864_write_com()
  50          * ?? : ?????,??????
  51          * ?? : com
  52          * ?? : ?
  53          ***********************************************************************/
  54          void  LCD12864_WriteCom(uchar com)
C51 COMPILER V9.54   12864                                                                 04/17/2017 16:42:08 PAGE 2   

  55          {
  56   1          //LCD12864_CS = 1;//????,?????
  57   1          LCD12864_SendByte(0xf8); //????
  58   1          LCD12864_SendByte(com & 0xf0);   //????
  59   1          LCD12864_SendByte((com << 4) & 0xf0);//????
  60   1      }
  61          
  62          /********************************************************************
  63          * ?? : LCD12864_write_date()
  64          * ?? : ?????
  65          * ?? : date
  66          * ?? : ?
  67          ***********************************************************************/
  68          void LCD12864_WriteDate(uchar date)
  69          {
  70   1        //LCD12864_CS = 1; //????
  71   1        LCD12864_SendByte(0xfa);//????
  72   1          LCD12864_SendByte(date & 0xf0);  //????
  73   1        LCD12864_SendByte((date << 4) & 0xf0);//????
  74   1      }
  75          /********************************************************************
  76          * ?? : LCD12864_init()
  77          * ?? : 12864?????
  78          * ?? : com
  79          * ?? : ?
  80          ***********************************************************************/
  81          void LCD12864_Init()
  82          {
  83   1           //LCD12864_RST = 0;
  84   1         LCD12864_Delay(100);
  85   1         //LCD12864_RST = 1;
  86   1         LCD12864_Delay(100);
  87   1         //LCD12864_WriteCom(0x34);//??????? ,?????
  88   1         LCD12864_WriteCom(0x30);//???????, ?????
  89   1         LCD12864_WriteCom(0x0c);//???,??????????
  90   1         LCD12864_WriteCom(0x01);//??
  91   1         LCD12864_Delay(100);
  92   1           
  93   1      }
  94          /********************************************************************
  95          * ?? :LCD_clean_scans()
  96          * ?? : ??
  97          * ?? : ?
  98          * ?? : ?
  99          ***********************************************************************/
 100          void LCD12864_CleanScans()
 101          {
 102   1         LCD12864_WriteCom(0x01);//??
 103   1      }
 104          /********************************************************************
 105          * ?? :  LCD12864_pos()
 106          * ?? : ??????
 107          * ?? :  x,y
 108          * ?? : ?
 109          ***********************************************************************/
 110          void LCD12864_SetPos(uchar x,uchar y)
 111          {
 112   1        uchar pos;
 113   1        if(x == 0)
 114   1                x = 0x80;
 115   1        else if(x == 1)
 116   1                x = 0x90;
C51 COMPILER V9.54   12864                                                                 04/17/2017 16:42:08 PAGE 3   

 117   1        else if(x == 2)
 118   1                x = 0x88;
 119   1        else if(x == 3)
 120   1              x = 0x98;
 121   1        pos = x + y;
 122   1        LCD12864_WriteCom(pos);//????   
 123   1      }
 124          /********************************************************************
 125          * ?? : LCD12864_dishz()
 126          * ?? : ?????
 127          * ?? : *s
 128          * ?? : ?
 129          ***********************************************************************/
 130          void LCD12864_DisplayString(uchar *s)
 131          {  
 132   1        uchar  i = 0;
 133   1        while(s[i]!= "/0")
 134   1          { 
 135   2          LCD12864_WriteDate(s[i]);
 136   2          i++;
 137   2          LCD12864_Delay(5);
 138   2          }
 139   1      }
 140          void main()
 141          {
 142   1        LCD12864_Init();
 143   1        LCD_clean_scans();
*** WARNING C206 IN LINE 143 OF 12864.c: 'LCD_clean_scans': missing function-prototype
 144   1        LCD12864_SetPos(1,1);
 145   1        LCD12864_DisplayString("abcd");
 146   1        while(1);
 147   1      }


MODULE INFORMATION:   STATIC OVERLAYABLE
   CODE SIZE        =    249    ----
   CONSTANT SIZE    =      8    ----
   XDATA SIZE       =   ----    ----
   PDATA SIZE       =   ----    ----
   DATA SIZE        =   ----       4
   IDATA SIZE       =   ----    ----
   BIT SIZE         =   ----    ----
END OF MODULE INFORMATION.


C51 COMPILATION COMPLETE.  1 WARNING(S),  0 ERROR(S)
