Component: ARM Compiler 5.06 update 2 (build 183) Tool: armlink [4d35b7]

==============================================================================

Section Cross References

    startup_stm32l476xx.o(RESET) refers to startup_stm32l476xx.o(STACK) for __initial_sp
    startup_stm32l476xx.o(RESET) refers to startup_stm32l476xx.o(.text) for Reset_Handler
    startup_stm32l476xx.o(RESET) refers to stm32l4xx_it.o(i.NMI_Handler) for NMI_Handler
    startup_stm32l476xx.o(RESET) refers to stm32l4xx_it.o(i.HardFault_Handler) for HardFault_Handler
    startup_stm32l476xx.o(RESET) refers to stm32l4xx_it.o(i.DebugMon_Handler) for DebugMon_Handler
    startup_stm32l476xx.o(RESET) refers to stm32l4xx_it.o(i.SysTick_Handler) for SysTick_Handler
    startup_stm32l476xx.o(RESET) refers to stm32l4xx_it.o(i.EXTI2_IRQHandler) for EXTI2_IRQHandler
    startup_stm32l476xx.o(RESET) refers to stm32l4xx_it.o(i.TIM3_IRQHandler) for TIM3_IRQHandler
    startup_stm32l476xx.o(RESET) refers to main.o(i.TIM4_IRQHandler) for TIM4_IRQHandler
    startup_stm32l476xx.o(RESET) refers to stm32l4xx_it.o(i.OTG_FS_IRQHandler) for OTG_FS_IRQHandler
    startup_stm32l476xx.o(.text) refers to system_stm32l4xx.o(i.SystemInit) for SystemInit
    startup_stm32l476xx.o(.text) refers to entry.o(.ARM.Collect$$$$00000000) for __main
    usbd_core.o(i.USBD_DeInit) refers to usbd_conf.o(i.USBD_LL_Stop) for USBD_LL_Stop
    usbd_core.o(i.USBD_DeInit) refers to usbd_conf.o(i.USBD_LL_DeInit) for USBD_LL_DeInit
    usbd_core.o(i.USBD_Init) refers to usbd_conf.o(i.USBD_LL_Init) for USBD_LL_Init
    usbd_core.o(i.USBD_LL_DataInStage) refers to usbd_ioreq.o(i.USBD_CtlContinueSendData) for USBD_CtlContinueSendData
    usbd_core.o(i.USBD_LL_DataInStage) refers to usbd_conf.o(i.USBD_LL_PrepareReceive) for USBD_LL_PrepareReceive
    usbd_core.o(i.USBD_LL_DataInStage) refers to usbd_ioreq.o(i.USBD_CtlReceiveStatus) for USBD_CtlReceiveStatus
    usbd_core.o(i.USBD_LL_DataInStage) refers to usbd_core.o(i.USBD_RunTestMode) for USBD_RunTestMode
    usbd_core.o(i.USBD_LL_DataOutStage) refers to usbd_ioreq.o(i.USBD_CtlContinueRx) for USBD_CtlContinueRx
    usbd_core.o(i.USBD_LL_DataOutStage) refers to usbd_ioreq.o(i.USBD_CtlSendStatus) for USBD_CtlSendStatus
    usbd_core.o(i.USBD_LL_Reset) refers to usbd_conf.o(i.USBD_LL_OpenEP) for USBD_LL_OpenEP
    usbd_core.o(i.USBD_LL_SetupStage) refers to usbd_ctlreq.o(i.USBD_ParseSetupRequest) for USBD_ParseSetupRequest
    usbd_core.o(i.USBD_LL_SetupStage) refers to usbd_ctlreq.o(i.USBD_StdDevReq) for USBD_StdDevReq
    usbd_core.o(i.USBD_LL_SetupStage) refers to usbd_ctlreq.o(i.USBD_StdItfReq) for USBD_StdItfReq
    usbd_core.o(i.USBD_LL_SetupStage) refers to usbd_ctlreq.o(i.USBD_StdEPReq) for USBD_StdEPReq
    usbd_core.o(i.USBD_LL_SetupStage) refers to usbd_conf.o(i.USBD_LL_StallEP) for USBD_LL_StallEP
    usbd_core.o(i.USBD_Start) refers to usbd_conf.o(i.USBD_LL_Start) for USBD_LL_Start
    usbd_core.o(i.USBD_Stop) refers to usbd_conf.o(i.USBD_LL_Stop) for USBD_LL_Stop
    usbd_ctlreq.o(i.USBD_ClrFeature) refers to usbd_ioreq.o(i.USBD_CtlSendStatus) for USBD_CtlSendStatus
    usbd_ctlreq.o(i.USBD_ClrFeature) refers to usbd_ctlreq.o(i.USBD_CtlError) for USBD_CtlError
    usbd_ctlreq.o(i.USBD_CtlError) refers to usbd_conf.o(i.USBD_LL_StallEP) for USBD_LL_StallEP
    usbd_ctlreq.o(i.USBD_GetConfig) refers to usbd_ctlreq.o(i.USBD_CtlError) for USBD_CtlError
    usbd_ctlreq.o(i.USBD_GetConfig) refers to usbd_ioreq.o(i.USBD_CtlSendData) for USBD_CtlSendData
    usbd_ctlreq.o(i.USBD_GetDescriptor) refers to usbd_ctlreq.o(i.USBD_CtlError) for USBD_CtlError
    usbd_ctlreq.o(i.USBD_GetDescriptor) refers to usbd_ioreq.o(i.USBD_CtlSendData) for USBD_CtlSendData
    usbd_ctlreq.o(i.USBD_GetStatus) refers to usbd_ioreq.o(i.USBD_CtlSendData) for USBD_CtlSendData
    usbd_ctlreq.o(i.USBD_GetStatus) refers to usbd_ctlreq.o(i.USBD_CtlError) for USBD_CtlError
    usbd_ctlreq.o(i.USBD_GetString) refers to usbd_ctlreq.o(i.USBD_GetLen) for USBD_GetLen
    usbd_ctlreq.o(i.USBD_SetAddress) refers to usbd_ctlreq.o(i.USBD_CtlError) for USBD_CtlError
    usbd_ctlreq.o(i.USBD_SetAddress) refers to usbd_conf.o(i.USBD_LL_SetUSBAddress) for USBD_LL_SetUSBAddress
    usbd_ctlreq.o(i.USBD_SetAddress) refers to usbd_ioreq.o(i.USBD_CtlSendStatus) for USBD_CtlSendStatus
    usbd_ctlreq.o(i.USBD_SetConfig) refers to usbd_ctlreq.o(i.USBD_CtlError) for USBD_CtlError
    usbd_ctlreq.o(i.USBD_SetConfig) refers to usbd_core.o(i.USBD_SetClassConfig) for USBD_SetClassConfig
    usbd_ctlreq.o(i.USBD_SetConfig) refers to usbd_ioreq.o(i.USBD_CtlSendStatus) for USBD_CtlSendStatus
    usbd_ctlreq.o(i.USBD_SetConfig) refers to usbd_core.o(i.USBD_ClrClassConfig) for USBD_ClrClassConfig
    usbd_ctlreq.o(i.USBD_SetConfig) refers to usbd_ctlreq.o(.data) for cfgidx
    usbd_ctlreq.o(i.USBD_SetFeature) refers to usbd_ioreq.o(i.USBD_CtlSendStatus) for USBD_CtlSendStatus
    usbd_ctlreq.o(i.USBD_StdDevReq) refers to usbd_ctlreq.o(i.USBD_GetDescriptor) for USBD_GetDescriptor
[...]
    0x080047c0   0x000000ba   Code   RO        13698    .text               mf_w.l(depilogue.o)
    0x0800487a   0x0000002e   Code   RO        13702    .text               mf_w.l(dscalb.o)
    0x080048a8   0x000000a2   Code   RO        13704    .text               mf_w.l(dsqrt.o)
    0x0800494a   0x00000002   PAD
    0x0800494c   0x00000088   Code   RO        13706    .text               mf_w.l(drnd.o)
    0x080049d4   0x00000030   Code   RO        13708    .text               mf_w.l(dfixul.o)
    0x08004a04   0x00000030   Code   RO        13710    .text               mf_w.l(cdcmple.o)
    0x08004a34   0x00000030   Code   RO        13712    .text               mf_w.l(cdrcmple.o)
    0x08004a64   0x00000024   Code   RO        13714    .text               mc_w.l(init.o)
    0x08004a88   0x00000056   Code   RO        13724    .text               mc_w.l(__dczerorl2.o)
    0x08004ade   0x00000002   PAD
    0x08004ae0   0x00000238   Code   RO        11861    i.Accelero_Sensor_Handler  datalog_application.o
    0x08004d18   0x00000030   Code   RO        10366    i.BSP_ACCELERO_Enable_Double_Tap_Detection_Ext  sensortile_accelero.o
    0x08004d48   0x00000036   Code   RO        10379    i.BSP_ACCELERO_Get_Axes  sensortile_accelero.o
    0x08004d7e   0x0000003e   Code   RO        10383    i.BSP_ACCELERO_Get_Double_Tap_Detection_Status_Ext  sensortile_accelero.o
    0x08004dbc   0x00000036   Code   RO        10384    i.BSP_ACCELERO_Get_FS  sensortile_accelero.o
    0x08004df2   0x00000018   Code   RO        10386    i.BSP_ACCELERO_Get_Instance  sensortile_accelero.o
    0x08004e0a   0x00000036   Code   RO        10387    i.BSP_ACCELERO_Get_ODR  sensortile_accelero.o
    0x08004e40   0x00000030   Code   RO        10394    i.BSP_ACCELERO_Get_WhoAmI  sensortile_accelero.o
    0x08004e70   0x00000052   Code   RO        10395    i.BSP_ACCELERO_Init  sensortile_accelero.o
    0x08004ec2   0x00000018   Code   RO        10398    i.BSP_ACCELERO_IsInitialized  sensortile_accelero.o
    0x08004eda   0x00000028   Code   RO        10402    i.BSP_ACCELERO_Sensor_Enable  sensortile_accelero.o
    0x08004f02   0x00000038   Code   RO        10413    i.BSP_ACCELERO_Set_Tap_Threshold_Ext  sensortile_accelero.o
    0x08004f3a   0x00000028   Code   RO        11604    i.BSP_GG_GetSOC     sensortile_gg.o
    0x08004f62   0x00000028   Code   RO        11606    i.BSP_GG_GetVoltage  sensortile_gg.o
    0x08004f8a   0x00000002   PAD
    0x08004f8c   0x00000098   Code   RO        11608    i.BSP_GG_Init       sensortile_gg.o
    0x08005024   0x00000018   Code   RO        11610    i.BSP_GG_IsInitialized  sensortile_gg.o
    0x0800503c   0x00000028   Code   RO        11613    i.BSP_GG_Task       sensortile_gg.o
    0x08005064   0x00000036   Code   RO        10767    i.BSP_GYRO_Get_Axes  sensortile_gyro.o
    0x0800509a   0x00000036   Code   RO        10771    i.BSP_GYRO_Get_FS   sensortile_gyro.o
    0x080050d0   0x00000018   Code   RO        10772    i.BSP_GYRO_Get_Instance  sensortile_gyro.o
    0x080050e8   0x00000036   Code   RO        10773    i.BSP_GYRO_Get_ODR  sensortile_gyro.o
    0x0800511e   0x00000036   Code   RO        10775    i.BSP_GYRO_Get_WhoAmI  sensortile_gyro.o
    0x08005154   0x00000036   Code   RO        10776    i.BSP_GYRO_Init     sensortile_gyro.o
    0x0800518a   0x00000018   Code   RO        10779    i.BSP_GYRO_IsInitialized  sensortile_gyro.o
    0x080051a2   0x00000028   Code   RO        10782    i.BSP_GYRO_Sensor_Enable  sensortile_gyro.o
    0x080051ca   0x00000002   PAD
    0x080051cc   0x000000a0   Code   RO        10938    i.BSP_HTS221_HUMIDITY_Init  sensortile_humidity.o
    0x0800526c   0x000000b0   Code   RO        11373    i.BSP_HTS221_TEMPERATURE_Init  sensortile_temperature.o
    0x0800531c   0x00000036   Code   RO        10946    i.BSP_HUMIDITY_Init  sensortile_humidity.o
    0x08005352   0x00000028   Code   RO        10952    i.BSP_HUMIDITY_Sensor_Enable  sensortile_humidity.o
    0x0800537a   0x00000002   PAD
    0x0800537c   0x00000098   Code   RO        10085    i.BSP_LED_Init      sensortile.o
    0x08005414   0x00000040   Code   RO        10086    i.BSP_LED_Off       sensortile.o
    0x08005454   0x00000040   Code   RO        10087    i.BSP_LED_On        sensortile.o
    0x08005494   0x000000fc   Code   RO        11238    i.BSP_LPS22HB_PRESSURE_Init  sensortile_pressure.o
    0x08005590   0x000000ec   Code   RO        11374    i.BSP_LPS22HB_TEMPERATURE_Init  sensortile_temperature.o
    0x0800567c   0x000000d4   Code   RO        10416    i.BSP_LSM303AGR_ACCELERO_Init  sensortile_accelero.o
    0x08005750   0x000000d0   Code   RO        11073    i.BSP_LSM303AGR_MAGNETO_Init  sensortile_magneto.o
    0x08005820   0x000000d8   Code   RO        10417    i.BSP_LSM6DSM_ACCELERO_Init  sensortile_accelero.o
    0x080058f8   0x000000d0   Code   RO        10789    i.BSP_LSM6DSM_GYRO_Init  sensortile_gyro.o
    0x080059c8   0x00000036   Code   RO        11076    i.BSP_MAGNETO_Get_Axes  sensortile_magneto.o
    0x080059fe   0x00000036   Code   RO        11079    i.BSP_MAGNETO_Get_FS  sensortile_magneto.o
    0x08005a34   0x00000018   Code   RO        11080    i.BSP_MAGNETO_Get_Instance  sensortile_magneto.o
    0x08005a4c   0x00000036   Code   RO        11081    i.BSP_MAGNETO_Get_ODR  sensortile_magneto.o
    0x08005a82   0x00000036   Code   RO        11083    i.BSP_MAGNETO_Get_WhoAmI  sensortile_magneto.o
    0x08005ab8   0x00000036   Code   RO        11084    i.BSP_MAGNETO_Init  sensortile_magneto.o
    0x08005aee   0x00000018   Code   RO        11087    i.BSP_MAGNETO_IsInitialized  sensortile_magneto.o
    0x08005b06   0x00000028   Code   RO        11090    i.BSP_MAGNETO_Sensor_Enable  sensortile_magneto.o
    0x08005b2e   0x00000018   Code   RO        11242    i.BSP_PRESSURE_Get_Instance  sensortile_pressure.o
    0x08005b46   0x00000036   Code   RO        11243    i.BSP_PRESSURE_Get_ODR  sensortile_pressure.o
    0x08005b7c   0x00000036   Code   RO        11244    i.BSP_PRESSURE_Get_Press  sensortile_pressure.o
    0x08005bb2   0x00000036   Code   RO        11245    i.BSP_PRESSURE_Get_WhoAmI  sensortile_pressure.o
    0x08005be8   0x00000036   Code   RO        11246    i.BSP_PRESSURE_Init  sensortile_pressure.o
    0x08005c1e   0x00000018   Code   RO        11249    i.BSP_PRESSURE_IsInitialized  sensortile_pressure.o
    0x08005c36   0x00000028   Code   RO        11252    i.BSP_PRESSURE_Sensor_Enable  sensortile_pressure.o
    0x08005c5e   0x00000052   Code   RO        11382    i.BSP_TEMPERATURE_Init  sensortile_temperature.o
    0x08005cb0   0x00000028   Code   RO        11388    i.BSP_TEMPERATURE_Sensor_Enable  sensortile_temperature.o
    0x08005cd8   0x00000038   Code   RO        12218    i.CDC_Fill_Buffer   usbd_cdc_interface.o
    0x08005d10   0x000000a0   Code   RO        12219    i.CDC_Itf_Control   usbd_cdc_interface.o
    0x08005db0   0x00000004   Code   RO        12220    i.CDC_Itf_DeInit    usbd_cdc_interface.o
    0x08005db4   0x00000068   Code   RO        12221    i.CDC_Itf_Init      usbd_cdc_interface.o
    0x08005e1c   0x00000006   Code   RO        12222    i.CDC_Itf_Receive   usbd_cdc_interface.o
    0x08005e22   0x00000002   PAD
    0x08005e24   0x00000014   Code   RO        11863    i.DATALOG_SD_Log_Disable  datalog_application.o
    0x08005e38   0x00000098   Code   RO        11864    i.DATALOG_SD_Log_Enable  datalog_application.o
    0x08005ed0   0x00000018   Code   RO        11865    i.DATALOG_SD_NewLine  datalog_application.o
    0x08005ee8   0x00000002   Code   RO        12154    i.DebugMon_Handler  stm32l4xx_it.o
    0x08005eea   0x0000000a   Code   RO        12155    i.EXTI2_IRQHandler  stm32l4xx_it.o
    0x08005ef4   0x00000004   Code   RO        11829    i.Error_Handler     cube_hal_l4.o
    0x08005ef8   0x00000004   Code   RO        12008    i.Error_Handler     main.o
    0x08005efc   0x00000002   Code   RO        12223    i.Error_Handler     usbd_cdc_interface.o
    0x08005efe   0x00000002   PAD
    0x08005f00   0x000000c8   Code   RO        11866    i.Gas_Gauge_Handler  datalog_application.o
    0x08005fc8   0x000000d8   Code   RO        12600    i.Get_Attitude      imu.o
    0x080060a0   0x0000029c   Code   RO        11867    i.Gyro_Sensor_Handler  datalog_application.o
    0x0800633c   0x0000001a   Code   RO          461    i.HAL_Delay         stm32l4xx_hal.o
    0x08006356   0x00000002   PAD
    0x08006358   0x0000000c   Code   RO        12009    i.HAL_GPIO_EXTI_Callback  main.o
    0x08006364   0x0000001c   Code   RO          874    i.HAL_GPIO_EXTI_IRQHandler  stm32l4xx_hal_gpio.o
    0x08006380   0x00000208   Code   RO          875    i.HAL_GPIO_Init     stm32l4xx_hal_gpio.o
    0x08006588   0x00000010   Code   RO          877    i.HAL_GPIO_ReadPin  stm32l4xx_hal_gpio.o
    0x08006598   0x0000000a   Code   RO          879    i.HAL_GPIO_WritePin  stm32l4xx_hal_gpio.o
    0x080065a2   0x00000002   PAD
    0x080065a4   0x0000000c   Code   RO          465    i.HAL_GetTick       stm32l4xx_hal.o
    0x080065b0   0x0000003c   Code   RO          940    i.HAL_I2C_DeInit    stm32l4xx_hal_i2c.o
    0x080065ec   0x00000008   Code   RO          948    i.HAL_I2C_GetState  stm32l4xx_hal_i2c.o
    0x080065f4   0x000000bc   Code   RO          949    i.HAL_I2C_Init      stm32l4xx_hal_i2c.o
    0x080066b0   0x000001c2   Code   RO          965    i.HAL_I2C_Mem_Read  stm32l4xx_hal_i2c.o
    0x08006872   0x00000002   PAD
    0x08006874   0x000001be   Code   RO          968    i.HAL_I2C_Mem_Write  stm32l4xx_hal_i2c.o
    0x08006a32   0x00000002   Code   RO          971    i.HAL_I2C_MspDeInit  stm32l4xx_hal_i2c.o
    0x08006a34   0x00000002   Code   RO          972    i.HAL_I2C_MspInit   stm32l4xx_hal_i2c.o
    0x08006a36   0x00000002   PAD
    0x08006a38   0x00000010   Code   RO          466    i.HAL_IncTick       stm32l4xx_hal.o
    0x08006a48   0x00000028   Code   RO          467    i.HAL_Init          stm32l4xx_hal.o
    0x08006a70   0x00000028   Code   RO          468    i.HAL_InitTick      stm32l4xx_hal.o
    0x08006a98   0x00000064   Code   RO        12106    i.HAL_MspInit       stm32l4xx_hal_msp.o
    0x08006afc   0x0000001a   Code   RO          652    i.HAL_NVIC_EnableIRQ  stm32l4xx_hal_cortex.o
    0x08006b16   0x00000082   Code   RO          658    i.HAL_NVIC_SetPriority  stm32l4xx_hal_cortex.o
    0x08006b98   0x00000028   Code   RO          659    i.HAL_NVIC_SetPriorityGrouping  stm32l4xx_hal_cortex.o
    0x08006bc0   0x00000002   Code   RO         4147    i.HAL_PCDEx_LPM_Callback  stm32l4xx_hal_pcd_ex.o
    0x08006bc2   0x0000000e   Code   RO        12286    i.HAL_PCD_ConnectCallback  usbd_conf.o
    0x08006bd0   0x00000020   Code   RO        12287    i.HAL_PCD_DataInStageCallback  usbd_conf.o
    0x08006bf0   0x00000020   Code   RO        12288    i.HAL_PCD_DataOutStageCallback  usbd_conf.o
    0x08006c10   0x0000000e   Code   RO        12289    i.HAL_PCD_DisconnectCallback  usbd_conf.o
    0x08006c1e   0x0000006a   Code   RO         3936    i.HAL_PCD_EP_ClrStall  stm32l4xx_hal_pcd.o
    0x08006c88   0x0000007e   Code   RO         3939    i.HAL_PCD_EP_Open   stm32l4xx_hal_pcd.o
    0x08006d06   0x00000072   Code   RO         3940    i.HAL_PCD_EP_Receive  stm32l4xx_hal_pcd.o
    0x08006d78   0x0000007c   Code   RO         3941    i.HAL_PCD_EP_SetStall  stm32l4xx_hal_pcd.o
    0x08006df4   0x00000074   Code   RO         3942    i.HAL_PCD_EP_Transmit  stm32l4xx_hal_pcd.o
    0x08006e68   0x000006f6   Code   RO         3944    i.HAL_PCD_IRQHandler  stm32l4xx_hal_pcd.o
    0x0800755e   0x00000012   Code   RO        12290    i.HAL_PCD_ISOINIncompleteCallback  usbd_conf.o
    0x08007570   0x00000012   Code   RO        12291    i.HAL_PCD_ISOOUTIncompleteCallback  usbd_conf.o
    0x08007582   0x00000018   Code   RO        12294    i.HAL_PCD_ResetCallback  usbd_conf.o
    0x0800759a   0x0000000e   Code   RO        12295    i.HAL_PCD_ResumeCallback  usbd_conf.o
    0x080075a8   0x0000000e   Code   RO        12296    i.HAL_PCD_SOFCallback  usbd_conf.o
    0x080075b6   0x00000036   Code   RO         3953    i.HAL_PCD_SetAddress  stm32l4xx_hal_pcd.o
    0x080075ec   0x00000012   Code   RO        12297    i.HAL_PCD_SetupStageCallback  usbd_conf.o
    0x080075fe   0x0000000e   Code   RO        12298    i.HAL_PCD_SuspendCallback  usbd_conf.o
    0x0800760c   0x00000014   Code   RO         1560    i.HAL_PWREx_EnableVddIO2  stm32l4xx_hal_pwr_ex.o
    0x08007620   0x00000010   Code   RO         1566    i.HAL_PWREx_GetVoltageRange  stm32l4xx_hal_pwr_ex.o
    0x08007630   0x00000014   Code   RO         1427    i.HAL_PWR_EnableBkUpAccess  stm32l4xx_hal_pwr.o
    0x08007644   0x00000020   Code   RO         1882    i.HAL_RCCEx_DisableLSECSS  stm32l4xx_hal_rcc_ex.o
    0x08007664   0x00000014   Code   RO         1889    i.HAL_RCCEx_EnableMSIPLLMode  stm32l4xx_hal_rcc_ex.o
    0x08007678   0x000004d4   Code   RO         1896    i.HAL_RCCEx_PeriphCLKConfig  stm32l4xx_hal_rcc_ex.o
    0x08007b4c   0x000001e8   Code   RO         1781    i.HAL_RCC_ClockConfig  stm32l4xx_hal_rcc.o
    0x08007d34   0x0000000c   Code   RO         1785    i.HAL_RCC_GetHCLKFreq  stm32l4xx_hal_rcc.o
    0x08007d40   0x0000002c   Code   RO         1787    i.HAL_RCC_GetPCLK1Freq  stm32l4xx_hal_rcc.o
    0x08007d6c   0x0000002c   Code   RO         1788    i.HAL_RCC_GetPCLK2Freq  stm32l4xx_hal_rcc.o
    0x08007d98   0x00000174   Code   RO         1789    i.HAL_RCC_GetSysClockFreq  stm32l4xx_hal_rcc.o
    0x08007f0c   0x00000654   Code   RO         1792    i.HAL_RCC_OscConfig  stm32l4xx_hal_rcc.o
    0x08008560   0x0000004c   Code   RO         2022    i.HAL_RTC_GetDate   stm32l4xx_hal_rtc.o
    0x080085ac   0x00000060   Code   RO         2024    i.HAL_RTC_GetTime   stm32l4xx_hal_rtc.o
    0x0800860c   0x000000c4   Code   RO         2025    i.HAL_RTC_Init      stm32l4xx_hal_rtc.o
    0x080086d0   0x0000002c   Code   RO        12108    i.HAL_RTC_MspInit   stm32l4xx_hal_msp.o
    0x080086fc   0x00000124   Code   RO         2031    i.HAL_RTC_SetDate   stm32l4xx_hal_rtc.o
    0x08008820   0x00000148   Code   RO         2032    i.HAL_RTC_SetTime   stm32l4xx_hal_rtc.o
    0x08008968   0x0000003a   Code   RO         2033    i.HAL_RTC_WaitForSynchro  stm32l4xx_hal_rtc.o
    0x080089a2   0x00000008   Code   RO         2401    i.HAL_SPI_GetState  stm32l4xx_hal_spi.o
    0x080089aa   0x000000ce   Code   RO         2403    i.HAL_SPI_Init      stm32l4xx_hal_spi.o
    0x08008a78   0x00000002   Code   RO         2405    i.HAL_SPI_MspInit   stm32l4xx_hal_spi.o
    0x08008a7a   0x00000034   Code   RO          663    i.HAL_SYSTICK_Config  stm32l4xx_hal_cortex.o
    0x08008aae   0x00000002   Code   RO         3375    i.HAL_TIMEx_BreakCallback  stm32l4xx_hal_tim_ex.o
    0x08008ab0   0x00000002   Code   RO         3376    i.HAL_TIMEx_CommutationCallback  stm32l4xx_hal_tim_ex.o
    0x08008ab2   0x00000002   PAD
    0x08008ab4   0x0000006c   Code   RO         3394    i.HAL_TIMEx_MasterConfigSynchronization  stm32l4xx_hal_tim_ex.o
    0x08008b20   0x00000034   Code   RO         2725    i.HAL_TIM_Base_Init  stm32l4xx_hal_tim.o
    0x08008b54   0x00000044   Code   RO        12110    i.HAL_TIM_Base_MspInit  stm32l4xx_hal_msp.o
    0x08008b98   0x0000001e   Code   RO         2730    i.HAL_TIM_Base_Start_IT  stm32l4xx_hal_tim.o
    0x08008bb6   0x00000002   PAD
    0x08008bb8   0x00000138   Code   RO         2734    i.HAL_TIM_ConfigClockSource  stm32l4xx_hal_tim.o
    0x08008cf0   0x00000002   Code   RO         2754    i.HAL_TIM_IC_CaptureCallback  stm32l4xx_hal_tim.o
    0x08008cf2   0x00000196   Code   RO         2767    i.HAL_TIM_IRQHandler  stm32l4xx_hal_tim.o
    0x08008e88   0x00000002   Code   RO         2770    i.HAL_TIM_OC_DelayElapsedCallback  stm32l4xx_hal_tim.o
    0x08008e8a   0x00000002   Code   RO         2797    i.HAL_TIM_PWM_PulseFinishedCallback  stm32l4xx_hal_tim.o
    0x08008e8c   0x00000074   Code   RO        12224    i.HAL_TIM_PeriodElapsedCallback  usbd_cdc_interface.o
    0x08008f00   0x00000002   Code   RO         2808    i.HAL_TIM_TriggerCallback  stm32l4xx_hal_tim.o
    0x08008f02   0x00000078   Code   RO         4230    i.HAL_UART_Init     stm32l4xx_hal_uart.o
    0x08008f7a   0x00000002   PAD
    0x08008f7c   0x000000ac   Code   RO        12553    i.HAL_UART_MspInit  uart.o
    0x08009028   0x000000c6   Code   RO         4238    i.HAL_UART_Transmit  stm32l4xx_hal_uart.o
    0x080090ee   0x00000036   Code   RO         4601    i.HTS221_Activate   hts221_driver.o
    0x08009124   0x00000028   Code   RO         4838    i.HTS221_Check_WhoAmI  hts221_driver_hl.o
    0x0800914c   0x00000036   Code   RO         4602    i.HTS221_DeActivate  hts221_driver.o
    0x08009182   0x00000032   Code   RO         4606    i.HTS221_Get_DataStatus  hts221_driver.o
    0x080091b4   0x0000001c   Code   RO         4607    i.HTS221_Get_DeviceID  hts221_driver.o
    0x080091d0   0x00000034   Code   RO         4839    i.HTS221_Get_Hum    hts221_driver_hl.o
    0x08009204   0x00000114   Code   RO         4610    i.HTS221_Get_Humidity  hts221_driver.o
    0x08009318   0x00000068   Code   RO         4840    i.HTS221_Get_ODR    hts221_driver_hl.o
    0x08009380   0x0000002c   Code   RO         4617    i.HTS221_Get_Odr    hts221_driver.o
    0x080093ac   0x00000034   Code   RO         4841    i.HTS221_Get_Temp   hts221_driver_hl.o
    0x080093e0   0x00000110   Code   RO         4620    i.HTS221_Get_Temperature  hts221_driver.o
    0x080094f0   0x00000018   Code   RO         4842    i.HTS221_Get_WhoAmI  hts221_driver_hl.o
    0x08009508   0x0000000c   Code   RO         4843    i.HTS221_H_Check_WhoAmI  hts221_driver_hl.o
    0x08009514   0x0000002a   Code   RO         4844    i.HTS221_H_DeInit   hts221_driver_hl.o
    0x0800953e   0x00000034   Code   RO         4845    i.HTS221_H_Get_DRDY_Status  hts221_driver_hl.o
    0x08009572   0x00000010   Code   RO         4846    i.HTS221_H_Get_Hum  hts221_driver_hl.o
    0x08009582   0x00000010   Code   RO         4847    i.HTS221_H_Get_ODR  hts221_driver_hl.o
    0x08009592   0x00000010   Code   RO         4848    i.HTS221_H_Get_WhoAmI  hts221_driver_hl.o
    0x080095a2   0x0000002a   Code   RO         4849    i.HTS221_H_Init     hts221_driver_hl.o
    0x080095cc   0x0000001c   Code   RO         4850    i.HTS221_H_Read_Reg  hts221_driver_hl.o
    0x080095e8   0x00000032   Code   RO         4851    i.HTS221_H_Sensor_Disable  hts221_driver_hl.o
    0x0800961a   0x00000034   Code   RO         4852    i.HTS221_H_Sensor_Enable  hts221_driver_hl.o
    0x0800964e   0x00000010   Code   RO         4853    i.HTS221_H_Set_ODR  hts221_driver_hl.o
    0x0800965e   0x0000001c   Code   RO         4854    i.HTS221_H_Set_ODR_Value  hts221_driver_hl.o
    0x0800967a   0x0000001c   Code   RO         4855    i.HTS221_H_Write_Reg  hts221_driver_hl.o
    0x08009696   0x0000003c   Code   RO         4856    i.HTS221_Init       hts221_driver_hl.o
    0x080096d2   0x00000024   Code   RO         4624    i.HTS221_ReadReg    hts221_driver.o
    0x080096f6   0x0000001e   Code   RO         4857    i.HTS221_Read_Reg   hts221_driver_hl.o
    0x08009714   0x00000014   Code   RO         4858    i.HTS221_Sensor_Disable  hts221_driver_hl.o
    0x08009728   0x00000014   Code   RO         4859    i.HTS221_Sensor_Enable  hts221_driver_hl.o
    0x0800973c   0x00000098   Code   RO         4628    i.HTS221_Set_BduMode  hts221_driver.o
    0x080097d4   0x00000040   Code   RO         4860    i.HTS221_Set_ODR    hts221_driver_hl.o
    0x08009814   0x0000004a   Code   RO         4861    i.HTS221_Set_ODR_Value  hts221_driver_hl.o
    0x0800985e   0x00000002   PAD
    0x08009860   0x0000009c   Code   RO         4634    i.HTS221_Set_Odr    hts221_driver.o
    0x080098fc   0x0000000c   Code   RO         4862    i.HTS221_T_Check_WhoAmI  hts221_driver_hl.o
    0x08009908   0x0000002a   Code   RO         4863    i.HTS221_T_DeInit   hts221_driver_hl.o
    0x08009932   0x00000034   Code   RO         4864    i.HTS221_T_Get_DRDY_Status  hts221_driver_hl.o
    0x08009966   0x00000010   Code   RO         4865    i.HTS221_T_Get_ODR  hts221_driver_hl.o
    0x08009976   0x00000010   Code   RO         4866    i.HTS221_T_Get_Temp  hts221_driver_hl.o
    0x08009986   0x00000010   Code   RO         4867    i.HTS221_T_Get_WhoAmI  hts221_driver_hl.o
    0x08009996   0x0000002a   Code   RO         4868    i.HTS221_T_Init     hts221_driver_hl.o
    0x080099c0   0x0000001c   Code   RO         4869    i.HTS221_T_Read_Reg  hts221_driver_hl.o
    0x080099dc   0x00000032   Code   RO         4870    i.HTS221_T_Sensor_Disable  hts221_driver_hl.o
    0x08009a0e   0x00000034   Code   RO         4871    i.HTS221_T_Sensor_Enable  hts221_driver_hl.o
    0x08009a42   0x00000010   Code   RO         4872    i.HTS221_T_Set_ODR  hts221_driver_hl.o
    0x08009a52   0x0000001c   Code   RO         4873    i.HTS221_T_Set_ODR_Value  hts221_driver_hl.o
    0x08009a6e   0x0000001c   Code   RO         4874    i.HTS221_T_Write_Reg  hts221_driver_hl.o
    0x08009a8a   0x00000024   Code   RO         4637    i.HTS221_WriteReg   hts221_driver.o
    0x08009aae   0x0000001c   Code   RO         4875    i.HTS221_Write_Reg  hts221_driver_hl.o
    0x08009aca   0x00000002   PAD
    0x08009acc   0x00000044   Code   RO         4638    i.HTS221_assert_failed  hts221_driver.o
    0x08009b10   0x00000004   Code   RO        12156    i.HardFault_Handler  stm32l4xx_it.o
    0x08009b14   0x00000028   Code   RO          991    i.I2C_Flush_TXDR    stm32l4xx_hal_i2c.o
    0x08009b3c   0x0000008c   Code   RO          999    i.I2C_IsAcknowledgeFailed  stm32l4xx_hal_i2c.o
    0x08009bc8   0x0000008c   Code   RO         1002    i.I2C_RequestMemoryRead  stm32l4xx_hal_i2c.o
    0x08009c54   0x0000008c   Code   RO         1003    i.I2C_RequestMemoryWrite  stm32l4xx_hal_i2c.o
    0x08009ce0   0x00000014   Code   RO        10089    i.I2C_SENSORTILE_Error  sensortile.o
    0x08009cf4   0x00000048   Code   RO        10090    i.I2C_SENSORTILE_Init  sensortile.o
    0x08009d3c   0x000000a8   Code   RO        10091    i.I2C_SENSORTILE_MspInit  sensortile.o
    0x08009de4   0x0000004e   Code   RO        10092    i.I2C_SENSORTILE_ReadData  sensortile.o
    0x08009e32   0x00000002   PAD
    0x08009e34   0x0000004e   Code   RO        10093    i.I2C_SENSORTILE_WriteData  sensortile.o
    0x08009e82   0x00000002   PAD
    0x08009e84   0x00000030   Code   RO         1006    i.I2C_TransferConfig  stm32l4xx_hal_i2c.o
    0x08009eb4   0x00000056   Code   RO         1007    i.I2C_WaitOnFlagUntilTimeout  stm32l4xx_hal_i2c.o
    0x08009f0a   0x00000056   Code   RO         1009    i.I2C_WaitOnSTOPFlagUntilTimeout  stm32l4xx_hal_i2c.o
    0x08009f60   0x0000005a   Code   RO         1010    i.I2C_WaitOnTXISFlagUntilTimeout  stm32l4xx_hal_i2c.o
    0x08009fba   0x00000002   PAD
    0x08009fbc   0x000004dc   Code   RO        12601    i.IMUupdate         imu.o
    0x0800a498   0x00000028   Code   RO         5452    i.LPS22HB_Check_WhoAmI  lps22hb_driver_hl.o
    0x0800a4c0   0x00000028   Code   RO         5453    i.LPS22HB_FIFO_Get_Data  lps22hb_driver_hl.o
    0x0800a4e8   0x0000001e   Code   RO         5454    i.LPS22HB_FIFO_Get_Empty_Status  lps22hb_driver_hl.o
    0x0800a506   0x0000001e   Code   RO         5455    i.LPS22HB_FIFO_Get_Fth_Status  lps22hb_driver_hl.o
    0x0800a524   0x0000001e   Code   RO         5456    i.LPS22HB_FIFO_Get_Full_Status  lps22hb_driver_hl.o
    0x0800a542   0x0000001e   Code   RO         5457    i.LPS22HB_FIFO_Get_Mode  lps22hb_driver_hl.o
    0x0800a560   0x0000001e   Code   RO         5458    i.LPS22HB_FIFO_Get_Num_Of_Samples  lps22hb_driver_hl.o
    0x0800a57e   0x0000001e   Code   RO         5459    i.LPS22HB_FIFO_Get_Ovr_Status  lps22hb_driver_hl.o
    0x0800a59c   0x00000018   Code   RO         5460    i.LPS22HB_FIFO_Get_Watermark_Level  lps22hb_driver_hl.o
    0x0800a5b4   0x0000004c   Code   RO         5461    i.LPS22HB_FIFO_Reset_Interrupt  lps22hb_driver_hl.o
    0x0800a600   0x0000004c   Code   RO         5462    i.LPS22HB_FIFO_Set_Interrupt  lps22hb_driver_hl.o
    0x0800a64c   0x00000046   Code   RO         5463    i.LPS22HB_FIFO_Set_Mode  lps22hb_driver_hl.o
    0x0800a692   0x00000018   Code   RO         5464    i.LPS22HB_FIFO_Set_Watermark_Level  lps22hb_driver_hl.o
    0x0800a6aa   0x0000002a   Code   RO         5465    i.LPS22HB_FIFO_Stop_On_Fth  lps22hb_driver_hl.o
    0x0800a6d4   0x0000002a   Code   RO         5466    i.LPS22HB_FIFO_Usage  lps22hb_driver_hl.o
    0x0800a6fe   0x0000002a   Code   RO         5467    i.LPS22HB_FIFO_Watermark_Usage  lps22hb_driver_hl.o
    0x0800a728   0x00000044   Code   RO         5061    i.LPS22HB_Get_DataStatus  lps22hb_driver.o
    0x0800a76c   0x0000001c   Code   RO         5062    i.LPS22HB_Get_DeviceID  lps22hb_driver.o
    0x0800a788   0x0000002c   Code   RO         5065    i.LPS22HB_Get_FifoMode  lps22hb_driver.o
    0x0800a7b4   0x00000056   Code   RO         5066    i.LPS22HB_Get_FifoStatus  lps22hb_driver.o
    0x0800a80a   0x00000024   Code   RO         5067    i.LPS22HB_Get_FifoWatermarkLevel  lps22hb_driver.o
    0x0800a82e   0x00000002   PAD
    0x0800a830   0x00000090   Code   RO         5468    i.LPS22HB_Get_ODR   lps22hb_driver_hl.o
    0x0800a8c0   0x00000026   Code   RO         5073    i.LPS22HB_Get_Odr   lps22hb_driver.o
    0x0800a8e6   0x00000002   PAD
    0x0800a8e8   0x00000034   Code   RO         5469    i.LPS22HB_Get_Press  lps22hb_driver_hl.o
    0x0800a91c   0x0000002a   Code   RO         5075    i.LPS22HB_Get_Pressure  lps22hb_driver.o
    0x0800a946   0x00000040   Code   RO         5078    i.LPS22HB_Get_RawPressure  lps22hb_driver.o
    0x0800a986   0x0000002e   Code   RO         5079    i.LPS22HB_Get_RawTemperature  lps22hb_driver.o
    0x0800a9b4   0x00000034   Code   RO         5470    i.LPS22HB_Get_Temp  lps22hb_driver_hl.o
    0x0800a9e8   0x0000002c   Code   RO         5082    i.LPS22HB_Get_Temperature  lps22hb_driver.o
    0x0800aa14   0x00000018   Code   RO         5471    i.LPS22HB_Get_WhoAmI  lps22hb_driver_hl.o
    0x0800aa2c   0x0000008a   Code   RO         5472    i.LPS22HB_Initialize  lps22hb_driver_hl.o
    0x0800aab6   0x0000000c   Code   RO         5473    i.LPS22HB_P_Check_WhoAmI  lps22hb_driver_hl.o
    0x0800aac2   0x00000024   Code   RO         5474    i.LPS22HB_P_DeInit  lps22hb_driver_hl.o
    0x0800aae6   0x0000001e   Code   RO         5475    i.LPS22HB_P_Get_DRDY_Status  lps22hb_driver_hl.o
    0x0800ab04   0x00000010   Code   RO         5476    i.LPS22HB_P_Get_ODR  lps22hb_driver_hl.o
    0x0800ab14   0x00000010   Code   RO         5477    i.LPS22HB_P_Get_Press  lps22hb_driver_hl.o
    0x0800ab24   0x00000010   Code   RO         5478    i.LPS22HB_P_Get_WhoAmI  lps22hb_driver_hl.o
    0x0800ab34   0x00000026   Code   RO         5479    i.LPS22HB_P_Init    lps22hb_driver_hl.o
    0x0800ab5a   0x0000001c   Code   RO         5480    i.LPS22HB_P_Read_Reg  lps22hb_driver_hl.o
    0x0800ab76   0x0000002e   Code   RO         5481    i.LPS22HB_P_Sensor_Disable  lps22hb_driver_hl.o
    0x0800aba4   0x00000034   Code   RO         5482    i.LPS22HB_P_Sensor_Enable  lps22hb_driver_hl.o
    0x0800abd8   0x00000036   Code   RO         5483    i.LPS22HB_P_Set_ODR  lps22hb_driver_hl.o
    0x0800ac0e   0x00000044   Code   RO         5484    i.LPS22HB_P_Set_ODR_Value  lps22hb_driver_hl.o
    0x0800ac52   0x0000001c   Code   RO         5485    i.LPS22HB_P_Write_Reg  lps22hb_driver_hl.o
    0x0800ac6e   0x00000024   Code   RO         5087    i.LPS22HB_ReadReg   lps22hb_driver.o
    0x0800ac92   0x0000001e   Code   RO         5486    i.LPS22HB_Read_Reg  lps22hb_driver_hl.o
    0x0800acb0   0x00000044   Code   RO         5092    i.LPS22HB_Set_AutomaticIncrementRegAddress  lps22hb_driver.o
    0x0800acf4   0x00000040   Code   RO         5093    i.LPS22HB_Set_Bdu   lps22hb_driver.o
    0x0800ad34   0x00000044   Code   RO         5096    i.LPS22HB_Set_FIFO_FTH_Interrupt  lps22hb_driver.o
    0x0800ad78   0x00000044   Code   RO         5097    i.LPS22HB_Set_FIFO_FULL_Interrupt  lps22hb_driver.o
    0x0800adbc   0x00000044   Code   RO         5098    i.LPS22HB_Set_FIFO_OVR_Interrupt  lps22hb_driver.o
    0x0800ae00   0x00000040   Code   RO         5100    i.LPS22HB_Set_FifoMode  lps22hb_driver.o
    0x0800ae40   0x00000044   Code   RO         5101    i.LPS22HB_Set_FifoModeUse  lps22hb_driver.o
    0x0800ae84   0x00000040   Code   RO         5102    i.LPS22HB_Set_FifoWatermarkLevel  lps22hb_driver.o
    0x0800aec4   0x00000044   Code   RO         5103    i.LPS22HB_Set_FifoWatermarkLevelUse  lps22hb_driver.o
    0x0800af08   0x00000046   Code   RO         5105    i.LPS22HB_Set_I2C   lps22hb_driver.o
    0x0800af4e   0x00000044   Code   RO         5111    i.LPS22HB_Set_LowPassFilter  lps22hb_driver.o
    0x0800af92   0x00000040   Code   RO         5112    i.LPS22HB_Set_LowPassFilterCutoff  lps22hb_driver.o
    0x0800afd2   0x00000002   PAD
    0x0800afd4   0x00000068   Code   RO         5487    i.LPS22HB_Set_ODR_Value_When_Disabled  lps22hb_driver_hl.o
    0x0800b03c   0x00000084   Code   RO         5488    i.LPS22HB_Set_ODR_Value_When_Enabled  lps22hb_driver_hl.o
    0x0800b0c0   0x00000054   Code   RO         5489    i.LPS22HB_Set_ODR_When_Disabled  lps22hb_driver_hl.o
    0x0800b114   0x00000054   Code   RO         5490    i.LPS22HB_Set_ODR_When_Enabled  lps22hb_driver_hl.o
    0x0800b168   0x00000040   Code   RO         5113    i.LPS22HB_Set_Odr   lps22hb_driver.o
    0x0800b1a8   0x00000040   Code   RO         5116    i.LPS22HB_Set_PowerMode  lps22hb_driver.o
    0x0800b1e8   0x00000036   Code   RO         5121    i.LPS22HB_SwResetAndMemoryBoot  lps22hb_driver.o
    0x0800b21e   0x0000000c   Code   RO         5491    i.LPS22HB_T_Check_WhoAmI  lps22hb_driver_hl.o
    0x0800b22a   0x00000024   Code   RO         5492    i.LPS22HB_T_DeInit  lps22hb_driver_hl.o
    0x0800b24e   0x0000001e   Code   RO         5493    i.LPS22HB_T_Get_DRDY_Status  lps22hb_driver_hl.o
    0x0800b26c   0x00000010   Code   RO         5494    i.LPS22HB_T_Get_ODR  lps22hb_driver_hl.o
    0x0800b27c   0x00000010   Code   RO         5495    i.LPS22HB_T_Get_Temp  lps22hb_driver_hl.o
    0x0800b28c   0x00000010   Code   RO         5496    i.LPS22HB_T_Get_WhoAmI  lps22hb_driver_hl.o
    0x0800b29c   0x00000026   Code   RO         5497    i.LPS22HB_T_Init    lps22hb_driver_hl.o
    0x0800b2c2   0x0000001c   Code   RO         5498    i.LPS22HB_T_Read_Reg  lps22hb_driver_hl.o
    0x0800b2de   0x0000002e   Code   RO         5499    i.LPS22HB_T_Sensor_Disable  lps22hb_driver_hl.o
    0x0800b30c   0x00000034   Code   RO         5500    i.LPS22HB_T_Sensor_Enable  lps22hb_driver_hl.o
    0x0800b340   0x00000036   Code   RO         5501    i.LPS22HB_T_Set_ODR  lps22hb_driver_hl.o
    0x0800b376   0x00000044   Code   RO         5502    i.LPS22HB_T_Set_ODR_Value  lps22hb_driver_hl.o
    0x0800b3ba   0x0000001c   Code   RO         5503    i.LPS22HB_T_Write_Reg  lps22hb_driver_hl.o
    0x0800b3d6   0x00000024   Code   RO         5122    i.LPS22HB_WriteReg  lps22hb_driver.o
    0x0800b3fa   0x0000001c   Code   RO         5504    i.LPS22HB_Write_Reg  lps22hb_driver_hl.o
    0x0800b416   0x00000002   PAD
    0x0800b418   0x0000015a   Code   RO         5732    i.LSM303AGR_ACC_Get_Acceleration  lsm303agr_acc_driver.o
    0x0800b572   0x0000001c   Code   RO         5733    i.LSM303AGR_ACC_Get_Raw_Acceleration  lsm303agr_acc_driver.o
    0x0800b58e   0x00000024   Code   RO         5769    i.LSM303AGR_ACC_R_FullScale  lsm303agr_acc_driver.o
    0x0800b5b2   0x00000024   Code   RO         5770    i.LSM303AGR_ACC_R_HiRes  lsm303agr_acc_driver.o
    0x0800b5d6   0x00000024   Code   RO         5808    i.LSM303AGR_ACC_R_LOWPWR_EN  lsm303agr_acc_driver.o
    0x0800b5fa   0x00000024   Code   RO         5812    i.LSM303AGR_ACC_R_ODR  lsm303agr_acc_driver.o
    0x0800b61e   0x00000024   Code   RO         5821    i.LSM303AGR_ACC_R_WHO_AM_I  lsm303agr_acc_driver.o
    0x0800b642   0x00000024   Code   RO         5823    i.LSM303AGR_ACC_R_XDataAvail  lsm303agr_acc_driver.o
    0x0800b666   0x00000024   Code   RO         5826    i.LSM303AGR_ACC_R_XEN  lsm303agr_acc_driver.o
    0x0800b68a   0x00000024   Code   RO         5833    i.LSM303AGR_ACC_R_YEN  lsm303agr_acc_driver.o
    0x0800b6ae   0x00000024   Code   RO         5838    i.LSM303AGR_ACC_R_ZEN  lsm303agr_acc_driver.o
    0x0800b6d2   0x00000024   Code   RO         5850    i.LSM303AGR_ACC_ReadReg  lsm303agr_acc_driver.o
    0x0800b6f6   0x00000040   Code   RO         5854    i.LSM303AGR_ACC_W_BlockDataUpdate  lsm303agr_acc_driver.o
    0x0800b736   0x00000040   Code   RO         5870    i.LSM303AGR_ACC_W_FifoMode  lsm303agr_acc_driver.o
    0x0800b776   0x00000040   Code   RO         5872    i.LSM303AGR_ACC_W_FullScale  lsm303agr_acc_driver.o
    0x0800b7b6   0x00000040   Code   RO         5901    i.LSM303AGR_ACC_W_ODR  lsm303agr_acc_driver.o
    0x0800b7f6   0x00000040   Code   RO         5910    i.LSM303AGR_ACC_W_XEN  lsm303agr_acc_driver.o
    0x0800b836   0x00000040   Code   RO         5913    i.LSM303AGR_ACC_W_YEN  lsm303agr_acc_driver.o
    0x0800b876   0x00000040   Code   RO         5916    i.LSM303AGR_ACC_W_ZEN  lsm303agr_acc_driver.o
    0x0800b8b6   0x00000024   Code   RO         5923    i.LSM303AGR_ACC_WriteReg  lsm303agr_acc_driver.o
    0x0800b8da   0x0000001c   Code   RO         6899    i.LSM303AGR_MAG_Get_Raw_Magnetic  lsm303agr_mag_driver.o
    0x0800b8f6   0x00000024   Code   RO         6917    i.LSM303AGR_MAG_R_ODR  lsm303agr_mag_driver.o
    0x0800b91a   0x00000024   Code   RO         6931    i.LSM303AGR_MAG_R_WHO_AM_I  lsm303agr_mag_driver.o
    0x0800b93e   0x00000024   Code   RO         6941    i.LSM303AGR_MAG_R_ZYXDA  lsm303agr_mag_driver.o
    0x0800b962   0x00000024   Code   RO         6943    i.LSM303AGR_MAG_ReadReg  lsm303agr_mag_driver.o
    0x0800b986   0x00000040   Code   RO         6946    i.LSM303AGR_MAG_W_BDU  lsm303agr_mag_driver.o
    0x0800b9c6   0x00000040   Code   RO         6948    i.LSM303AGR_MAG_W_I2C_DIS  lsm303agr_mag_driver.o
    0x0800ba06   0x00000040   Code   RO         6957    i.LSM303AGR_MAG_W_MD  lsm303agr_mag_driver.o
    0x0800ba46   0x00000040   Code   RO         6958    i.LSM303AGR_MAG_W_ODR  lsm303agr_mag_driver.o
    0x0800ba86   0x00000040   Code   RO         6968    i.LSM303AGR_MAG_W_ST  lsm303agr_mag_driver.o
    0x0800bac6   0x00000024   Code   RO         6972    i.LSM303AGR_MAG_WriteReg  lsm303agr_mag_driver.o
    0x0800baea   0x00000028   Code   RO         9794    i.LSM303AGR_M_Check_WhoAmI  lsm303agr_mag_driver_hl.o
    0x0800bb12   0x00000030   Code   RO         9795    i.LSM303AGR_M_DeInit  lsm303agr_mag_driver_hl.o
    0x0800bb42   0x00000002   PAD
    0x0800bb44   0x00000088   Code   RO         9796    i.LSM303AGR_M_Get_Axes  lsm303agr_mag_driver_hl.o
    0x0800bbcc   0x0000002a   Code   RO         9797    i.LSM303AGR_M_Get_AxesRaw  lsm303agr_mag_driver_hl.o
    0x0800bbf6   0x0000002c   Code   RO         9798    i.LSM303AGR_M_Get_Axes_Raw  lsm303agr_mag_driver_hl.o
    0x0800bc22   0x00000034   Code   RO         9799    i.LSM303AGR_M_Get_DRDY_Status  lsm303agr_mag_driver_hl.o
    0x0800bc56   0x00000002   PAD
    0x0800bc58   0x00000014   Code   RO         9800    i.LSM303AGR_M_Get_FS  lsm303agr_mag_driver_hl.o
    0x0800bc6c   0x0000006c   Code   RO         9801    i.LSM303AGR_M_Get_ODR  lsm303agr_mag_driver_hl.o
    0x0800bcd8   0x0000000e   Code   RO         9802    i.LSM303AGR_M_Get_Sensitivity  lsm303agr_mag_driver_hl.o
    0x0800bce6   0x00000018   Code   RO         9803    i.LSM303AGR_M_Get_WhoAmI  lsm303agr_mag_driver_hl.o
    0x0800bcfe   0x0000006a   Code   RO         9804    i.LSM303AGR_M_Init  lsm303agr_mag_driver_hl.o
    0x0800bd68   0x0000001e   Code   RO         9805    i.LSM303AGR_M_Read_Reg  lsm303agr_mag_driver_hl.o
    0x0800bd86   0x00000022   Code   RO         9806    i.LSM303AGR_M_Sensor_Disable  lsm303agr_mag_driver_hl.o
    0x0800bda8   0x00000024   Code   RO         9807    i.LSM303AGR_M_Sensor_Enable  lsm303agr_mag_driver_hl.o
    0x0800bdcc   0x00000006   Code   RO         9808    i.LSM303AGR_M_Set_FS  lsm303agr_mag_driver_hl.o
    0x0800bdd2   0x00000006   Code   RO         9809    i.LSM303AGR_M_Set_FS_Value  lsm303agr_mag_driver_hl.o
    0x0800bdd8   0x00000040   Code   RO         9810    i.LSM303AGR_M_Set_ODR  lsm303agr_mag_driver_hl.o
    0x0800be18   0x00000060   Code   RO         9811    i.LSM303AGR_M_Set_ODR_Value  lsm303agr_mag_driver_hl.o
    0x0800be78   0x0000001c   Code   RO         9812    i.LSM303AGR_M_Write_Reg  lsm303agr_mag_driver_hl.o
    0x0800be94   0x00000028   Code   RO         9639    i.LSM303AGR_X_Check_WhoAmI  lsm303agr_acc_driver_hl.o
    0x0800bebc   0x0000003c   Code   RO         9640    i.LSM303AGR_X_DeInit  lsm303agr_acc_driver_hl.o
    0x0800bef8   0x00000024   Code   RO         9641    i.LSM303AGR_X_Get_Axes  lsm303agr_acc_driver_hl.o
    0x0800bf1c   0x0000002a   Code   RO         9642    i.LSM303AGR_X_Get_AxesRaw  lsm303agr_acc_driver_hl.o
    0x0800bf46   0x00000088   Code   RO         9643    i.LSM303AGR_X_Get_Axes_Raw  lsm303agr_acc_driver_hl.o
    0x0800bfce   0x00000062   Code   RO         9644    i.LSM303AGR_X_Get_Axes_Status  lsm303agr_acc_driver_hl.o
    0x0800c030   0x00000032   Code   RO         9645    i.LSM303AGR_X_Get_DRDY_Status  lsm303agr_acc_driver_hl.o
    0x0800c062   0x00000062   Code   RO         9646    i.LSM303AGR_X_Get_FS  lsm303agr_acc_driver_hl.o
    0x0800c0c4   0x000000a8   Code   RO         9647    i.LSM303AGR_X_Get_ODR  lsm303agr_acc_driver_hl.o
    0x0800c16c   0x0000006c   Code   RO         9648    i.LSM303AGR_X_Get_Sensitivity  lsm303agr_acc_driver_hl.o
    0x0800c1d8   0x00000074   Code   RO         9649    i.LSM303AGR_X_Get_Sensitivity_HR_Mode  lsm303agr_acc_driver_hl.o
    0x0800c24c   0x00000074   Code   RO         9650    i.LSM303AGR_X_Get_Sensitivity_LP_Mode  lsm303agr_acc_driver_hl.o
    0x0800c2c0   0x00000074   Code   RO         9651    i.LSM303AGR_X_Get_Sensitivity_Normal_Mode  lsm303agr_acc_driver_hl.o
    0x0800c334   0x00000018   Code   RO         9652    i.LSM303AGR_X_Get_WhoAmI  lsm303agr_acc_driver_hl.o
    0x0800c34c   0x0000007c   Code   RO         9653    i.LSM303AGR_X_Init  lsm303agr_acc_driver_hl.o
    0x0800c3c8   0x0000001e   Code   RO         9654    i.LSM303AGR_X_Read_Reg  lsm303agr_acc_driver_hl.o
    0x0800c3e6   0x00000034   Code   RO         9655    i.LSM303AGR_X_Sensor_Disable  lsm303agr_acc_driver_hl.o
    0x0800c41a   0x0000002e   Code   RO         9656    i.LSM303AGR_X_Sensor_Enable  lsm303agr_acc_driver_hl.o
    0x0800c448   0x00000056   Code   RO         9657    i.LSM303AGR_X_Set_Axes_Status  lsm303agr_acc_driver_hl.o
    0x0800c49e   0x00000036   Code   RO         9658    i.LSM303AGR_X_Set_FS  lsm303agr_acc_driver_hl.o
    0x0800c4d4   0x0000005c   Code   RO         9659    i.LSM303AGR_X_Set_FS_Value  lsm303agr_acc_driver_hl.o
    0x0800c530   0x0000002c   Code   RO         9660    i.LSM303AGR_X_Set_ODR  lsm303agr_acc_driver_hl.o
    0x0800c55c   0x0000003a   Code   RO         9661    i.LSM303AGR_X_Set_ODR_Value  lsm303agr_acc_driver_hl.o
    0x0800c596   0x00000002   PAD
    0x0800c598   0x0000009c   Code   RO         9662    i.LSM303AGR_X_Set_ODR_Value_When_Disabled  lsm303agr_acc_driver_hl.o
    0x0800c634   0x000000a0   Code   RO         9663    i.LSM303AGR_X_Set_ODR_Value_When_Enabled  lsm303agr_acc_driver_hl.o
    0x0800c6d4   0x0000005c   Code   RO         9664    i.LSM303AGR_X_Set_ODR_When_Disabled  lsm303agr_acc_driver_hl.o
    0x0800c730   0x00000040   Code   RO         9665    i.LSM303AGR_X_Set_ODR_When_Enabled  lsm303agr_acc_driver_hl.o
    0x0800c770   0x0000001c   Code   RO         9666    i.LSM303AGR_X_Write_Reg  lsm303agr_acc_driver_hl.o
    0x0800c78c   0x00000044   Code   RO         7813    i.LSM6DSM_ACC_GYRO_GetRawAccData  lsm6dsm_acc_gyro_driver.o
    0x0800c7d0   0x00000044   Code   RO         7814    i.LSM6DSM_ACC_GYRO_GetRawGyroData  lsm6dsm_acc_gyro_driver.o
    0x0800c814   0x00000044   Code   RO         7816    i.LSM6DSM_ACC_GYRO_Get_GetStepCounter  lsm6dsm_acc_gyro_driver.o
    0x0800c858   0x00000022   Code   RO         7828    i.LSM6DSM_ACC_GYRO_R_D6D_EV_STATUS  lsm6dsm_acc_gyro_driver.o
    0x0800c87a   0x00000022   Code   RO         7837    i.LSM6DSM_ACC_GYRO_R_DOUBLE_TAP_EV_STATUS  lsm6dsm_acc_gyro_driver.o
    0x0800c89c   0x00000022   Code   RO         7846    i.LSM6DSM_ACC_GYRO_R_DSD_XH  lsm6dsm_acc_gyro_driver.o
    0x0800c8be   0x00000022   Code   RO         7847    i.LSM6DSM_ACC_GYRO_R_DSD_XL  lsm6dsm_acc_gyro_driver.o
    0x0800c8e0   0x00000022   Code   RO         7848    i.LSM6DSM_ACC_GYRO_R_DSD_YH  lsm6dsm_acc_gyro_driver.o
    0x0800c902   0x00000022   Code   RO         7849    i.LSM6DSM_ACC_GYRO_R_DSD_YL  lsm6dsm_acc_gyro_driver.o
    0x0800c924   0x00000022   Code   RO         7850    i.LSM6DSM_ACC_GYRO_R_DSD_ZH  lsm6dsm_acc_gyro_driver.o
    0x0800c946   0x00000022   Code   RO         7851    i.LSM6DSM_ACC_GYRO_R_DSD_ZL  lsm6dsm_acc_gyro_driver.o
    0x0800c968   0x00000022   Code   RO         7858    i.LSM6DSM_ACC_GYRO_R_FF_EV_STATUS  lsm6dsm_acc_gyro_driver.o
    0x0800c98a   0x00000022   Code   RO         7869    i.LSM6DSM_ACC_GYRO_R_FS_125  lsm6dsm_acc_gyro_driver.o
    0x0800c9ac   0x00000022   Code   RO         7870    i.LSM6DSM_ACC_GYRO_R_FS_G  lsm6dsm_acc_gyro_driver.o
    0x0800c9ce   0x00000022   Code   RO         7871    i.LSM6DSM_ACC_GYRO_R_FS_XL  lsm6dsm_acc_gyro_driver.o
    0x0800c9f0   0x00000022   Code   RO         7875    i.LSM6DSM_ACC_GYRO_R_GDA  lsm6dsm_acc_gyro_driver.o
    0x0800ca12   0x00000022   Code   RO         7900    i.LSM6DSM_ACC_GYRO_R_ODR_G  lsm6dsm_acc_gyro_driver.o
    0x0800ca34   0x00000022   Code   RO         7901    i.LSM6DSM_ACC_GYRO_R_ODR_XL  lsm6dsm_acc_gyro_driver.o
    0x0800ca56   0x00000022   Code   RO         7907    i.LSM6DSM_ACC_GYRO_R_PEDO_EV_STATUS  lsm6dsm_acc_gyro_driver.o
    0x0800ca78   0x00000022   Code   RO         7919    i.LSM6DSM_ACC_GYRO_R_SINGLE_TAP_EV_STATUS  lsm6dsm_acc_gyro_driver.o
    0x0800ca9a   0x00000022   Code   RO         7953    i.LSM6DSM_ACC_GYRO_R_TILT_EV_STATUS  lsm6dsm_acc_gyro_driver.o
    0x0800cabc   0x00000022   Code   RO         7965    i.LSM6DSM_ACC_GYRO_R_WHO_AM_I  lsm6dsm_acc_gyro_driver.o
    0x0800cade   0x00000022   Code   RO         7969    i.LSM6DSM_ACC_GYRO_R_WU_EV_STATUS  lsm6dsm_acc_gyro_driver.o
    0x0800cb00   0x00000022   Code   RO         7971    i.LSM6DSM_ACC_GYRO_R_XLDA  lsm6dsm_acc_gyro_driver.o
    0x0800cb22   0x0000001e   Code   RO         7979    i.LSM6DSM_ACC_GYRO_ReadReg  lsm6dsm_acc_gyro_driver.o
    0x0800cb40   0x0000003e   Code   RO         7986    i.LSM6DSM_ACC_GYRO_W_6DEvOnInt2  lsm6dsm_acc_gyro_driver.o
    0x0800cb7e   0x0000003e   Code   RO         7987    i.LSM6DSM_ACC_GYRO_W_BASIC_INT  lsm6dsm_acc_gyro_driver.o
    0x0800cbbc   0x0000003e   Code   RO         7988    i.LSM6DSM_ACC_GYRO_W_BDU  lsm6dsm_acc_gyro_driver.o
    0x0800cbfa   0x00000046   Code   RO         8013    i.LSM6DSM_ACC_GYRO_W_DUR  lsm6dsm_acc_gyro_driver.o
    0x0800cc40   0x0000003e   Code   RO         8014    i.LSM6DSM_ACC_GYRO_W_EmbeddedAccess  lsm6dsm_acc_gyro_driver.o
    0x0800cc7e   0x0000003e   Code   RO         8017    i.LSM6DSM_ACC_GYRO_W_FFEvOnInt2  lsm6dsm_acc_gyro_driver.o
    0x0800ccbc   0x00000088   Code   RO         8018    i.LSM6DSM_ACC_GYRO_W_FF_Duration  lsm6dsm_acc_gyro_driver.o
    0x0800cd44   0x0000003e   Code   RO         8019    i.LSM6DSM_ACC_GYRO_W_FF_THS  lsm6dsm_acc_gyro_driver.o
    0x0800cd82   0x0000003e   Code   RO         8020    i.LSM6DSM_ACC_GYRO_W_FIFO_MODE  lsm6dsm_acc_gyro_driver.o
    0x0800cdc0   0x0000003e   Code   RO         8025    i.LSM6DSM_ACC_GYRO_W_FS_125  lsm6dsm_acc_gyro_driver.o
    0x0800cdfe   0x0000003e   Code   RO         8026    i.LSM6DSM_ACC_GYRO_W_FS_G  lsm6dsm_acc_gyro_driver.o
    0x0800ce3c   0x0000003e   Code   RO         8027    i.LSM6DSM_ACC_GYRO_W_FS_XL  lsm6dsm_acc_gyro_driver.o
    0x0800ce7a   0x0000003e   Code   RO         8030    i.LSM6DSM_ACC_GYRO_W_FUNC_EN  lsm6dsm_acc_gyro_driver.o
    0x0800ceb8   0x0000003e   Code   RO         8038    i.LSM6DSM_ACC_GYRO_W_I2C_DISABLE  lsm6dsm_acc_gyro_driver.o
    0x0800cef6   0x0000003e   Code   RO         8040    i.LSM6DSM_ACC_GYRO_W_IF_Addr_Incr  lsm6dsm_acc_gyro_driver.o
    0x0800cf34   0x0000003e   Code   RO         8054    i.LSM6DSM_ACC_GYRO_W_ODR_G  lsm6dsm_acc_gyro_driver.o
    0x0800cf72   0x0000003e   Code   RO         8055    i.LSM6DSM_ACC_GYRO_W_ODR_XL  lsm6dsm_acc_gyro_driver.o
    0x0800cfb0   0x0000003e   Code   RO         8059    i.LSM6DSM_ACC_GYRO_W_PEDO  lsm6dsm_acc_gyro_driver.o
    0x0800cfee   0x0000003e   Code   RO         8062    i.LSM6DSM_ACC_GYRO_W_PedoStepReset  lsm6dsm_acc_gyro_driver.o
    0x0800d02c   0x0000005e   Code   RO         8063    i.LSM6DSM_ACC_GYRO_W_PedoThreshold  lsm6dsm_acc_gyro_driver.o
    0x0800d08a   0x00000046   Code   RO         8064    i.LSM6DSM_ACC_GYRO_W_QUIET_Duration  lsm6dsm_acc_gyro_driver.o
    0x0800d0d0   0x00000044   Code   RO         8067    i.LSM6DSM_ACC_GYRO_W_SHOCK_Duration  lsm6dsm_acc_gyro_driver.o
    0x0800d114   0x0000003e   Code   RO         8069    i.LSM6DSM_ACC_GYRO_W_SINGLE_DOUBLE_TAP_EV  lsm6dsm_acc_gyro_driver.o
    0x0800d152   0x0000003e   Code   RO         8070    i.LSM6DSM_ACC_GYRO_W_SIXD_THS  lsm6dsm_acc_gyro_driver.o
    0x0800d190   0x00000044   Code   RO         8071    i.LSM6DSM_ACC_GYRO_W_SLEEP_DUR  lsm6dsm_acc_gyro_driver.o
    0x0800d1d4   0x0000003e   Code   RO         8076    i.LSM6DSM_ACC_GYRO_W_STEP_DELTA_on_INT2  lsm6dsm_acc_gyro_driver.o
    0x0800d212   0x0000003e   Code   RO         8086    i.LSM6DSM_ACC_GYRO_W_SingleTapOnInt2  lsm6dsm_acc_gyro_driver.o
    0x0800d250   0x00000044   Code   RO         8091    i.LSM6DSM_ACC_GYRO_W_TAP_THS  lsm6dsm_acc_gyro_driver.o
    0x0800d294   0x0000003e   Code   RO         8092    i.LSM6DSM_ACC_GYRO_W_TAP_X_EN  lsm6dsm_acc_gyro_driver.o
    0x0800d2d2   0x0000003e   Code   RO         8093    i.LSM6DSM_ACC_GYRO_W_TAP_Y_EN  lsm6dsm_acc_gyro_driver.o
    0x0800d310   0x0000003e   Code   RO         8094    i.LSM6DSM_ACC_GYRO_W_TAP_Z_EN  lsm6dsm_acc_gyro_driver.o
    0x0800d34e   0x0000003e   Code   RO         8095    i.LSM6DSM_ACC_GYRO_W_TILT  lsm6dsm_acc_gyro_driver.o
    0x0800d38c   0x0000003e   Code   RO         8097    i.LSM6DSM_ACC_GYRO_W_TIMER_HR  lsm6dsm_acc_gyro_driver.o
    0x0800d3ca   0x0000003e   Code   RO         8101    i.LSM6DSM_ACC_GYRO_W_TapEvOnInt2  lsm6dsm_acc_gyro_driver.o
    0x0800d408   0x0000003e   Code   RO         8103    i.LSM6DSM_ACC_GYRO_W_TiltEvOnInt2  lsm6dsm_acc_gyro_driver.o
    0x0800d446   0x00000046   Code   RO         8106    i.LSM6DSM_ACC_GYRO_W_WAKE_DUR  lsm6dsm_acc_gyro_driver.o
    0x0800d48c   0x00000044   Code   RO         8107    i.LSM6DSM_ACC_GYRO_W_WK_THS  lsm6dsm_acc_gyro_driver.o
    0x0800d4d0   0x0000003e   Code   RO         8109    i.LSM6DSM_ACC_GYRO_W_WUEvOnInt2  lsm6dsm_acc_gyro_driver.o
    0x0800d50e   0x0000001c   Code   RO         8111    i.LSM6DSM_ACC_GYRO_WriteReg  lsm6dsm_acc_gyro_driver.o
    0x0800d52a   0x00000028   Code   RO         7367    i.LSM6DSM_Check_WhoAmI  lsm6dsm_acc_gyro_driver_hl.o
    0x0800d552   0x0000000c   Code   RO         7368    i.LSM6DSM_G_Check_WhoAmI  lsm6dsm_acc_gyro_driver_hl.o
    0x0800d55e   0x00000002   PAD
    0x0800d560   0x0000003c   Code   RO         7369    i.LSM6DSM_G_DeInit  lsm6dsm_acc_gyro_driver_hl.o
    0x0800d59c   0x00000088   Code   RO         7370    i.LSM6DSM_G_Get_Axes  lsm6dsm_acc_gyro_driver_hl.o
    0x0800d624   0x0000002a   Code   RO         7371    i.LSM6DSM_G_Get_AxesRaw  lsm6dsm_acc_gyro_driver_hl.o
    0x0800d64e   0x0000004e   Code   RO         7372    i.LSM6DSM_G_Get_Axes_Raw  lsm6dsm_acc_gyro_driver_hl.o
    0x0800d69c   0x00000034   Code   RO         7373    i.LSM6DSM_G_Get_DRDY_Status  lsm6dsm_acc_gyro_driver_hl.o
    0x0800d6d0   0x00000098   Code   RO         7374    i.LSM6DSM_G_Get_FS  lsm6dsm_acc_gyro_driver_hl.o
    0x0800d768   0x000000dc   Code   RO         7375    i.LSM6DSM_G_Get_ODR  lsm6dsm_acc_gyro_driver_hl.o
    0x0800d844   0x00000098   Code   RO         7376    i.LSM6DSM_G_Get_Sensitivity  lsm6dsm_acc_gyro_driver_hl.o
    0x0800d8dc   0x00000010   Code   RO         7377    i.LSM6DSM_G_Get_WhoAmI  lsm6dsm_acc_gyro_driver_hl.o
    0x0800d8ec   0x00000078   Code   RO         7378    i.LSM6DSM_G_Init    lsm6dsm_acc_gyro_driver_hl.o
    0x0800d964   0x0000001c   Code   RO         7379    i.LSM6DSM_G_Read_Reg  lsm6dsm_acc_gyro_driver_hl.o
    0x0800d980   0x00000034   Code   RO         7380    i.LSM6DSM_G_Sensor_Disable  lsm6dsm_acc_gyro_driver_hl.o
    0x0800d9b4   0x0000002e   Code   RO         7381    i.LSM6DSM_G_Sensor_Enable  lsm6dsm_acc_gyro_driver_hl.o
    0x0800d9e2   0x00000036   Code   RO         7382    i.LSM6DSM_G_Set_FS  lsm6dsm_acc_gyro_driver_hl.o
    0x0800da18   0x00000098   Code   RO         7383    i.LSM6DSM_G_Set_FS_Value  lsm6dsm_acc_gyro_driver_hl.o
    0x0800dab0   0x0000002c   Code   RO         7384    i.LSM6DSM_G_Set_ODR  lsm6dsm_acc_gyro_driver_hl.o
    0x0800dadc   0x0000003a   Code   RO         7385    i.LSM6DSM_G_Set_ODR_Value  lsm6dsm_acc_gyro_driver_hl.o
    0x0800db16   0x00000002   PAD
    0x0800db18   0x000000e8   Code   RO         7386    i.LSM6DSM_G_Set_ODR_Value_When_Disabled  lsm6dsm_acc_gyro_driver_hl.o
    0x0800dc00   0x000000e4   Code   RO         7387    i.LSM6DSM_G_Set_ODR_Value_When_Enabled  lsm6dsm_acc_gyro_driver_hl.o
    0x0800dce4   0x0000005c   Code   RO         7388    i.LSM6DSM_G_Set_ODR_When_Disabled  lsm6dsm_acc_gyro_driver_hl.o
    0x0800dd40   0x00000040   Code   RO         7389    i.LSM6DSM_G_Set_ODR_When_Enabled  lsm6dsm_acc_gyro_driver_hl.o
    0x0800dd80   0x0000001c   Code   RO         7390    i.LSM6DSM_G_Write_Reg  lsm6dsm_acc_gyro_driver_hl.o
    0x0800dd9c   0x00000018   Code   RO         7391    i.LSM6DSM_Get_WhoAmI  lsm6dsm_acc_gyro_driver_hl.o
    0x0800ddb4   0x00000058   Code   RO        10094    i.LSM6DSM_Sensor_IO_ITConfig  sensortile.o
    0x0800de0c   0x0000000c   Code   RO         7392    i.LSM6DSM_X_Check_WhoAmI  lsm6dsm_acc_gyro_driver_hl.o
    0x0800de18   0x00000090   Code   RO         7393    i.LSM6DSM_X_DeInit  lsm6dsm_acc_gyro_driver_hl.o
    0x0800dea8   0x00000032   Code   RO         7394    i.LSM6DSM_X_Disable_6D_Orientation  lsm6dsm_acc_gyro_driver_hl.o
    0x0800deda   0x00000094   Code   RO         7395    i.LSM6DSM_X_Disable_Double_Tap_Detection  lsm6dsm_acc_gyro_driver_hl.o
    0x0800df6e   0x00000040   Code   RO         7396    i.LSM6DSM_X_Disable_Free_Fall_Detection  lsm6dsm_acc_gyro_driver_hl.o
    0x0800dfae   0x00000040   Code   RO         7397    i.LSM6DSM_X_Disable_Pedometer  lsm6dsm_acc_gyro_driver_hl.o
    0x0800dfee   0x00000078   Code   RO         7398    i.LSM6DSM_X_Disable_Single_Tap_Detection  lsm6dsm_acc_gyro_driver_hl.o
    0x0800e066   0x00000016   Code   RO         7399    i.LSM6DSM_X_Disable_Step_Counter_Reset  lsm6dsm_acc_gyro_driver_hl.o
    0x0800e07c   0x00000032   Code   RO         7400    i.LSM6DSM_X_Disable_Tilt_Detection  lsm6dsm_acc_gyro_driver_hl.o
    0x0800e0ae   0x00000040   Code   RO         7401    i.LSM6DSM_X_Disable_Wake_Up_Detection  lsm6dsm_acc_gyro_driver_hl.o
    0x0800e0ee   0x00000002   PAD
    0x0800e0f0   0x00000054   Code   RO         7402    i.LSM6DSM_X_Enable_6D_Orientation  lsm6dsm_acc_gyro_driver_hl.o
    0x0800e144   0x000000b8   Code   RO         7403    i.LSM6DSM_X_Enable_Double_Tap_Detection  lsm6dsm_acc_gyro_driver_hl.o
    0x0800e1fc   0x0000008c   Code   RO         7404    i.LSM6DSM_X_Enable_Free_Fall_Detection  lsm6dsm_acc_gyro_driver_hl.o
    0x0800e288   0x0000005e   Code   RO         7405    i.LSM6DSM_X_Enable_Pedometer  lsm6dsm_acc_gyro_driver_hl.o
    0x0800e2e6   0x00000002   PAD
    0x0800e2e8   0x0000009c   Code   RO         7406    i.LSM6DSM_X_Enable_Single_Tap_Detection  lsm6dsm_acc_gyro_driver_hl.o
    0x0800e384   0x00000016   Code   RO         7407    i.LSM6DSM_X_Enable_Step_Counter_Reset  lsm6dsm_acc_gyro_driver_hl.o
    0x0800e39a   0x00000050   Code   RO         7408    i.LSM6DSM_X_Enable_Tilt_Detection  lsm6dsm_acc_gyro_driver_hl.o
    0x0800e3ea   0x00000002   PAD
    0x0800e3ec   0x00000064   Code   RO         7409    i.LSM6DSM_X_Enable_Wake_Up_Detection  lsm6dsm_acc_gyro_driver_hl.o
    0x0800e450   0x00000034   Code   RO         7410    i.LSM6DSM_X_Get_6D_Orientation_Status  lsm6dsm_acc_gyro_driver_hl.o
    0x0800e484   0x00000034   Code   RO         7411    i.LSM6DSM_X_Get_6D_Orientation_XH  lsm6dsm_acc_gyro_driver_hl.o
    0x0800e4b8   0x00000032   Code   RO         7412    i.LSM6DSM_X_Get_6D_Orientation_XL  lsm6dsm_acc_gyro_driver_hl.o
    0x0800e4ea   0x00000034   Code   RO         7413    i.LSM6DSM_X_Get_6D_Orientation_YH  lsm6dsm_acc_gyro_driver_hl.o
    0x0800e51e   0x00000034   Code   RO         7414    i.LSM6DSM_X_Get_6D_Orientation_YL  lsm6dsm_acc_gyro_driver_hl.o
    0x0800e552   0x00000034   Code   RO         7415    i.LSM6DSM_X_Get_6D_Orientation_ZH  lsm6dsm_acc_gyro_driver_hl.o
    0x0800e586   0x00000034   Code   RO         7416    i.LSM6DSM_X_Get_6D_Orientation_ZL  lsm6dsm_acc_gyro_driver_hl.o
    0x0800e5ba   0x00000002   PAD
    0x0800e5bc   0x00000088   Code   RO         7417    i.LSM6DSM_X_Get_Axes  lsm6dsm_acc_gyro_driver_hl.o
    0x0800e644   0x0000002a   Code   RO         7418    i.LSM6DSM_X_Get_AxesRaw  lsm6dsm_acc_gyro_driver_hl.o
    0x0800e66e   0x0000004e   Code   RO         7419    i.LSM6DSM_X_Get_Axes_Raw  lsm6dsm_acc_gyro_driver_hl.o
    0x0800e6bc   0x00000032   Code   RO         7420    i.LSM6DSM_X_Get_DRDY_Status  lsm6dsm_acc_gyro_driver_hl.o
    0x0800e6ee   0x00000034   Code   RO         7421    i.LSM6DSM_X_Get_Double_Tap_Detection_Status  lsm6dsm_acc_gyro_driver_hl.o
    0x0800e722   0x00000062   Code   RO         7422    i.LSM6DSM_X_Get_FS  lsm6dsm_acc_gyro_driver_hl.o
    0x0800e784   0x00000034   Code   RO         7423    i.LSM6DSM_X_Get_Free_Fall_Detection_Status  lsm6dsm_acc_gyro_driver_hl.o
    0x0800e7b8   0x000000dc   Code   RO         7424    i.LSM6DSM_X_Get_ODR  lsm6dsm_acc_gyro_driver_hl.o
    0x0800e894   0x00000034   Code   RO         7425    i.LSM6DSM_X_Get_Pedometer_Status  lsm6dsm_acc_gyro_driver_hl.o
    0x0800e8c8   0x00000074   Code   RO         7426    i.LSM6DSM_X_Get_Sensitivity  lsm6dsm_acc_gyro_driver_hl.o
    0x0800e93c   0x00000034   Code   RO         7427    i.LSM6DSM_X_Get_Single_Tap_Detection_Status  lsm6dsm_acc_gyro_driver_hl.o
    0x0800e970   0x00000018   Code   RO         7428    i.LSM6DSM_X_Get_Step_Count  lsm6dsm_acc_gyro_driver_hl.o
    0x0800e988   0x00000034   Code   RO         7429    i.LSM6DSM_X_Get_Tilt_Detection_Status  lsm6dsm_acc_gyro_driver_hl.o
    0x0800e9bc   0x00000034   Code   RO         7430    i.LSM6DSM_X_Get_Wake_Up_Detection_Status  lsm6dsm_acc_gyro_driver_hl.o
    0x0800e9f0   0x00000010   Code   RO         7431    i.LSM6DSM_X_Get_WhoAmI  lsm6dsm_acc_gyro_driver_hl.o
    0x0800ea00   0x00000078   Code   RO         7432    i.LSM6DSM_X_Init    lsm6dsm_acc_gyro_driver_hl.o
    0x0800ea78   0x0000001c   Code   RO         7433    i.LSM6DSM_X_Read_Reg  lsm6dsm_acc_gyro_driver_hl.o
    0x0800ea94   0x00000034   Code   RO         7434    i.LSM6DSM_X_Sensor_Disable  lsm6dsm_acc_gyro_driver_hl.o
    0x0800eac8   0x0000002e   Code   RO         7435    i.LSM6DSM_X_Sensor_Enable  lsm6dsm_acc_gyro_driver_hl.o
    0x0800eaf6   0x00000036   Code   RO         7436    i.LSM6DSM_X_Set_FS  lsm6dsm_acc_gyro_driver_hl.o
    0x0800eb2c   0x0000005c   Code   RO         7437    i.LSM6DSM_X_Set_FS_Value  lsm6dsm_acc_gyro_driver_hl.o
    0x0800eb88   0x00000018   Code   RO         7438    i.LSM6DSM_X_Set_Free_Fall_Threshold  lsm6dsm_acc_gyro_driver_hl.o
    0x0800eba0   0x0000002c   Code   RO         7439    i.LSM6DSM_X_Set_ODR  lsm6dsm_acc_gyro_driver_hl.o
    0x0800ebcc   0x0000003a   Code   RO         7440    i.LSM6DSM_X_Set_ODR_Value  lsm6dsm_acc_gyro_driver_hl.o
    0x0800ec06   0x00000002   PAD
    0x0800ec08   0x000000e8   Code   RO         7441    i.LSM6DSM_X_Set_ODR_Value_When_Disabled  lsm6dsm_acc_gyro_driver_hl.o
    0x0800ecf0   0x000000e4   Code   RO         7442    i.LSM6DSM_X_Set_ODR_Value_When_Enabled  lsm6dsm_acc_gyro_driver_hl.o
    0x0800edd4   0x0000005c   Code   RO         7443    i.LSM6DSM_X_Set_ODR_When_Disabled  lsm6dsm_acc_gyro_driver_hl.o
    0x0800ee30   0x00000040   Code   RO         7444    i.LSM6DSM_X_Set_ODR_When_Enabled  lsm6dsm_acc_gyro_driver_hl.o
    0x0800ee70   0x00000018   Code   RO         7445    i.LSM6DSM_X_Set_Pedometer_Threshold  lsm6dsm_acc_gyro_driver_hl.o
    0x0800ee88   0x00000018   Code   RO         7446    i.LSM6DSM_X_Set_Tap_Duration_Time  lsm6dsm_acc_gyro_driver_hl.o
    0x0800eea0   0x00000018   Code   RO         7447    i.LSM6DSM_X_Set_Tap_Quiet_Time  lsm6dsm_acc_gyro_driver_hl.o
    0x0800eeb8   0x00000018   Code   RO         7448    i.LSM6DSM_X_Set_Tap_Shock_Time  lsm6dsm_acc_gyro_driver_hl.o
    0x0800eed0   0x00000018   Code   RO         7449    i.LSM6DSM_X_Set_Tap_Threshold  lsm6dsm_acc_gyro_driver_hl.o
    0x0800eee8   0x00000018   Code   RO         7450    i.LSM6DSM_X_Set_Wake_Up_Threshold  lsm6dsm_acc_gyro_driver_hl.o
    0x0800ef00   0x0000001c   Code   RO         7451    i.LSM6DSM_X_Write_Reg  lsm6dsm_acc_gyro_driver_hl.o
    0x0800ef1c   0x0000004c   Code   RO        12010    i.MX_GPIO_Init      main.o
    0x0800ef68   0x00000048   Code   RO        12011    i.MX_TIM4_Init      main.o
    0x0800efb0   0x00000040   Code   RO        12554    i.MX_UART5_Init     uart.o
    0x0800eff0   0x00000234   Code   RO        11869    i.Magneto_Sensor_Handler  datalog_application.o
    0x0800f224   0x00000002   Code   RO        12157    i.NMI_Handler       stm32l4xx_it.o
    0x0800f226   0x00000002   PAD
    0x0800f228   0x00000010   Code   RO          665    i.NVIC_GetPriorityGrouping  stm32l4xx_hal_cortex.o
    0x0800f238   0x00000028   Code   RO          666    i.NVIC_SetPriority  stm32l4xx_hal_cortex.o
    0x0800f260   0x00000010   Code   RO        12158    i.OTG_FS_IRQHandler  stm32l4xx_it.o
    0x0800f270   0x000000ba   Code   RO         3958    i.PCD_WriteEmptyTxFifo  stm32l4xx_hal_pcd.o
    0x0800f32a   0x00000002   PAD
    0x0800f32c   0x00000138   Code   RO        12602    i.Prepare_Data      imu.o
    0x0800f464   0x000001c4   Code   RO        11870    i.Pressure_Sensor_Handler  datalog_application.o
    0x0800f628   0x000001ec   Code   RO         1899    i.RCCEx_PLLSAI1_Config  stm32l4xx_hal_rcc_ex.o
    0x0800f814   0x000001ac   Code   RO         1900    i.RCCEx_PLLSAI2_Config  stm32l4xx_hal_rcc_ex.o
    0x0800f9c0   0x000000a0   Code   RO         1793    i.RCC_SetFlashLatencyFromMSIRange  stm32l4xx_hal_rcc.o
    0x0800fa60   0x00000016   Code   RO         2034    i.RTC_Bcd2ToByte    stm32l4xx_hal_rtc.o
    0x0800fa76   0x0000001a   Code   RO         2035    i.RTC_ByteToBcd2    stm32l4xx_hal_rtc.o
    0x0800fa90   0x00000034   Code   RO        12012    i.RTC_Config        main.o
    0x0800fac4   0x0000003e   Code   RO         2036    i.RTC_EnterInitMode  stm32l4xx_hal_rtc.o
    0x0800fb02   0x00000002   PAD
    0x0800fb04   0x000000d8   Code   RO        11871    i.RTC_Handler       datalog_application.o
    0x0800fbdc   0x00000058   Code   RO        12014    i.RTC_TimeStampConfig  main.o
    0x0800fc34   0x00000028   Code   RO        10095    i.SD_IO_CS_DeInit   sensortile.o
    0x0800fc5c   0x00000044   Code   RO        10096    i.SD_IO_CS_Init     sensortile.o
    0x0800fca0   0x00000048   Code   RO        10111    i.SPI_Read          sensortile.o
    0x0800fce8   0x0000007e   Code   RO        10112    i.SPI_Read_nBytes   sensortile.o
    0x0800fd66   0x00000030   Code   RO        10113    i.SPI_Write         sensortile.o
    0x0800fd96   0x00000030   Code   RO         9908    i.STC3115_CalcRamCRC8  stc3115_driver.o
    0x0800fdc6   0x00000008   Code   RO         9909    i.STC3115_DeInit    stc3115_driver.o
    0x0800fdce   0x00000012   Code   RO         9910    i.STC3115_GetAlarmStatus  stc3115_driver.o
    0x0800fde0   0x0000000e   Code   RO         9911    i.STC3115_GetChargeValue  stc3115_driver.o
    0x0800fdee   0x0000000e   Code   RO         9912    i.STC3115_GetCurrent  stc3115_driver.o
    0x0800fdfc   0x0000000e   Code   RO         9913    i.STC3115_GetOCV    stc3115_driver.o
    0x0800fe0a   0x0000000e   Code   RO         9914    i.STC3115_GetPresence  stc3115_driver.o
    0x0800fe18   0x00000016   Code   RO         9915    i.STC3115_GetSOC    stc3115_driver.o
    0x0800fe2e   0x0000000e   Code   RO         9916    i.STC3115_GetTemperature  stc3115_driver.o
    0x0800fe3c   0x0000000e   Code   RO         9917    i.STC3115_GetVoltage  stc3115_driver.o
    0x0800fe4a   0x0000001c   Code   RO         9918    i.STC3115_Get_WhoAmI  stc3115_driver.o
    0x0800fe66   0x00000002   PAD
    0x0800fe68   0x000001cc   Code   RO         9919    i.STC3115_Init      stc3115_driver.o
    0x08010034   0x0000003a   Code   RO         9920    i.STC3115_InitRamData  stc3115_driver.o
    0x0801006e   0x00000030   Code   RO         9921    i.STC3115_Powerdown  stc3115_driver.o
    0x0801009e   0x00000026   Code   RO         9922    i.STC3115_Read      stc3115_driver.o
    0x080100c4   0x000000ec   Code   RO         9923    i.STC3115_ReadBatteryData  stc3115_driver.o
    0x080101b0   0x0000001e   Code   RO         9924    i.STC3115_ReadRamData  stc3115_driver.o
    0x080101ce   0x00000026   Code   RO         9925    i.STC3115_ReadWord  stc3115_driver.o
    0x080101f4   0x00000038   Code   RO         9926    i.STC3115_Reset     stc3115_driver.o
    0x0801022c   0x00000048   Code   RO         9927    i.STC3115_Restore   stc3115_driver.o
    0x08010274   0x000000d2   Code   RO         9928    i.STC3115_SetParam  stc3115_driver.o
    0x08010346   0x00000036   Code   RO         9929    i.STC3115_Startup   stc3115_driver.o
    0x0801037c   0x00000040   Code   RO         9930    i.STC3115_Status    stc3115_driver.o
    0x080103bc   0x00000038   Code   RO         9931    i.STC3115_Stop      stc3115_driver.o
    0x080103f4   0x000001e8   Code   RO         9932    i.STC3115_Task      stc3115_driver.o
    0x080105dc   0x0000001c   Code   RO         9933    i.STC3115_UpdateRamCRC  stc3115_driver.o
    0x080105f8   0x00000026   Code   RO         9934    i.STC3115_Write     stc3115_driver.o
    0x0801061e   0x0000001e   Code   RO         9935    i.STC3115_WriteRamData  stc3115_driver.o
    0x0801063c   0x00000024   Code   RO         9936    i.STC3115_WriteWord  stc3115_driver.o
    0x08010660   0x00000014   Code   RO         9937    i.STC3115_conv      stc3115_driver.o
    0x08010674   0x00000010   Code   RO        10114    i.Sensor_IO_I2C_Init  sensortile.o
    0x08010684   0x00000020   Code   RO        10115    i.Sensor_IO_I2C_Read  sensortile.o
    0x080106a4   0x00000020   Code   RO        10116    i.Sensor_IO_I2C_Write  sensortile.o
    0x080106c4   0x00000064   Code   RO        10117    i.Sensor_IO_Read    sensortile.o
    0x08010728   0x00000058   Code   RO        10118    i.Sensor_IO_SPI_CS_Disable  sensortile.o
    0x08010780   0x0000005c   Code   RO        10119    i.Sensor_IO_SPI_CS_Enable  sensortile.o
    0x080107dc   0x00000114   Code   RO        10120    i.Sensor_IO_SPI_CS_Init  sensortile.o
    0x080108f0   0x00000118   Code   RO        10121    i.Sensor_IO_SPI_CS_Init_All  sensortile.o
    0x08010a08   0x000000ec   Code   RO        10122    i.Sensor_IO_SPI_Init  sensortile.o
    0x08010af4   0x00000084   Code   RO        10123    i.Sensor_IO_SPI_Read  sensortile.o
    0x08010b78   0x00000040   Code   RO        10124    i.Sensor_IO_SPI_Write  sensortile.o
    0x08010bb8   0x00000064   Code   RO        10125    i.Sensor_IO_Write   sensortile.o
    0x08010c1c   0x00000008   Code   RO        12159    i.SysTick_Handler   stm32l4xx_it.o
    0x08010c24   0x000000dc   Code   RO        11830    i.SystemClock_Config  cube_hal_l4.o
    0x08010d00   0x00000054   Code   RO         4568    i.SystemInit        system_stm32l4xx.o
    0x08010d54   0x00000010   Code   RO        12160    i.TIM3_IRQHandler   stm32l4xx_it.o
    0x08010d64   0x0000006c   Code   RO        12015    i.TIM4_IRQHandler   main.o
    0x08010dd0   0x000000c0   Code   RO         2809    i.TIM_Base_SetConfig  stm32l4xx_hal_tim.o
    0x08010e90   0x00000034   Code   RO        12225    i.TIM_Config        usbd_cdc_interface.o
    0x08010ec4   0x00000018   Code   RO         2816    i.TIM_ETR_SetConfig  stm32l4xx_hal_tim.o
    0x08010edc   0x00000014   Code   RO         2817    i.TIM_ITRx_SetConfig  stm32l4xx_hal_tim.o
    0x08010ef0   0x0000002a   Code   RO         2825    i.TIM_TI1_ConfigInputStage  stm32l4xx_hal_tim.o
    0x08010f1a   0x0000002c   Code   RO         2827    i.TIM_TI2_ConfigInputStage  stm32l4xx_hal_tim.o
    0x08010f46   0x000000f8   Code   RO         4243    i.UART_AdvFeatureConfig  stm32l4xx_hal_uart.o
    0x0801103e   0x00000074   Code   RO         4244    i.UART_CheckIdleState  stm32l4xx_hal_uart.o
    0x080110b2   0x00000002   PAD
    0x080110b4   0x0000048e   Code   RO         4255    i.UART_SetConfig    stm32l4xx_hal_uart.o
    0x08011542   0x0000006c   Code   RO         4257    i.UART_WaitOnFlagUntilTimeout  stm32l4xx_hal_uart.o
    0x080115ae   0x0000000e   Code   RO        11731    i.USBD_CDC_SetRxBuffer  usbd_cdc.o
    0x080115bc   0x00000014   Code   RO        11732    i.USBD_CDC_SetTxBuffer  usbd_cdc.o
    0x080115d0   0x00000038   Code   RO        11734    i.USBD_CDC_TransmitPacket  usbd_cdc.o
    0x08011608   0x00000016   Code   RO           13    i.USBD_ClrClassConfig  usbd_core.o
    0x0801161e   0x00000044   Code   RO          299    i.USBD_ClrFeature   usbd_ctlreq.o
    0x08011662   0x00000018   Code   RO          394    i.USBD_CtlContinueRx  usbd_ioreq.o
    0x0801167a   0x00000018   Code   RO          395    i.USBD_CtlContinueSendData  usbd_ioreq.o
    0x08011692   0x00000018   Code   RO          300    i.USBD_CtlError     usbd_ctlreq.o
    0x080116aa   0x0000001a   Code   RO          397    i.USBD_CtlReceiveStatus  usbd_ioreq.o
    0x080116c4   0x00000022   Code   RO          398    i.USBD_CtlSendData  usbd_ioreq.o
    0x080116e6   0x0000001a   Code   RO          399    i.USBD_CtlSendStatus  usbd_ioreq.o
    0x08011700   0x00000050   Code   RO          301    i.USBD_GetConfig    usbd_ctlreq.o
    0x08011750   0x00000148   Code   RO          302    i.USBD_GetDescriptor  usbd_ctlreq.o
    0x08011898   0x00000044   Code   RO          304    i.USBD_GetStatus    usbd_ctlreq.o
    0x080118dc   0x00000014   Code   RO        12299    i.USBD_LL_ClearStallEP  usbd_conf.o
    0x080118f0   0x000000da   Code   RO           16    i.USBD_LL_DataInStage  usbd_core.o
    0x080119ca   0x00000086   Code   RO           17    i.USBD_LL_DataOutStage  usbd_core.o
    0x08011a50   0x00000006   Code   RO           18    i.USBD_LL_DevConnected  usbd_core.o
    0x08011a56   0x0000001a   Code   RO           19    i.USBD_LL_DevDisconnected  usbd_core.o
    0x08011a70   0x00000038   Code   RO        12306    i.USBD_LL_IsStallEP  usbd_conf.o
    0x08011aa8   0x00000006   Code   RO           20    i.USBD_LL_IsoINIncomplete  usbd_core.o
    0x08011aae   0x00000006   Code   RO           21    i.USBD_LL_IsoOUTIncomplete  usbd_core.o
    0x08011ab4   0x00000020   Code   RO        12307    i.USBD_LL_OpenEP    usbd_conf.o
    0x08011ad4   0x00000020   Code   RO        12308    i.USBD_LL_PrepareReceive  usbd_conf.o
    0x08011af4   0x00000044   Code   RO           22    i.USBD_LL_Reset     usbd_core.o
    0x08011b38   0x0000000e   Code   RO           23    i.USBD_LL_Resume    usbd_core.o
    0x08011b46   0x00000022   Code   RO           24    i.USBD_LL_SOF       usbd_core.o
    0x08011b68   0x00000008   Code   RO           25    i.USBD_LL_SetSpeed  usbd_core.o
    0x08011b70   0x00000014   Code   RO        12309    i.USBD_LL_SetUSBAddress  usbd_conf.o
    0x08011b84   0x0000006e   Code   RO           26    i.USBD_LL_SetupStage  usbd_core.o
    0x08011bf2   0x00000014   Code   RO        12310    i.USBD_LL_StallEP   usbd_conf.o
    0x08011c06   0x00000014   Code   RO           27    i.USBD_LL_Suspend   usbd_core.o
    0x08011c1a   0x00000020   Code   RO        12313    i.USBD_LL_Transmit  usbd_conf.o
    0x08011c3a   0x00000028   Code   RO          306    i.USBD_ParseSetupRequest  usbd_ctlreq.o
    0x08011c62   0x00000006   Code   RO           29    i.USBD_RunTestMode  usbd_core.o
    0x08011c68   0x00000054   Code   RO          307    i.USBD_SetAddress   usbd_ctlreq.o
    0x08011cbc   0x00000022   Code   RO           30    i.USBD_SetClassConfig  usbd_core.o
    0x08011cde   0x00000002   PAD
    0x08011ce0   0x000000e0   Code   RO          308    i.USBD_SetConfig    usbd_ctlreq.o
    0x08011dc0   0x00000024   Code   RO          309    i.USBD_SetFeature   usbd_ctlreq.o
    0x08011de4   0x00000072   Code   RO          310    i.USBD_StdDevReq    usbd_ctlreq.o
    0x08011e56   0x00000156   Code   RO          311    i.USBD_StdEPReq     usbd_ctlreq.o
    0x08011fac   0x0000004a   Code   RO          312    i.USBD_StdItfReq    usbd_ctlreq.o
    0x08011ff6   0x00000002   PAD
    0x08011ff8   0x000000c4   Code   RO         3627    i.USB_ActivateEndpoint  stm32l4xx_ll_usb.o
    0x080120bc   0x00000044   Code   RO         3629    i.USB_ActivateSetup  stm32l4xx_ll_usb.o
    0x08012100   0x00000184   Code   RO         3642    i.USB_EP0StartXfer  stm32l4xx_ll_usb.o
    0x08012284   0x00000032   Code   RO         3643    i.USB_EP0_OutStart  stm32l4xx_ll_usb.o
    0x080122b6   0x00000088   Code   RO         3644    i.USB_EPClearStall  stm32l4xx_ll_usb.o
    0x0801233e   0x0000008c   Code   RO         3645    i.USB_EPSetStall    stm32l4xx_ll_usb.o
    0x080123ca   0x00000002   PAD
    0x080123cc   0x000002a8   Code   RO         3646    i.USB_EPStartXfer   stm32l4xx_ll_usb.o
    0x08012674   0x00000030   Code   RO         3649    i.USB_FlushTxFifo   stm32l4xx_ll_usb.o
    0x080126a4   0x0000000a   Code   RO         3653    i.USB_GetMode       stm32l4xx_ll_usb.o
    0x080126ae   0x00000012   Code   RO         3660    i.USB_ReadDevAllInEpInterrupt  stm32l4xx_ll_usb.o
    0x080126c0   0x00000012   Code   RO         3661    i.USB_ReadDevAllOutEpInterrupt  stm32l4xx_ll_usb.o
    0x080126d2   0x00000032   Code   RO         3662    i.USB_ReadDevInEPInterrupt  stm32l4xx_ll_usb.o
    0x08012704   0x00000016   Code   RO         3663    i.USB_ReadDevOutEPInterrupt  stm32l4xx_ll_usb.o
    0x0801271a   0x0000000c   Code   RO         3664    i.USB_ReadInterrupts  stm32l4xx_ll_usb.o
    0x08012726   0x00000028   Code   RO         3665    i.USB_ReadPacket    stm32l4xx_ll_usb.o
    0x0801274e   0x00000024   Code   RO         3668    i.USB_SetDevAddress  stm32l4xx_ll_usb.o
    0x08012772   0x00000038   Code   RO         3672    i.USB_WritePacket   stm32l4xx_ll_usb.o
    0x080127aa   0x00000002   PAD
    0x080127ac   0x00000020   Code   RO        13554    i.__0printf         mc_w.l(printfa.o)
    0x080127cc   0x00000028   Code   RO        13556    i.__0sprintf        mc_w.l(printfa.o)
    0x080127f4   0x00000030   Code   RO        13658    i.__ARM_fpclassify  m_wm.l(fpclassify.o)
    0x08012824   0x00000004   PAD
    0x08012828   0x00000384   Code   RO        13250    i.__hardfp_asin     m_wm.l(asin.o)
    0x08012bac   0x00000004   PAD
    0x08012bb0   0x000002d8   Code   RO        13624    i.__hardfp_atan     m_wm.l(atan.o)
    0x08012e88   0x000001f0   Code   RO        13264    i.__hardfp_atan2    m_wm.l(atan2.o)
    0x08013078   0x00000c80   Code   RO        13276    i.__hardfp_pow      m_wm.l(pow.o)
    0x08013cf8   0x0000007a   Code   RO        13290    i.__hardfp_sqrt     m_wm.l(sqrt.o)
    0x08013d72   0x00000006   PAD
    0x08013d78   0x000000b0   Code   RO        13302    i.__hardfp_trunc    m_wm.l(trunc.o)
    0x08013e28   0x000000f8   Code   RO        13660    i.__kernel_poly     m_wm.l(poly.o)
    0x08013f20   0x00000030   Code   RO        13638    i.__mathlib_dbl_divzero  m_wm.l(dunder.o)
    0x08013f50   0x00000014   Code   RO        13639    i.__mathlib_dbl_infnan  m_wm.l(dunder.o)
    0x08013f64   0x00000014   Code   RO        13640    i.__mathlib_dbl_infnan2  m_wm.l(dunder.o)
    0x08013f78   0x00000020   Code   RO        13641    i.__mathlib_dbl_invalid  m_wm.l(dunder.o)
    0x08013f98   0x00000020   Code   RO        13642    i.__mathlib_dbl_overflow  m_wm.l(dunder.o)
    0x08013fb8   0x00000020   Code   RO        13644    i.__mathlib_dbl_underflow  m_wm.l(dunder.o)
    0x08013fd8   0x0000000e   Code   RO        13718    i.__scatterload_copy  mc_w.l(handlers.o)
    0x08013fe6   0x00000002   Code   RO        13719    i.__scatterload_null  mc_w.l(handlers.o)
    0x08013fe8   0x0000000e   Code   RO        13720    i.__scatterload_zeroinit  mc_w.l(handlers.o)
    0x08013ff6   0x00000002   PAD
    0x08013ff8   0x0000000c   Code   RO        13690    i.__set_errno       mc_w.l(errno.o)
    0x08014004   0x0000016a   Code   RO        13561    i._fp_digits        mc_w.l(printfa.o)
    0x0801416e   0x00000002   PAD
    0x08014170   0x000006e2   Code   RO        13562    i._printf_core      mc_w.l(printfa.o)
    0x08014852   0x00000024   Code   RO        13563    i._printf_post_padding  mc_w.l(printfa.o)
    0x08014876   0x0000002e   Code   RO        13564    i._printf_pre_padding  mc_w.l(printfa.o)
    0x080148a4   0x0000000a   Code   RO        13566    i._sputc            mc_w.l(printfa.o)
    0x080148ae   0x00000010   Code   RO        13626    i.atan              m_wm.l(atan.o)
    0x080148be   0x00000002   PAD
    0x080148c0   0x00000098   Code   RO        12699    i.check_fs          ff.o
    0x08014958   0x00000014   Code   RO        12700    i.chk_chr           ff.o
    0x0801496c   0x00000090   Code   RO        12701    i.chk_lock          ff.o
    0x080149fc   0x00000030   Code   RO        12702    i.clear_lock        ff.o
    0x08014a2c   0x00000038   Code   RO        12703    i.clmt_clust        ff.o
    0x08014a64   0x00000020   Code   RO        12704    i.clust2sect        ff.o
    0x08014a84   0x00000090   Code   RO        12705    i.cmp_lfn           ff.o
    0x08014b14   0x000000ea   Code   RO        12706    i.create_chain      ff.o
    0x08014bfe   0x00000002   PAD
    0x08014c00   0x00000236   Code   RO        12707    i.create_name       ff.o
    0x08014e36   0x00000002   PAD
    0x08014e38   0x0000004c   Code   RO        12708    i.dec_lock          ff.o
    0x08014e84   0x00000064   Code   RO        12709    i.dir_alloc         ff.o
    0x08014ee8   0x00000102   Code   RO        12710    i.dir_find          ff.o
    0x08014fea   0x0000015a   Code   RO        12711    i.dir_next          ff.o
    0x08015144   0x00000150   Code   RO        12713    i.dir_register      ff.o
    0x08015294   0x000000c8   Code   RO        12715    i.dir_sdi           ff.o
    0x0801535c   0x0000002c   Code   RO        12644    i.disk_initialize   diskio.o
    0x08015388   0x00000028   Code   RO        12645    i.disk_ioctl        diskio.o
    0x080153b0   0x00000030   Code   RO        12646    i.disk_read         diskio.o
    0x080153e0   0x0000001c   Code   RO        12647    i.disk_status       diskio.o
    0x080153fc   0x00000030   Code   RO        12648    i.disk_write        diskio.o
    0x0801542c   0x00000070   Code   RO        12017    i.enableAllSensors  main.o
    0x0801549c   0x00000028   Code   RO        12716    i.enq_lock          ff.o
    0x080154c4   0x0000002e   Code   RO        12718    i.f_close           ff.o
    0x080154f2   0x00000002   PAD
    0x080154f4   0x000001e0   Code   RO        12726    i.f_open            ff.o
    0x080156d4   0x000000cc   Code   RO        12735    i.f_sync            ff.o
    0x080157a0   0x0000025c   Code   RO        12739    i.f_write           ff.o
    0x080159fc   0x00000018   Code   RO        13654    i.fabs              m_wm.l(fabs.o)
    0x08015a14   0x0000004c   Code   RO        13166    i.ff_convert        unicode.o
    0x08015a60   0x0000000c   Code   RO        13120    i.ff_memalloc       syscall.o
    0x08015a6c   0x0000000c   Code   RO        13121    i.ff_memfree        syscall.o
    0x08015a78   0x00000038   Code   RO        13167    i.ff_wtoupper       unicode.o
    0x08015ab0   0x000003e2   Code   RO        12740    i.find_volume       ff.o
    0x08015e92   0x00000002   PAD
    0x08015e94   0x00000080   Code   RO        12741    i.fit_lfn           ff.o
    0x08015f14   0x000000b8   Code   RO        11873    i.floatToInt        datalog_application.o
    0x08015fcc   0x0000009c   Code   RO        12742    i.follow_path       ff.o
    0x08016068   0x0000001c   Code   RO        12555    i.fputc             uart.o
    0x08016084   0x00000050   Code   RO        13582    i.free              mc_w.l(malloc.o)
    0x080160d4   0x000000ba   Code   RO        12743    i.gen_numname       ff.o
    0x0801618e   0x000000ee   Code   RO        12744    i.get_fat           ff.o
    0x0801627c   0x00000048   Code   RO        12746    i.get_ldnumber      ff.o
    0x080162c4   0x000000e8   Code   RO        12747    i.inc_lock          ff.o
    0x080163ac   0x000000d4   Code   RO        12018    i.initializeAllSensors  main.o
    0x08016480   0x00000022   Code   RO        12748    i.ld_clust          ff.o
    0x080164a2   0x00000002   PAD
    0x080164a4   0x0000033c   Code   RO        12019    i.main              main.o
    0x080167e0   0x0000006c   Code   RO        13583    i.malloc            mc_w.l(malloc.o)
    0x0801684c   0x00000026   Code   RO        12749    i.mem_cmp           ff.o
    0x08016872   0x0000001a   Code   RO        12750    i.mem_cpy           ff.o
    0x0801688c   0x00000014   Code   RO        12751    i.mem_set           ff.o
    0x080168a0   0x00000038   Code   RO        12752    i.move_window       ff.o
    0x080168d8   0x00000146   Code   RO        12754    i.put_fat           ff.o
    0x08016a1e   0x0000007a   Code   RO        12756    i.remove_chain      ff.o
    0x08016a98   0x0000006e   Code   RO        13292    i.sqrt              m_wm.l(sqrt.o)
    0x08016b06   0x00000010   Code   RO        12757    i.st_clust          ff.o
    0x08016b16   0x00000020   Code   RO        12758    i.sum_sfn           ff.o
    0x08016b36   0x000000f4   Code   RO        12759    i.sync_fs           ff.o
    0x08016c2a   0x00000060   Code   RO        12760    i.sync_window       ff.o
    0x08016c8a   0x00000042   Code   RO        12761    i.validate          ff.o
    0x08016ccc   0x00000048   Data   RO         4569    .constdata          system_stm32l4xx.o
    0x08016d14   0x00000004   PAD
    0x08016d18   0x00000060   Data   RO         5924    .constdata          lsm303agr_acc_driver.o
    0x08016d78   0x00000040   Data   RO         9938    .constdata          stc3115_driver.o
    0x08016db8   0x00000008   Data   RO        10127    .constdata          sensortile.o
    0x08016dc0   0x000000ba   Data   RO        12763    .constdata          ff.o
    0x08016e7a   0x000004c0   Data   RO        13168    .constdata          unicode.o
    0x0801733a   0x00000006   PAD
    0x08017340   0x00000050   Data   RO        13253    .constdata          m_wm.l(asin.o)
    0x08017390   0x00000088   Data   RO        13279    .constdata          m_wm.l(pow.o)
    0x08017418   0x00000098   Data   RO        13627    .constdata          m_wm.l(atan.o)
    0x080174b0   0x00000008   Data   RO        13662    .constdata          m_wm.l(qnan.o)
    0x080174b8   0x000000a0   Data   RO        11875    .conststring        datalog_application.o
    0x08017558   0x00000020   Data   RO        13716    Region$$Table       anon$$obj.o


    Execution Region RW_IRAM1 (Base: 0x20000000, Size: 0x00006c38, Max: 0x00018000, ABSOLUTE, COMPRESSED[0x000002a0])

    Base Addr    Size         Type   Attr      Idx    E Section Name        Object

    0x20000000   0x00000001   Data   RW          313    .data               usbd_ctlreq.o
    0x20000001   0x00000003   PAD
    0x20000004   0x00000004   Data   RW          483    .data               stm32l4xx_hal.o
    0x20000008   0x00000004   Data   RW         4570    .data               system_stm32l4xx.o
    0x2000000c   0x0000006c   Data   RW         4876    .data               hts221_driver_hl.o
    0x20000078   0x000000e8   Data   RW         5505    .data               lps22hb_driver_hl.o
    0x20000160   0x00000136   Data   RW         7452    .data               lsm6dsm_acc_gyro_driver_hl.o
    0x20000296   0x00000002   PAD
    0x20000298   0x00000052   Data   RW         9667    .data               lsm303agr_acc_driver_hl.o
    0x200002ea   0x00000002   PAD
    0x200002ec   0x00000048   Data   RW         9813    .data               lsm303agr_mag_driver_hl.o
    0x20000334   0x0000005c   Data   RW         9939    .data               stc3115_driver.o
    0x20000390   0x00000010   Data   RW        10128    .data               sensortile.o
    0x200003a0   0x00000010   Data   RW        10419    .data               sensortile_accelero.o
    0x200003b0   0x00000010   Data   RW        10791    .data               sensortile_gyro.o
    0x200003c0   0x0000000c   Data   RW        10957    .data               sensortile_humidity.o
    0x200003cc   0x0000000c   Data   RW        11097    .data               sensortile_magneto.o
    0x200003d8   0x0000000c   Data   RW        11257    .data               sensortile_pressure.o
    0x200003e4   0x00000008   Data   RW        11393    .data               sensortile_temperature.o
    0x200003ec   0x00000008   Data   RW        11615    .data               sensortile_gg.o
    0x200003f4   0x00000018   Data   RW        11876    .data               datalog_application.o
    0x2000040c   0x00000048   Data   RW        12021    .data               main.o
    0x20000454   0x00000028   Data   RW        12227    .data               usbd_cdc_interface.o
    0x2000047c   0x00000025   Data   RW        12604    .data               imu.o
    0x200004a1   0x00000003   PAD
    0x200004a4   0x00000006   Data   RW        12764    .data               ff.o
    0x200004aa   0x00000002   PAD
    0x200004ac   0x00000004   Data   RW        13677    .data               mc_w.l(stdout.o)
    0x200004b0   0x00000004   Data   RW        13686    .data               mc_w.l(mvars.o)
    0x200004b4   0x00000004   Data   RW        13687    .data               mc_w.l(mvars.o)
    0x200004b8   0x00000004   Data   RW        13691    .data               mc_w.l(errno.o)
    0x200004bc   0x00000114   Zero   RW        10126    .bss                sensortile.o
    0x200005d0   0x00000038   Zero   RW        10418    .bss                sensortile_accelero.o
    0x20000608   0x00000014   Zero   RW        10790    .bss                sensortile_gyro.o
    0x2000061c   0x00000014   Zero   RW        10956    .bss                sensortile_humidity.o
    0x20000630   0x00000014   Zero   RW        11096    .bss                sensortile_magneto.o
    0x20000644   0x00000014   Zero   RW        11256    .bss                sensortile_pressure.o
    0x20000658   0x00000038   Zero   RW        11392    .bss                sensortile_temperature.o
    0x20000690   0x00000080   Zero   RW        11614    .bss                sensortile_gg.o
    0x20000710   0x0000055c   Zero   RW        11874    .bss                datalog_application.o
    0x20000c6c   0x00000284   Zero   RW        12020    .bss                main.o
    0x20000ef0   0x0000183c   Zero   RW        12226    .bss                usbd_cdc_interface.o
    0x2000272c   0x000003cc   Zero   RW        12314    .bss                usbd_conf.o
    0x20002af8   0x00000070   Zero   RW        12556    .bss                uart.o
    0x20002b68   0x000000a8   Zero   RW        12603    .bss                imu.o
    0x20002c10   0x00000018   Zero   RW        12762    .bss                ff.o
    0x20002c28   0x0000000c   Zero   RW        13074    .bss                ff_gen_drv.o
    0x20002c34   0x00000004   PAD
    0x20002c38   0x00002000   Zero   RW            2    HEAP                startup_stm32l476xx.o
    0x20004c38   0x00002000   Zero   RW            1    STACK               startup_stm32l476xx.o


==============================================================================

Image component sizes


      Code (inc. data)   RO Data    RW Data    ZI Data      Debug   Object Name

       224          4          0          0          0       1601   cube_hal_l4.o
      3048       1028        160         24       1372      16696   datalog_application.o
       208         24          0          0          0       4305   diskio.o
      7168        100        186          6         24      40660   ff.o
         0          0          0          0         12        283   ff_gen_drv.o
      1226        186          0          0          0      15580   hts221_driver.o
      1364         12          0        108          0      33038   hts221_driver_hl.o
      1772        150          0         37        168       4754   imu.o
      1552          0          0          0          0      30908   lps22hb_driver.o
      2408         54          0        232          0      45039   lps22hb_driver_hl.o
      1218          4         96          0          0      32917   lsm303agr_acc_driver.o
      2294        146          0         82          0      26383   lsm303agr_acc_driver_hl.o
       528          0          0          0          0      16867   lsm303agr_mag_driver.o
       934         32          0         72          0      18405   lsm303agr_mag_driver_hl.o
      3486          0          0          0          0      56113   lsm6dsm_acc_gyro_driver.o
      6540        400          0        310          0     110826   lsm6dsm_acc_gyro_driver_hl.o
      1564        262          0         72        644       7694   main.o
      2586        172          8         16        276      26275   sensortile.o
       974         46          0         16         56      18780   sensortile_accelero.o
       296         18          0          8        128       8765   sensortile_gg.o
       566         20          0         16         20       8937   sensortile_gyro.o
       254         22          0         12         20       4755   sensortile_humidity.o
       566         20          0         12         20       9903   sensortile_magneto.o
       556         20          0         12         20      10835   sensortile_pressure.o
       534         42          0          8         56       4975   sensortile_temperature.o
        36          8        392          0      16384        872   startup_stm32l476xx.o
      2268          4         64         92          0      28870   stc3115_driver.o
       134         20          0          4          0       4619   stm32l4xx_hal.o
       304         22          0          0          0      31419   stm32l4xx_hal_cortex.o
       574         40          0          0          0       4066   stm32l4xx_hal_gpio.o
      1926         24          0          0          0      14968   stm32l4xx_hal_i2c.o
       212         22          0          0          0       2155   stm32l4xx_hal_msp.o
      2608         44          0          0          0       8803   stm32l4xx_hal_pcd.o
         2          0          0          0          0       1133   stm32l4xx_hal_pcd_ex.o
        20          6          0          0          0        615   stm32l4xx_hal_pwr.o
        36         12          0          0          0       1257   stm32l4xx_hal_pwr_ex.o
      2740         96          0          0          0       7604   stm32l4xx_hal_rcc.o
      2208         52          0          0          0       5463   stm32l4xx_hal_rcc_ex.o
      1156         24          0          0          0       7986   stm32l4xx_hal_rtc.o
       216          0          0          0          0       2664   stm32l4xx_hal_spi.o
      1130         36          0          0          0      10475   stm32l4xx_hal_tim.o
       112         10          0          0          0       2854   stm32l4xx_hal_tim_ex.o
      1956         50          0          0          0       6353   stm32l4xx_hal_uart.o
        58         12          0          0          0       3596   stm32l4xx_it.o
      1968         16          0          0          0      13667   stm32l4xx_ll_usb.o
        24          0          0          0          0       1923   syscall.o
        84         16         72          4          0       1361   system_stm32l4xx.o
       264         30          0          0        112       2588   uart.o
       132         16       1216          0          0       2263   unicode.o
        90          0          0          0          0       4772   usbd_cdc.o
       500         64          0         40       6204       5976   usbd_cdc_interface.o
       424          0          0          0        972      12148   usbd_conf.o
       712          0          0          0          0     877171   usbd_core.o
      1482         30          0          1          0      10355   usbd_ctlreq.o
       134          0          0          0          0       4380   usbd_ioreq.o

    ----------------------------------------------------------------------
     65466       3416       2236       1196      26492    1637670   Object Totals
         0          0         32          0          0          0   (incl. Generated)
        90          0         10         12          4          0   (incl. Padding)

    ----------------------------------------------------------------------

      Code (inc. data)   RO Data    RW Data    ZI Data      Debug   Library Member Name

       900         94         80          0          0        280   asin.o
       744        106        152          0          0        352   atan.o
       496         64          0          0          0        192   atan2.o
       184         44          0          0          0        744   dunder.o
        24          0          0          0          0        124   fabs.o
        48          0          0          0          0        124   fpclassify.o
       248          0          0          0          0        152   poly.o
      3200        296        136          0          0        352   pow.o
         0          0          8          0          0          0   qnan.o
       232          0          0          0          0        296   sqrt.o
       176         22          0          0          0        156   trunc.o
        86          0          0          0          0          0   __dczerorl2.o
         0          0          0          0          0          0   entry.o
         0          0          0          0          0          0   entry10a.o
         0          0          0          0          0          0   entry11a.o
         8          4          0          0          0          0   entry2.o
         4          0          0          0          0          0   entry5.o
         0          0          0          0          0          0   entry7b.o
         0          0          0          0          0          0   entry8b.o
         8          4          0          0          0          0   entry9a.o
        12          6          0          4          0         68   errno.o
        30          0          0          0          0          0   handlers.o
        36          8          0          0          0         68   init.o
         0          0          0          0          0          0   iusefp.o
        98          0          0          0          0         84   ldiv.o
        30          0          0          0          0         68   llshl.o
        36          0          0          0          0         68   llsshr.o
        32          0          0          0          0         68   llushr.o
       188         20          0          0          0        160   malloc.o
        36          0          0          0          0         68   memcpya.o
        36          0          0          0          0        108   memseta.o
         0          0          0          8          0          0   mvars.o
      2288         96          0          0          0        596   printfa.o
         0          0          0          4          0          0   stdout.o
        14          0          0          0          0         68   strlen.o
        44          0          0          0          0         80   uidiv.o
       104          0          0          0          0         92   uldiv.o
        48          0          0          0          0         68   cdcmple.o
        48          0          0          0          0         68   cdrcmple.o
        56          0          0          0          0         88   d2f.o
       350          0          0          0          0        148   dadd.o
       222          0          0          0          0        100   ddiv.o
       186          0          0          0          0        176   depilogue.o
        62          0          0          0          0         80   dfixi.o
        48          0          0          0          0         68   dfixul.o
        34          0          0          0          0         76   dflti.o
       234          0          0          0          0         96   dmul.o
       136          4          0          0          0         92   drnd.o
        46          0          0          0          0         80   dscalb.o
       162          0          0          0          0        100   dsqrt.o
        38          0          0          0          0         68   f2d.o
       110          0          0          0          0        168   fepilogue.o

    ----------------------------------------------------------------------
     11146        768        376         16          0       5844   Library Totals
        24          0          0          0          0          0   (incl. Padding)

    ----------------------------------------------------------------------

      Code (inc. data)   RO Data    RW Data    ZI Data      Debug   Library Name

      6252        626        376          0          0       2772   m_wm.l
      3090        138          0         16          0       1596   mc_w.l
      1780          4          0          0          0       1476   mf_w.l

    ----------------------------------------------------------------------
     11146        768        376         16          0       5844   Library Totals

    ----------------------------------------------------------------------

==============================================================================


      Code (inc. data)   RO Data    RW Data    ZI Data      Debug   

     76612       4184       2612       1212      26492    1569334   Grand Totals
     76612       4184       2612        672      26492    1569334   ELF Image Totals (compressed)
     76612       4184       2612        672          0          0   ROM Totals

==============================================================================

    Total RO  Size (Code + RO Data)                79224 (  77.37kB)
    Total RW  Size (RW Data + ZI Data)             27704 (  27.05kB)
    Total ROM Size (Code + RO Data + RW Data)      79896 (  78.02kB)

==============================================================================

