<!doctype html public "-//w3c//dtd html 4.0 transitional//en">
<html><head>
<title>Static Call Graph - [.\STM32L476RG_NUCLEO\STM32L476JG_SensorTile.axf]</title></head>
<body><HR>
<H1>Static Call Graph for image .\STM32L476RG_NUCLEO\STM32L476JG_SensorTile.axf</H1><HR>
<BR><P>#&#060CALLGRAPH&#062# ARM Linker, 5060183: Last Updated: Fri Apr 28 21:37:22 2017
<BR><P>
<H3>Maximum Stack Usage =       1080 bytes + Unknown(Cycles, Untraceable Function Pointers)</H3><H3>
Call chain for Maximum Stack Depth:</H3>
main &rArr; DATALOG_SD_Log_Enable &rArr; f_open &rArr; dir_register &rArr; dir_find &rArr; dir_next &rArr; create_chain &rArr; put_fat &rArr; move_window &rArr; sync_window &rArr; disk_write
<P>
<H3>
Mutually Recursive functions
</H3> <LI><a href="#[c8]">MemManage_Handler</a>&nbsp;&nbsp;&nbsp;&rArr;&nbsp;&nbsp;&nbsp;<a href="#[c8]">MemManage_Handler</a><BR>
 <LI><a href="#[c9]">BusFault_Handler</a>&nbsp;&nbsp;&nbsp;&rArr;&nbsp;&nbsp;&nbsp;<a href="#[c9]">BusFault_Handler</a><BR>
 <LI><a href="#[ca]">UsageFault_Handler</a>&nbsp;&nbsp;&nbsp;&rArr;&nbsp;&nbsp;&nbsp;<a href="#[ca]">UsageFault_Handler</a><BR>
 <LI><a href="#[cb]">SVC_Handler</a>&nbsp;&nbsp;&nbsp;&rArr;&nbsp;&nbsp;&nbsp;<a href="#[cb]">SVC_Handler</a><BR>
 <LI><a href="#[cd]">PendSV_Handler</a>&nbsp;&nbsp;&nbsp;&rArr;&nbsp;&nbsp;&nbsp;<a href="#[cd]">PendSV_Handler</a><BR>
 <LI><a href="#[e1]">ADC1_2_IRQHandler</a>&nbsp;&nbsp;&nbsp;&rArr;&nbsp;&nbsp;&nbsp;<a href="#[e1]">ADC1_2_IRQHandler</a><BR>
</UL>
<P>
<H3>
Function Pointers
</H3><UL>
 <LI><a href="#[e1]">ADC1_2_IRQHandler</a> from startup_stm32l476xx.o(.text) referenced from startup_stm32l476xx.o(RESET)
 <LI><a href="#[fe]">ADC3_IRQHandler</a> from startup_stm32l476xx.o(.text) referenced from startup_stm32l476xx.o(RESET)
 <LI><a href="#[c9]">BusFault_Handler</a> from startup_stm32l476xx.o(.text) referenced from startup_stm32l476xx.o(RESET)
 <LI><a href="#[e3]">CAN1_RX0_IRQHandler</a> from startup_stm32l476xx.o(.text) referenced from startup_stm32l476xx.o(RESET)
 <LI><a href="#[e4]">CAN1_RX1_IRQHandler</a> from startup_stm32l476xx.o(.text) referenced from startup_stm32l476xx.o(RESET)
 <LI><a href="#[e5]">CAN1_SCE_IRQHandler</a> from startup_stm32l476xx.o(.text) referenced from startup_stm32l476xx.o(RESET)
 <LI><a href="#[e2]">CAN1_TX_IRQHandler</a> from startup_stm32l476xx.o(.text) referenced from startup_stm32l476xx.o(RESET)
 <LI><a href="#[c3]">CDC_Itf_Control</a> from usbd_cdc_interface.o(i.CDC_Itf_Control) referenced 2 times from usbd_cdc_interface.o(.data)
 <LI><a href="#[c2]">CDC_Itf_DeInit</a> from usbd_cdc_interface.o(i.CDC_Itf_DeInit) referenced 2 times from usbd_cdc_interface.o(.data)
 <LI><a href="#[c1]">CDC_Itf_Init</a> from usbd_cdc_interface.o(i.CDC_Itf_Init) referenced 2 times from usbd_cdc_interface.o(.data)
 <LI><a href="#[c4]">CDC_Itf_Receive</a> from usbd_cdc_interface.o(i.CDC_Itf_Receive) referenced 2 times from usbd_cdc_interface.o(.data)
 <LI><a href="#[10f]">COMP_IRQHandler</a> from startup_stm32l476xx.o(.text) referenced from startup_stm32l476xx.o(RESET)
 <LI><a href="#[10c]">DFSDM1_FLT0_IRQHandler</a> from startup_stm32l476xx.o(.text) referenced from startup_stm32l476xx.o(RESET)
 <LI><a href="#[10d]">DFSDM1_FLT1_IRQHandler</a> from startup_stm32l476xx.o(.text) referenced from startup_stm32l476xx.o(RESET)
 <LI><a href="#[10e]">DFSDM1_FLT2_IRQHandler</a> from startup_stm32l476xx.o(.text) referenced from startup_stm32l476xx.o(RESET)
 <LI><a href="#[f9]">DFSDM1_FLT3_IRQHandler</a> from startup_stm32l476xx.o(.text) referenced from startup_stm32l476xx.o(RESET)
 <LI><a href="#[da]">DMA1_Channel1_IRQHandler</a> from startup_stm32l476xx.o(.text) referenced from startup_stm32l476xx.o(RESET)
 <LI><a href="#[db]">DMA1_Channel2_IRQHandler</a> from startup_stm32l476xx.o(.text) referenced from startup_stm32l476xx.o(RESET)
 <LI><a href="#[dc]">DMA1_Channel3_IRQHandler</a> from startup_stm32l476xx.o(.text) referenced from startup_stm32l476xx.o(RESET)
 <LI><a href="#[dd]">DMA1_Channel4_IRQHandler</a> from startup_stm32l476xx.o(.text) referenced from startup_stm32l476xx.o(RESET)
 <LI><a href="#[de]">DMA1_Channel5_IRQHandler</a> from startup_stm32l476xx.o(.text) referenced from startup_stm32l476xx.o(RESET)
 <LI><a href="#[df]">DMA1_Channel6_IRQHandler</a> from startup_stm32l476xx.o(.text) referenced from startup_stm32l476xx.o(RESET)
 <LI><a href="#[e0]">DMA1_Channel7_IRQHandler</a> from startup_stm32l476xx.o(.text) referenced from startup_stm32l476xx.o(RESET)
 <LI><a href="#[107]">DMA2_Channel1_IRQHandler</a> from startup_stm32l476xx.o(.text) referenced from startup_stm32l476xx.o(RESET)
 <LI><a href="#[108]">DMA2_Channel2_IRQHandler</a> from startup_stm32l476xx.o(.text) referenced from startup_stm32l476xx.o(RESET)
 <LI><a href="#[109]">DMA2_Channel3_IRQHandler</a> from startup_stm32l476xx.o(.text) referenced from startup_stm32l476xx.o(RESET)
 <LI><a href="#[10a]">DMA2_Channel4_IRQHandler</a> from startup_stm32l476xx.o(.text) referenced from startup_stm32l476xx.o(RESET)
 <LI><a href="#[10b]">DMA2_Channel5_IRQHandler</a> from startup_stm32l476xx.o(.text) referenced from startup_stm32l476xx.o(RESET)
 <LI><a href="#[113]">DMA2_Channel6_IRQHandler</a> from startup_stm32l476xx.o(.text) referenced from startup_stm32l476xx.o(RESET)
 <LI><a href="#[114]">DMA2_Channel7_IRQHandler</a> from startup_stm32l476xx.o(.text) referenced from startup_stm32l476xx.o(RESET)
 <LI><a href="#[cc]">DebugMon_Handler</a> from stm32l4xx_it.o(i.DebugMon_Handler) referenced from startup_stm32l476xx.o(RESET)
 <LI><a href="#[d5]">EXTI0_IRQHandler</a> from startup_stm32l476xx.o(.text) referenced from startup_stm32l476xx.o(RESET)
 <LI><a href="#[f7]">EXTI15_10_IRQHandler</a> from startup_stm32l476xx.o(.text) referenced from startup_stm32l476xx.o(RESET)
 <LI><a href="#[d6]">EXTI1_IRQHandler</a> from startup_stm32l476xx.o(.text) referenced from startup_stm32l476xx.o(RESET)
 <LI><a href="#[d7]">EXTI2_IRQHandler</a> from stm32l4xx_it.o(i.EXTI2_IRQHandler) referenced from startup_stm32l476xx.o(RESET)
 <LI><a href="#[d8]">EXTI3_IRQHandler</a> from startup_stm32l476xx.o(.text) referenced from startup_stm32l476xx.o(RESET)
 <LI><a href="#[d9]">EXTI4_IRQHandler</a> from startup_stm32l476xx.o(.text) referenced from startup_stm32l476xx.o(RESET)
 <LI><a href="#[e6]">EXTI9_5_IRQHandler</a> from startup_stm32l476xx.o(.text) referenced from startup_stm32l476xx.o(RESET)
 <LI><a href="#[d3]">FLASH_IRQHandler</a> from startup_stm32l476xx.o(.text) referenced from startup_stm32l476xx.o(RESET)
 <LI><a href="#[ff]">FMC_IRQHandler</a> from startup_stm32l476xx.o(.text) referenced from startup_stm32l476xx.o(RESET)
 <LI><a href="#[11f]">FPU_IRQHandler</a> from startup_stm32l476xx.o(.text) referenced from startup_stm32l476xx.o(RESET)
 <LI><a href="#[6]">HTS221_H_Check_WhoAmI</a> from hts221_driver_hl.o(i.HTS221_H_Check_WhoAmI) referenced 2 times from hts221_driver_hl.o(.data)
 <LI><a href="#[2]">HTS221_H_DeInit</a> from hts221_driver_hl.o(i.HTS221_H_DeInit) referenced 2 times from hts221_driver_hl.o(.data)
 <LI><a href="#[d]">HTS221_H_Get_DRDY_Status</a> from hts221_driver_hl.o(i.HTS221_H_Get_DRDY_Status) referenced 2 times from hts221_driver_hl.o(.data)
 <LI><a href="#[7]">HTS221_H_Get_Hum</a> from hts221_driver_hl.o(i.HTS221_H_Get_Hum) referenced 2 times from hts221_driver_hl.o(.data)
 <LI><a href="#[8]">HTS221_H_Get_ODR</a> from hts221_driver_hl.o(i.HTS221_H_Get_ODR) referenced 2 times from hts221_driver_hl.o(.data)
 <LI><a href="#[5]">HTS221_H_Get_WhoAmI</a> from hts221_driver_hl.o(i.HTS221_H_Get_WhoAmI) referenced 2 times from hts221_driver_hl.o(.data)
 <LI><a href="#[1]">HTS221_H_Init</a> from hts221_driver_hl.o(i.HTS221_H_Init) referenced 2 times from hts221_driver_hl.o(.data)
 <LI><a href="#[b]">HTS221_H_Read_Reg</a> from hts221_driver_hl.o(i.HTS221_H_Read_Reg) referenced 2 times from hts221_driver_hl.o(.data)
 <LI><a href="#[4]">HTS221_H_Sensor_Disable</a> from hts221_driver_hl.o(i.HTS221_H_Sensor_Disable) referenced 2 times from hts221_driver_hl.o(.data)
 <LI><a href="#[3]">HTS221_H_Sensor_Enable</a> from hts221_driver_hl.o(i.HTS221_H_Sensor_Enable) referenced 2 times from hts221_driver_hl.o(.data)
 <LI><a href="#[9]">HTS221_H_Set_ODR</a> from hts221_driver_hl.o(i.HTS221_H_Set_ODR) referenced 2 times from hts221_driver_hl.o(.data)
 <LI><a href="#[a]">HTS221_H_Set_ODR_Value</a> from hts221_driver_hl.o(i.HTS221_H_Set_ODR_Value) referenced 2 times from hts221_driver_hl.o(.data)
 <LI><a href="#[c]">HTS221_H_Write_Reg</a> from hts221_driver_hl.o(i.HTS221_H_Write_Reg) referenced 2 times from hts221_driver_hl.o(.data)
 <LI><a href="#[13]">HTS221_T_Check_WhoAmI</a> from hts221_driver_hl.o(i.HTS221_T_Check_WhoAmI) referenced 2 times from hts221_driver_hl.o(.data)
 <LI><a href="#[f]">HTS221_T_DeInit</a> from hts221_driver_hl.o(i.HTS221_T_DeInit) referenced 2 times from hts221_driver_hl.o(.data)
 <LI><a href="#[1a]">HTS221_T_Get_DRDY_Status</a> from hts221_driver_hl.o(i.HTS221_T_Get_DRDY_Status) referenced 2 times from hts221_driver_hl.o(.data)
 <LI><a href="#[15]">HTS221_T_Get_ODR</a> from hts221_driver_hl.o(i.HTS221_T_Get_ODR) referenced 2 times from hts221_driver_hl.o(.data)
 <LI><a href="#[14]">HTS221_T_Get_Temp</a> from hts221_driver_hl.o(i.HTS221_T_Get_Temp) referenced 2 times from hts221_driver_hl.o(.data)
 <LI><a href="#[12]">HTS221_T_Get_WhoAmI</a> from hts221_driver_hl.o(i.HTS221_T_Get_WhoAmI) referenced 2 times from hts221_driver_hl.o(.data)
 <LI><a href="#[e]">HTS221_T_Init</a> from hts221_driver_hl.o(i.HTS221_T_Init) referenced 2 times from hts221_driver_hl.o(.data)
 <LI><a href="#[18]">HTS221_T_Read_Reg</a> from hts221_driver_hl.o(i.HTS221_T_Read_Reg) referenced 2 times from hts221_driver_hl.o(.data)
 <LI><a href="#[11]">HTS221_T_Sensor_Disable</a> from hts221_driver_hl.o(i.HTS221_T_Sensor_Disable) referenced 2 times from hts221_driver_hl.o(.data)
 <LI><a href="#[10]">HTS221_T_Sensor_Enable</a> from hts221_driver_hl.o(i.HTS221_T_Sensor_Enable) referenced 2 times from hts221_driver_hl.o(.data)
 <LI><a href="#[16]">HTS221_T_Set_ODR</a> from hts221_driver_hl.o(i.HTS221_T_Set_ODR) referenced 2 times from hts221_driver_hl.o(.data)
 <LI><a href="#[17]">HTS221_T_Set_ODR_Value</a> from hts221_driver_hl.o(i.HTS221_T_Set_ODR_Value) referenced 2 times from hts221_driver_hl.o(.data)
 <LI><a href="#[19]">HTS221_T_Write_Reg</a> from hts221_driver_hl.o(i.HTS221_T_Write_Reg) referenced 2 times from hts221_driver_hl.o(.data)
 <LI><a href="#[c7]">HardFault_Handler</a> from stm32l4xx_it.o(i.HardFault_Handler) referenced from startup_stm32l476xx.o(RESET)
 <LI><a href="#[ef]">I2C1_ER_IRQHandler</a> from startup_stm32l476xx.o(.text) referenced from startup_stm32l476xx.o(RESET)
 <LI><a href="#[ee]">I2C1_EV_IRQHandler</a> from startup_stm32l476xx.o(.text) referenced from startup_stm32l476xx.o(RESET)
 <LI><a href="#[f1]">I2C2_ER_IRQHandler</a> from startup_stm32l476xx.o(.text) referenced from startup_stm32l476xx.o(RESET)
 <LI><a href="#[f0]">I2C2_EV_IRQHandler</a> from startup_stm32l476xx.o(.text) referenced from startup_stm32l476xx.o(RESET)
 <LI><a href="#[118]">I2C3_ER_IRQHandler</a> from startup_stm32l476xx.o(.text) referenced from startup_stm32l476xx.o(RESET)
 <LI><a href="#[117]">I2C3_EV_IRQHandler</a> from startup_stm32l476xx.o(.text) referenced from startup_stm32l476xx.o(RESET)
 <LI><a href="#[11d]">LCD_IRQHandler</a> from startup_stm32l476xx.o(.text) referenced from startup_stm32l476xx.o(RESET)
 <LI><a href="#[3c]">LPS22HB_FIFO_Get_Data</a> from lps22hb_driver_hl.o(i.LPS22HB_FIFO_Get_Data) referenced 4 times from lps22hb_driver_hl.o(.data)
 <LI><a href="#[35]">LPS22HB_FIFO_Get_Empty_Status</a> from lps22hb_driver_hl.o(i.LPS22HB_FIFO_Get_Empty_Status) referenced 4 times from lps22hb_driver_hl.o(.data)
 <LI><a href="#[38]">LPS22HB_FIFO_Get_Fth_Status</a> from lps22hb_driver_hl.o(i.LPS22HB_FIFO_Get_Fth_Status) referenced 4 times from lps22hb_driver_hl.o(.data)
 <LI><a href="#[36]">LPS22HB_FIFO_Get_Full_Status</a> from lps22hb_driver_hl.o(i.LPS22HB_FIFO_Get_Full_Status) referenced 4 times from lps22hb_driver_hl.o(.data)
 <LI><a href="#[3d]">LPS22HB_FIFO_Get_Mode</a> from lps22hb_driver_hl.o(i.LPS22HB_FIFO_Get_Mode) referenced 4 times from lps22hb_driver_hl.o(.data)
 <LI><a href="#[3b]">LPS22HB_FIFO_Get_Num_Of_Samples</a> from lps22hb_driver_hl.o(i.LPS22HB_FIFO_Get_Num_Of_Samples) referenced 4 times from lps22hb_driver_hl.o(.data)
 <LI><a href="#[37]">LPS22HB_FIFO_Get_Ovr_Status</a> from lps22hb_driver_hl.o(i.LPS22HB_FIFO_Get_Ovr_Status) referenced 4 times from lps22hb_driver_hl.o(.data)
 <LI><a href="#[3f]">LPS22HB_FIFO_Get_Watermark_Level</a> from lps22hb_driver_hl.o(i.LPS22HB_FIFO_Get_Watermark_Level) referenced 4 times from lps22hb_driver_hl.o(.data)
 <LI><a href="#[43]">LPS22HB_FIFO_Reset_Interrupt</a> from lps22hb_driver_hl.o(i.LPS22HB_FIFO_Reset_Interrupt) referenced 4 times from lps22hb_driver_hl.o(.data)
 <LI><a href="#[42]">LPS22HB_FIFO_Set_Interrupt</a> from lps22hb_driver_hl.o(i.LPS22HB_FIFO_Set_Interrupt) referenced 4 times from lps22hb_driver_hl.o(.data)
 <LI><a href="#[3e]">LPS22HB_FIFO_Set_Mode</a> from lps22hb_driver_hl.o(i.LPS22HB_FIFO_Set_Mode) referenced 4 times from lps22hb_driver_hl.o(.data)
 <LI><a href="#[40]">LPS22HB_FIFO_Set_Watermark_Level</a> from lps22hb_driver_hl.o(i.LPS22HB_FIFO_Set_Watermark_Level) referenced 4 times from lps22hb_driver_hl.o(.data)
 <LI><a href="#[39]">LPS22HB_FIFO_Stop_On_Fth</a> from lps22hb_driver_hl.o(i.LPS22HB_FIFO_Stop_On_Fth) referenced 4 times from lps22hb_driver_hl.o(.data)
 <LI><a href="#[3a]">LPS22HB_FIFO_Usage</a> from lps22hb_driver_hl.o(i.LPS22HB_FIFO_Usage) referenced 4 times from lps22hb_driver_hl.o(.data)
 <LI><a href="#[41]">LPS22HB_FIFO_Watermark_Usage</a> from lps22hb_driver_hl.o(i.LPS22HB_FIFO_Watermark_Usage) referenced 4 times from lps22hb_driver_hl.o(.data)
 <LI><a href="#[20]">LPS22HB_P_Check_WhoAmI</a> from lps22hb_driver_hl.o(i.LPS22HB_P_Check_WhoAmI) referenced 2 times from lps22hb_driver_hl.o(.data)
 <LI><a href="#[1c]">LPS22HB_P_DeInit</a> from lps22hb_driver_hl.o(i.LPS22HB_P_DeInit) referenced 2 times from lps22hb_driver_hl.o(.data)
 <LI><a href="#[27]">LPS22HB_P_Get_DRDY_Status</a> from lps22hb_driver_hl.o(i.LPS22HB_P_Get_DRDY_Status) referenced 2 times from lps22hb_driver_hl.o(.data)
 <LI><a href="#[22]">LPS22HB_P_Get_ODR</a> from lps22hb_driver_hl.o(i.LPS22HB_P_Get_ODR) referenced 2 times from lps22hb_driver_hl.o(.data)
 <LI><a href="#[21]">LPS22HB_P_Get_Press</a> from lps22hb_driver_hl.o(i.LPS22HB_P_Get_Press) referenced 2 times from lps22hb_driver_hl.o(.data)
 <LI><a href="#[1f]">LPS22HB_P_Get_WhoAmI</a> from lps22hb_driver_hl.o(i.LPS22HB_P_Get_WhoAmI) referenced 2 times from lps22hb_driver_hl.o(.data)
 <LI><a href="#[1b]">LPS22HB_P_Init</a> from lps22hb_driver_hl.o(i.LPS22HB_P_Init) referenced 2 times from lps22hb_driver_hl.o(.data)
 <LI><a href="#[25]">LPS22HB_P_Read_Reg</a> from lps22hb_driver_hl.o(i.LPS22HB_P_Read_Reg) referenced 2 times from lps22hb_driver_hl.o(.data)
 <LI><a href="#[1e]">LPS22HB_P_Sensor_Disable</a> from lps22hb_driver_hl.o(i.LPS22HB_P_Sensor_Disable) referenced 2 times from lps22hb_driver_hl.o(.data)
 <LI><a href="#[1d]">LPS22HB_P_Sensor_Enable</a> from lps22hb_driver_hl.o(i.LPS22HB_P_Sensor_Enable) referenced 2 times from lps22hb_driver_hl.o(.data)
 <LI><a href="#[23]">LPS22HB_P_Set_ODR</a> from lps22hb_driver_hl.o(i.LPS22HB_P_Set_ODR) referenced 2 times from lps22hb_driver_hl.o(.data)
 <LI><a href="#[24]">LPS22HB_P_Set_ODR_Value</a> from lps22hb_driver_hl.o(i.LPS22HB_P_Set_ODR_Value) referenced 2 times from lps22hb_driver_hl.o(.data)
 <LI><a href="#[26]">LPS22HB_P_Write_Reg</a> from lps22hb_driver_hl.o(i.LPS22HB_P_Write_Reg) referenced 2 times from lps22hb_driver_hl.o(.data)
 <LI><a href="#[2d]">LPS22HB_T_Check_WhoAmI</a> from lps22hb_driver_hl.o(i.LPS22HB_T_Check_WhoAmI) referenced 2 times from lps22hb_driver_hl.o(.data)
 <LI><a href="#[29]">LPS22HB_T_DeInit</a> from lps22hb_driver_hl.o(i.LPS22HB_T_DeInit) referenced 2 times from lps22hb_driver_hl.o(.data)
 <LI><a href="#[34]">LPS22HB_T_Get_DRDY_Status</a> from lps22hb_driver_hl.o(i.LPS22HB_T_Get_DRDY_Status) referenced 2 times from lps22hb_driver_hl.o(.data)
 <LI><a href="#[2f]">LPS22HB_T_Get_ODR</a> from lps22hb_driver_hl.o(i.LPS22HB_T_Get_ODR) referenced 2 times from lps22hb_driver_hl.o(.data)
 <LI><a href="#[2e]">LPS22HB_T_Get_Temp</a> from lps22hb_driver_hl.o(i.LPS22HB_T_Get_Temp) referenced 2 times from lps22hb_driver_hl.o(.data)
 <LI><a href="#[2c]">LPS22HB_T_Get_WhoAmI</a> from lps22hb_driver_hl.o(i.LPS22HB_T_Get_WhoAmI) referenced 2 times from lps22hb_driver_hl.o(.data)
 <LI><a href="#[28]">LPS22HB_T_Init</a> from lps22hb_driver_hl.o(i.LPS22HB_T_Init) referenced 2 times from lps22hb_driver_hl.o(.data)
 <LI><a href="#[32]">LPS22HB_T_Read_Reg</a> from lps22hb_driver_hl.o(i.LPS22HB_T_Read_Reg) referenced 2 times from lps22hb_driver_hl.o(.data)
 <LI><a href="#[2b]">LPS22HB_T_Sensor_Disable</a> from lps22hb_driver_hl.o(i.LPS22HB_T_Sensor_Disable) referenced 2 times from lps22hb_driver_hl.o(.data)
 <LI><a href="#[2a]">LPS22HB_T_Sensor_Enable</a> from lps22hb_driver_hl.o(i.LPS22HB_T_Sensor_Enable) referenced 2 times from lps22hb_driver_hl.o(.data)
 <LI><a href="#[30]">LPS22HB_T_Set_ODR</a> from lps22hb_driver_hl.o(i.LPS22HB_T_Set_ODR) referenced 2 times from lps22hb_driver_hl.o(.data)
 <LI><a href="#[31]">LPS22HB_T_Set_ODR_Value</a> from lps22hb_driver_hl.o(i.LPS22HB_T_Set_ODR_Value) referenced 2 times from lps22hb_driver_hl.o(.data)
 <LI><a href="#[33]">LPS22HB_T_Write_Reg</a> from lps22hb_driver_hl.o(i.LPS22HB_T_Write_Reg) referenced 2 times from lps22hb_driver_hl.o(.data)
 <LI><a href="#[110]">LPTIM1_IRQHandler</a> from startup_stm32l476xx.o(.text) referenced from startup_stm32l476xx.o(RESET)
 <LI><a href="#[111]">LPTIM2_IRQHandler</a> from startup_stm32l476xx.o(.text) referenced from startup_stm32l476xx.o(RESET)
 <LI><a href="#[115]">LPUART1_IRQHandler</a> from startup_stm32l476xx.o(.text) referenced from startup_stm32l476xx.o(RESET)
 <LI><a href="#[a6]">LSM303AGR_M_Check_WhoAmI</a> from lsm303agr_mag_driver_hl.o(i.LSM303AGR_M_Check_WhoAmI) referenced 2 times from lsm303agr_mag_driver_hl.o(.data)
 <LI><a href="#[a2]">LSM303AGR_M_DeInit</a> from lsm303agr_mag_driver_hl.o(i.LSM303AGR_M_DeInit) referenced 2 times from lsm303agr_mag_driver_hl.o(.data)
 <LI><a href="#[a7]">LSM303AGR_M_Get_Axes</a> from lsm303agr_mag_driver_hl.o(i.LSM303AGR_M_Get_Axes) referenced 2 times from lsm303agr_mag_driver_hl.o(.data)
 <LI><a href="#[a8]">LSM303AGR_M_Get_AxesRaw</a> from lsm303agr_mag_driver_hl.o(i.LSM303AGR_M_Get_AxesRaw) referenced 2 times from lsm303agr_mag_driver_hl.o(.data)
 <LI><a href="#[b2]">LSM303AGR_M_Get_DRDY_Status</a> from lsm303agr_mag_driver_hl.o(i.LSM303AGR_M_Get_DRDY_Status) referenced 2 times from lsm303agr_mag_driver_hl.o(.data)
 <LI><a href="#[ad]">LSM303AGR_M_Get_FS</a> from lsm303agr_mag_driver_hl.o(i.LSM303AGR_M_Get_FS) referenced 2 times from lsm303agr_mag_driver_hl.o(.data)
 <LI><a href="#[aa]">LSM303AGR_M_Get_ODR</a> from lsm303agr_mag_driver_hl.o(i.LSM303AGR_M_Get_ODR) referenced 2 times from lsm303agr_mag_driver_hl.o(.data)
 <LI><a href="#[a9]">LSM303AGR_M_Get_Sensitivity</a> from lsm303agr_mag_driver_hl.o(i.LSM303AGR_M_Get_Sensitivity) referenced 2 times from lsm303agr_mag_driver_hl.o(.data)
 <LI><a href="#[a5]">LSM303AGR_M_Get_WhoAmI</a> from lsm303agr_mag_driver_hl.o(i.LSM303AGR_M_Get_WhoAmI) referenced 2 times from lsm303agr_mag_driver_hl.o(.data)
 <LI><a href="#[a1]">LSM303AGR_M_Init</a> from lsm303agr_mag_driver_hl.o(i.LSM303AGR_M_Init) referenced 2 times from lsm303agr_mag_driver_hl.o(.data)
 <LI><a href="#[b0]">LSM303AGR_M_Read_Reg</a> from lsm303agr_mag_driver_hl.o(i.LSM303AGR_M_Read_Reg) referenced 2 times from lsm303agr_mag_driver_hl.o(.data)
 <LI><a href="#[a4]">LSM303AGR_M_Sensor_Disable</a> from lsm303agr_mag_driver_hl.o(i.LSM303AGR_M_Sensor_Disable) referenced 2 times from lsm303agr_mag_driver_hl.o(.data)
 <LI><a href="#[a3]">LSM303AGR_M_Sensor_Enable</a> from lsm303agr_mag_driver_hl.o(i.LSM303AGR_M_Sensor_Enable) referenced 2 times from lsm303agr_mag_driver_hl.o(.data)
 <LI><a href="#[ae]">LSM303AGR_M_Set_FS</a> from lsm303agr_mag_driver_hl.o(i.LSM303AGR_M_Set_FS) referenced 2 times from lsm303agr_mag_driver_hl.o(.data)
 <LI><a href="#[af]">LSM303AGR_M_Set_FS_Value</a> from lsm303agr_mag_driver_hl.o(i.LSM303AGR_M_Set_FS_Value) referenced 2 times from lsm303agr_mag_driver_hl.o(.data)
 <LI><a href="#[ab]">LSM303AGR_M_Set_ODR</a> from lsm303agr_mag_driver_hl.o(i.LSM303AGR_M_Set_ODR) referenced 2 times from lsm303agr_mag_driver_hl.o(.data)
 <LI><a href="#[ac]">LSM303AGR_M_Set_ODR_Value</a> from lsm303agr_mag_driver_hl.o(i.LSM303AGR_M_Set_ODR_Value) referenced 2 times from lsm303agr_mag_driver_hl.o(.data)
 <LI><a href="#[b1]">LSM303AGR_M_Write_Reg</a> from lsm303agr_mag_driver_hl.o(i.LSM303AGR_M_Write_Reg) referenced 2 times from lsm303agr_mag_driver_hl.o(.data)
 <LI><a href="#[92]">LSM303AGR_X_Check_WhoAmI</a> from lsm303agr_acc_driver_hl.o(i.LSM303AGR_X_Check_WhoAmI) referenced 2 times from lsm303agr_acc_driver_hl.o(.data)
 <LI><a href="#[8e]">LSM303AGR_X_DeInit</a> from lsm303agr_acc_driver_hl.o(i.LSM303AGR_X_DeInit) referenced 2 times from lsm303agr_acc_driver_hl.o(.data)
 <LI><a href="#[93]">LSM303AGR_X_Get_Axes</a> from lsm303agr_acc_driver_hl.o(i.LSM303AGR_X_Get_Axes) referenced 2 times from lsm303agr_acc_driver_hl.o(.data)
 <LI><a href="#[94]">LSM303AGR_X_Get_AxesRaw</a> from lsm303agr_acc_driver_hl.o(i.LSM303AGR_X_Get_AxesRaw) referenced 2 times from lsm303agr_acc_driver_hl.o(.data)
 <LI><a href="#[9c]">LSM303AGR_X_Get_Axes_Status</a> from lsm303agr_acc_driver_hl.o(i.LSM303AGR_X_Get_Axes_Status) referenced 2 times from lsm303agr_acc_driver_hl.o(.data)
 <LI><a href="#[a0]">LSM303AGR_X_Get_DRDY_Status</a> from lsm303agr_acc_driver_hl.o(i.LSM303AGR_X_Get_DRDY_Status) referenced 2 times from lsm303agr_acc_driver_hl.o(.data)
 <LI><a href="#[99]">LSM303AGR_X_Get_FS</a> from lsm303agr_acc_driver_hl.o(i.LSM303AGR_X_Get_FS) referenced 2 times from lsm303agr_acc_driver_hl.o(.data)
 <LI><a href="#[96]">LSM303AGR_X_Get_ODR</a> from lsm303agr_acc_driver_hl.o(i.LSM303AGR_X_Get_ODR) referenced 2 times from lsm303agr_acc_driver_hl.o(.data)
 <LI><a href="#[95]">LSM303AGR_X_Get_Sensitivity</a> from lsm303agr_acc_driver_hl.o(i.LSM303AGR_X_Get_Sensitivity) referenced 2 times from lsm303agr_acc_driver_hl.o(.data)
 <LI><a href="#[91]">LSM303AGR_X_Get_WhoAmI</a> from lsm303agr_acc_driver_hl.o(i.LSM303AGR_X_Get_WhoAmI) referenced 2 times from lsm303agr_acc_driver_hl.o(.data)
 <LI><a href="#[8d]">LSM303AGR_X_Init</a> from lsm303agr_acc_driver_hl.o(i.LSM303AGR_X_Init) referenced 2 times from lsm303agr_acc_driver_hl.o(.data)
 <LI><a href="#[9e]">LSM303AGR_X_Read_Reg</a> from lsm303agr_acc_driver_hl.o(i.LSM303AGR_X_Read_Reg) referenced 2 times from lsm303agr_acc_driver_hl.o(.data)
 <LI><a href="#[90]">LSM303AGR_X_Sensor_Disable</a> from lsm303agr_acc_driver_hl.o(i.LSM303AGR_X_Sensor_Disable) referenced 2 times from lsm303agr_acc_driver_hl.o(.data)
 <LI><a href="#[8f]">LSM303AGR_X_Sensor_Enable</a> from lsm303agr_acc_driver_hl.o(i.LSM303AGR_X_Sensor_Enable) referenced 2 times from lsm303agr_acc_driver_hl.o(.data)
 <LI><a href="#[9d]">LSM303AGR_X_Set_Axes_Status</a> from lsm303agr_acc_driver_hl.o(i.LSM303AGR_X_Set_Axes_Status) referenced 2 times from lsm303agr_acc_driver_hl.o(.data)
 <LI><a href="#[9a]">LSM303AGR_X_Set_FS</a> from lsm303agr_acc_driver_hl.o(i.LSM303AGR_X_Set_FS) referenced 2 times from lsm303agr_acc_driver_hl.o(.data)
 <LI><a href="#[9b]">LSM303AGR_X_Set_FS_Value</a> from lsm303agr_acc_driver_hl.o(i.LSM303AGR_X_Set_FS_Value) referenced 2 times from lsm303agr_acc_driver_hl.o(.data)
 <LI><a href="#[97]">LSM303AGR_X_Set_ODR</a> from lsm303agr_acc_driver_hl.o(i.LSM303AGR_X_Set_ODR) referenced 2 times from lsm303agr_acc_driver_hl.o(.data)
 <LI><a href="#[98]">LSM303AGR_X_Set_ODR_Value</a> from lsm303agr_acc_driver_hl.o(i.LSM303AGR_X_Set_ODR_Value) referenced 2 times from lsm303agr_acc_driver_hl.o(.data)
 <LI><a href="#[9f]">LSM303AGR_X_Write_Reg</a> from lsm303agr_acc_driver_hl.o(i.LSM303AGR_X_Write_Reg) referenced 2 times from lsm303agr_acc_driver_hl.o(.data)
 <LI><a href="#[80]">LSM6DSM_G_Check_WhoAmI</a> from lsm6dsm_acc_gyro_driver_hl.o(i.LSM6DSM_G_Check_WhoAmI) referenced 2 times from lsm6dsm_acc_gyro_driver_hl.o(.data)
 <LI><a href="#[7c]">LSM6DSM_G_DeInit</a> from lsm6dsm_acc_gyro_driver_hl.o(i.LSM6DSM_G_DeInit) referenced 2 times from lsm6dsm_acc_gyro_driver_hl.o(.data)
 <LI><a href="#[81]">LSM6DSM_G_Get_Axes</a> from lsm6dsm_acc_gyro_driver_hl.o(i.LSM6DSM_G_Get_Axes) referenced 2 times from lsm6dsm_acc_gyro_driver_hl.o(.data)
 <LI><a href="#[82]">LSM6DSM_G_Get_AxesRaw</a> from lsm6dsm_acc_gyro_driver_hl.o(i.LSM6DSM_G_Get_AxesRaw) referenced 2 times from lsm6dsm_acc_gyro_driver_hl.o(.data)
 <LI><a href="#[8c]">LSM6DSM_G_Get_DRDY_Status</a> from lsm6dsm_acc_gyro_driver_hl.o(i.LSM6DSM_G_Get_DRDY_Status) referenced 2 times from lsm6dsm_acc_gyro_driver_hl.o(.data)
 <LI><a href="#[87]">LSM6DSM_G_Get_FS</a> from lsm6dsm_acc_gyro_driver_hl.o(i.LSM6DSM_G_Get_FS) referenced 2 times from lsm6dsm_acc_gyro_driver_hl.o(.data)
 <LI><a href="#[84]">LSM6DSM_G_Get_ODR</a> from lsm6dsm_acc_gyro_driver_hl.o(i.LSM6DSM_G_Get_ODR) referenced 2 times from lsm6dsm_acc_gyro_driver_hl.o(.data)
 <LI><a href="#[83]">LSM6DSM_G_Get_Sensitivity</a> from lsm6dsm_acc_gyro_driver_hl.o(i.LSM6DSM_G_Get_Sensitivity) referenced 2 times from lsm6dsm_acc_gyro_driver_hl.o(.data)
 <LI><a href="#[7f]">LSM6DSM_G_Get_WhoAmI</a> from lsm6dsm_acc_gyro_driver_hl.o(i.LSM6DSM_G_Get_WhoAmI) referenced 2 times from lsm6dsm_acc_gyro_driver_hl.o(.data)
 <LI><a href="#[7b]">LSM6DSM_G_Init</a> from lsm6dsm_acc_gyro_driver_hl.o(i.LSM6DSM_G_Init) referenced 2 times from lsm6dsm_acc_gyro_driver_hl.o(.data)
 <LI><a href="#[8a]">LSM6DSM_G_Read_Reg</a> from lsm6dsm_acc_gyro_driver_hl.o(i.LSM6DSM_G_Read_Reg) referenced 2 times from lsm6dsm_acc_gyro_driver_hl.o(.data)
 <LI><a href="#[7e]">LSM6DSM_G_Sensor_Disable</a> from lsm6dsm_acc_gyro_driver_hl.o(i.LSM6DSM_G_Sensor_Disable) referenced 2 times from lsm6dsm_acc_gyro_driver_hl.o(.data)
 <LI><a href="#[7d]">LSM6DSM_G_Sensor_Enable</a> from lsm6dsm_acc_gyro_driver_hl.o(i.LSM6DSM_G_Sensor_Enable) referenced 2 times from lsm6dsm_acc_gyro_driver_hl.o(.data)
 <LI><a href="#[88]">LSM6DSM_G_Set_FS</a> from lsm6dsm_acc_gyro_driver_hl.o(i.LSM6DSM_G_Set_FS) referenced 2 times from lsm6dsm_acc_gyro_driver_hl.o(.data)
 <LI><a href="#[89]">LSM6DSM_G_Set_FS_Value</a> from lsm6dsm_acc_gyro_driver_hl.o(i.LSM6DSM_G_Set_FS_Value) referenced 2 times from lsm6dsm_acc_gyro_driver_hl.o(.data)
 <LI><a href="#[85]">LSM6DSM_G_Set_ODR</a> from lsm6dsm_acc_gyro_driver_hl.o(i.LSM6DSM_G_Set_ODR) referenced 2 times from lsm6dsm_acc_gyro_driver_hl.o(.data)
 <LI><a href="#[86]">LSM6DSM_G_Set_ODR_Value</a> from lsm6dsm_acc_gyro_driver_hl.o(i.LSM6DSM_G_Set_ODR_Value) referenced 2 times from lsm6dsm_acc_gyro_driver_hl.o(.data)
 <LI><a href="#[8b]">LSM6DSM_G_Write_Reg</a> from lsm6dsm_acc_gyro_driver_hl.o(i.LSM6DSM_G_Write_Reg) referenced 2 times from lsm6dsm_acc_gyro_driver_hl.o(.data)
 <LI><a href="#[6e]">LSM6DSM_X_Check_WhoAmI</a> from lsm6dsm_acc_gyro_driver_hl.o(i.LSM6DSM_X_Check_WhoAmI) referenced 2 times from lsm6dsm_acc_gyro_driver_hl.o(.data)
 <LI><a href="#[6a]">LSM6DSM_X_DeInit</a> from lsm6dsm_acc_gyro_driver_hl.o(i.LSM6DSM_X_DeInit) referenced 2 times from lsm6dsm_acc_gyro_driver_hl.o(.data)
 <LI><a href="#[61]">LSM6DSM_X_Disable_6D_Orientation</a> from lsm6dsm_acc_gyro_driver_hl.o(i.LSM6DSM_X_Disable_6D_Orientation) referenced 2 times from lsm6dsm_acc_gyro_driver_hl.o(.data)
 <LI><a href="#[5a]">LSM6DSM_X_Disable_Double_Tap_Detection</a> from lsm6dsm_acc_gyro_driver_hl.o(i.LSM6DSM_X_Disable_Double_Tap_Detection) referenced 2 times from lsm6dsm_acc_gyro_driver_hl.o(.data)
 <LI><a href="#[45]">LSM6DSM_X_Disable_Free_Fall_Detection</a> from lsm6dsm_acc_gyro_driver_hl.o(i.LSM6DSM_X_Disable_Free_Fall_Detection) referenced 2 times from lsm6dsm_acc_gyro_driver_hl.o(.data)
 <LI><a href="#[49]">LSM6DSM_X_Disable_Pedometer</a> from lsm6dsm_acc_gyro_driver_hl.o(i.LSM6DSM_X_Disable_Pedometer) referenced 2 times from lsm6dsm_acc_gyro_driver_hl.o(.data)
 <LI><a href="#[57]">LSM6DSM_X_Disable_Single_Tap_Detection</a> from lsm6dsm_acc_gyro_driver_hl.o(i.LSM6DSM_X_Disable_Single_Tap_Detection) referenced 2 times from lsm6dsm_acc_gyro_driver_hl.o(.data)
 <LI><a href="#[4d]">LSM6DSM_X_Disable_Step_Counter_Reset</a> from lsm6dsm_acc_gyro_driver_hl.o(i.LSM6DSM_X_Disable_Step_Counter_Reset) referenced 2 times from lsm6dsm_acc_gyro_driver_hl.o(.data)
 <LI><a href="#[50]">LSM6DSM_X_Disable_Tilt_Detection</a> from lsm6dsm_acc_gyro_driver_hl.o(i.LSM6DSM_X_Disable_Tilt_Detection) referenced 2 times from lsm6dsm_acc_gyro_driver_hl.o(.data)
 <LI><a href="#[53]">LSM6DSM_X_Disable_Wake_Up_Detection</a> from lsm6dsm_acc_gyro_driver_hl.o(i.LSM6DSM_X_Disable_Wake_Up_Detection) referenced 2 times from lsm6dsm_acc_gyro_driver_hl.o(.data)
 <LI><a href="#[60]">LSM6DSM_X_Enable_6D_Orientation</a> from lsm6dsm_acc_gyro_driver_hl.o(i.LSM6DSM_X_Enable_6D_Orientation) referenced 2 times from lsm6dsm_acc_gyro_driver_hl.o(.data)
 <LI><a href="#[59]">LSM6DSM_X_Enable_Double_Tap_Detection</a> from lsm6dsm_acc_gyro_driver_hl.o(i.LSM6DSM_X_Enable_Double_Tap_Detection) referenced 2 times from lsm6dsm_acc_gyro_driver_hl.o(.data)
 <LI><a href="#[44]">LSM6DSM_X_Enable_Free_Fall_Detection</a> from lsm6dsm_acc_gyro_driver_hl.o(i.LSM6DSM_X_Enable_Free_Fall_Detection) referenced 2 times from lsm6dsm_acc_gyro_driver_hl.o(.data)
 <LI><a href="#[48]">LSM6DSM_X_Enable_Pedometer</a> from lsm6dsm_acc_gyro_driver_hl.o(i.LSM6DSM_X_Enable_Pedometer) referenced 2 times from lsm6dsm_acc_gyro_driver_hl.o(.data)
 <LI><a href="#[56]">LSM6DSM_X_Enable_Single_Tap_Detection</a> from lsm6dsm_acc_gyro_driver_hl.o(i.LSM6DSM_X_Enable_Single_Tap_Detection) referenced 2 times from lsm6dsm_acc_gyro_driver_hl.o(.data)
 <LI><a href="#[4c]">LSM6DSM_X_Enable_Step_Counter_Reset</a> from lsm6dsm_acc_gyro_driver_hl.o(i.LSM6DSM_X_Enable_Step_Counter_Reset) referenced 2 times from lsm6dsm_acc_gyro_driver_hl.o(.data)
 <LI><a href="#[4f]">LSM6DSM_X_Enable_Tilt_Detection</a> from lsm6dsm_acc_gyro_driver_hl.o(i.LSM6DSM_X_Enable_Tilt_Detection) referenced 2 times from lsm6dsm_acc_gyro_driver_hl.o(.data)
 <LI><a href="#[52]">LSM6DSM_X_Enable_Wake_Up_Detection</a> from lsm6dsm_acc_gyro_driver_hl.o(i.LSM6DSM_X_Enable_Wake_Up_Detection) referenced 2 times from lsm6dsm_acc_gyro_driver_hl.o(.data)
 <LI><a href="#[62]">LSM6DSM_X_Get_6D_Orientation_Status</a> from lsm6dsm_acc_gyro_driver_hl.o(i.LSM6DSM_X_Get_6D_Orientation_Status) referenced 2 times from lsm6dsm_acc_gyro_driver_hl.o(.data)
 <LI><a href="#[64]">LSM6DSM_X_Get_6D_Orientation_XH</a> from lsm6dsm_acc_gyro_driver_hl.o(i.LSM6DSM_X_Get_6D_Orientation_XH) referenced 2 times from lsm6dsm_acc_gyro_driver_hl.o(.data)
 <LI><a href="#[63]">LSM6DSM_X_Get_6D_Orientation_XL</a> from lsm6dsm_acc_gyro_driver_hl.o(i.LSM6DSM_X_Get_6D_Orientation_XL) referenced 2 times from lsm6dsm_acc_gyro_driver_hl.o(.data)
 <LI><a href="#[66]">LSM6DSM_X_Get_6D_Orientation_YH</a> from lsm6dsm_acc_gyro_driver_hl.o(i.LSM6DSM_X_Get_6D_Orientation_YH) referenced 2 times from lsm6dsm_acc_gyro_driver_hl.o(.data)
 <LI><a href="#[65]">LSM6DSM_X_Get_6D_Orientation_YL</a> from lsm6dsm_acc_gyro_driver_hl.o(i.LSM6DSM_X_Get_6D_Orientation_YL) referenced 2 times from lsm6dsm_acc_gyro_driver_hl.o(.data)
 <LI><a href="#[68]">LSM6DSM_X_Get_6D_Orientation_ZH</a> from lsm6dsm_acc_gyro_driver_hl.o(i.LSM6DSM_X_Get_6D_Orientation_ZH) referenced 2 times from lsm6dsm_acc_gyro_driver_hl.o(.data)
 <LI><a href="#[67]">LSM6DSM_X_Get_6D_Orientation_ZL</a> from lsm6dsm_acc_gyro_driver_hl.o(i.LSM6DSM_X_Get_6D_Orientation_ZL) referenced 2 times from lsm6dsm_acc_gyro_driver_hl.o(.data)
 <LI><a href="#[6f]">LSM6DSM_X_Get_Axes</a> from lsm6dsm_acc_gyro_driver_hl.o(i.LSM6DSM_X_Get_Axes) referenced 2 times from lsm6dsm_acc_gyro_driver_hl.o(.data)
 <LI><a href="#[70]">LSM6DSM_X_Get_AxesRaw</a> from lsm6dsm_acc_gyro_driver_hl.o(i.LSM6DSM_X_Get_AxesRaw) referenced 2 times from lsm6dsm_acc_gyro_driver_hl.o(.data)
 <LI><a href="#[7a]">LSM6DSM_X_Get_DRDY_Status</a> from lsm6dsm_acc_gyro_driver_hl.o(i.LSM6DSM_X_Get_DRDY_Status) referenced 2 times from lsm6dsm_acc_gyro_driver_hl.o(.data)
 <LI><a href="#[5b]">LSM6DSM_X_Get_Double_Tap_Detection_Status</a> from lsm6dsm_acc_gyro_driver_hl.o(i.LSM6DSM_X_Get_Double_Tap_Detection_Status) referenced 2 times from lsm6dsm_acc_gyro_driver_hl.o(.data)
 <LI><a href="#[75]">LSM6DSM_X_Get_FS</a> from lsm6dsm_acc_gyro_driver_hl.o(i.LSM6DSM_X_Get_FS) referenced 2 times from lsm6dsm_acc_gyro_driver_hl.o(.data)
 <LI><a href="#[46]">LSM6DSM_X_Get_Free_Fall_Detection_Status</a> from lsm6dsm_acc_gyro_driver_hl.o(i.LSM6DSM_X_Get_Free_Fall_Detection_Status) referenced 2 times from lsm6dsm_acc_gyro_driver_hl.o(.data)
 <LI><a href="#[72]">LSM6DSM_X_Get_ODR</a> from lsm6dsm_acc_gyro_driver_hl.o(i.LSM6DSM_X_Get_ODR) referenced 2 times from lsm6dsm_acc_gyro_driver_hl.o(.data)
 <LI><a href="#[4a]">LSM6DSM_X_Get_Pedometer_Status</a> from lsm6dsm_acc_gyro_driver_hl.o(i.LSM6DSM_X_Get_Pedometer_Status) referenced 2 times from lsm6dsm_acc_gyro_driver_hl.o(.data)
 <LI><a href="#[71]">LSM6DSM_X_Get_Sensitivity</a> from lsm6dsm_acc_gyro_driver_hl.o(i.LSM6DSM_X_Get_Sensitivity) referenced 2 times from lsm6dsm_acc_gyro_driver_hl.o(.data)
 <LI><a href="#[58]">LSM6DSM_X_Get_Single_Tap_Detection_Status</a> from lsm6dsm_acc_gyro_driver_hl.o(i.LSM6DSM_X_Get_Single_Tap_Detection_Status) referenced 2 times from lsm6dsm_acc_gyro_driver_hl.o(.data)
 <LI><a href="#[4b]">LSM6DSM_X_Get_Step_Count</a> from lsm6dsm_acc_gyro_driver_hl.o(i.LSM6DSM_X_Get_Step_Count) referenced 2 times from lsm6dsm_acc_gyro_driver_hl.o(.data)
 <LI><a href="#[51]">LSM6DSM_X_Get_Tilt_Detection_Status</a> from lsm6dsm_acc_gyro_driver_hl.o(i.LSM6DSM_X_Get_Tilt_Detection_Status) referenced 2 times from lsm6dsm_acc_gyro_driver_hl.o(.data)
 <LI><a href="#[54]">LSM6DSM_X_Get_Wake_Up_Detection_Status</a> from lsm6dsm_acc_gyro_driver_hl.o(i.LSM6DSM_X_Get_Wake_Up_Detection_Status) referenced 2 times from lsm6dsm_acc_gyro_driver_hl.o(.data)
 <LI><a href="#[6d]">LSM6DSM_X_Get_WhoAmI</a> from lsm6dsm_acc_gyro_driver_hl.o(i.LSM6DSM_X_Get_WhoAmI) referenced 2 times from lsm6dsm_acc_gyro_driver_hl.o(.data)
 <LI><a href="#[69]">LSM6DSM_X_Init</a> from lsm6dsm_acc_gyro_driver_hl.o(i.LSM6DSM_X_Init) referenced 2 times from lsm6dsm_acc_gyro_driver_hl.o(.data)
 <LI><a href="#[78]">LSM6DSM_X_Read_Reg</a> from lsm6dsm_acc_gyro_driver_hl.o(i.LSM6DSM_X_Read_Reg) referenced 2 times from lsm6dsm_acc_gyro_driver_hl.o(.data)
 <LI><a href="#[6c]">LSM6DSM_X_Sensor_Disable</a> from lsm6dsm_acc_gyro_driver_hl.o(i.LSM6DSM_X_Sensor_Disable) referenced 2 times from lsm6dsm_acc_gyro_driver_hl.o(.data)
 <LI><a href="#[6b]">LSM6DSM_X_Sensor_Enable</a> from lsm6dsm_acc_gyro_driver_hl.o(i.LSM6DSM_X_Sensor_Enable) referenced 2 times from lsm6dsm_acc_gyro_driver_hl.o(.data)
 <LI><a href="#[76]">LSM6DSM_X_Set_FS</a> from lsm6dsm_acc_gyro_driver_hl.o(i.LSM6DSM_X_Set_FS) referenced 2 times from lsm6dsm_acc_gyro_driver_hl.o(.data)
 <LI><a href="#[77]">LSM6DSM_X_Set_FS_Value</a> from lsm6dsm_acc_gyro_driver_hl.o(i.LSM6DSM_X_Set_FS_Value) referenced 2 times from lsm6dsm_acc_gyro_driver_hl.o(.data)
 <LI><a href="#[47]">LSM6DSM_X_Set_Free_Fall_Threshold</a> from lsm6dsm_acc_gyro_driver_hl.o(i.LSM6DSM_X_Set_Free_Fall_Threshold) referenced 2 times from lsm6dsm_acc_gyro_driver_hl.o(.data)
 <LI><a href="#[73]">LSM6DSM_X_Set_ODR</a> from lsm6dsm_acc_gyro_driver_hl.o(i.LSM6DSM_X_Set_ODR) referenced 2 times from lsm6dsm_acc_gyro_driver_hl.o(.data)
 <LI><a href="#[74]">LSM6DSM_X_Set_ODR_Value</a> from lsm6dsm_acc_gyro_driver_hl.o(i.LSM6DSM_X_Set_ODR_Value) referenced 2 times from lsm6dsm_acc_gyro_driver_hl.o(.data)
 <LI><a href="#[4e]">LSM6DSM_X_Set_Pedometer_Threshold</a> from lsm6dsm_acc_gyro_driver_hl.o(i.LSM6DSM_X_Set_Pedometer_Threshold) referenced 2 times from lsm6dsm_acc_gyro_driver_hl.o(.data)
 <LI><a href="#[5f]">LSM6DSM_X_Set_Tap_Duration_Time</a> from lsm6dsm_acc_gyro_driver_hl.o(i.LSM6DSM_X_Set_Tap_Duration_Time) referenced 2 times from lsm6dsm_acc_gyro_driver_hl.o(.data)
 <LI><a href="#[5e]">LSM6DSM_X_Set_Tap_Quiet_Time</a> from lsm6dsm_acc_gyro_driver_hl.o(i.LSM6DSM_X_Set_Tap_Quiet_Time) referenced 2 times from lsm6dsm_acc_gyro_driver_hl.o(.data)
 <LI><a href="#[5d]">LSM6DSM_X_Set_Tap_Shock_Time</a> from lsm6dsm_acc_gyro_driver_hl.o(i.LSM6DSM_X_Set_Tap_Shock_Time) referenced 2 times from lsm6dsm_acc_gyro_driver_hl.o(.data)
 <LI><a href="#[5c]">LSM6DSM_X_Set_Tap_Threshold</a> from lsm6dsm_acc_gyro_driver_hl.o(i.LSM6DSM_X_Set_Tap_Threshold) referenced 2 times from lsm6dsm_acc_gyro_driver_hl.o(.data)
 <LI><a href="#[55]">LSM6DSM_X_Set_Wake_Up_Threshold</a> from lsm6dsm_acc_gyro_driver_hl.o(i.LSM6DSM_X_Set_Wake_Up_Threshold) referenced 2 times from lsm6dsm_acc_gyro_driver_hl.o(.data)
 <LI><a href="#[79]">LSM6DSM_X_Write_Reg</a> from lsm6dsm_acc_gyro_driver_hl.o(i.LSM6DSM_X_Write_Reg) referenced 2 times from lsm6dsm_acc_gyro_driver_hl.o(.data)
 <LI><a href="#[c8]">MemManage_Handler</a> from startup_stm32l476xx.o(.text) referenced from startup_stm32l476xx.o(RESET)
 <LI><a href="#[c6]">NMI_Handler</a> from stm32l4xx_it.o(i.NMI_Handler) referenced from startup_stm32l476xx.o(RESET)
 <LI><a href="#[112]">OTG_FS_IRQHandler</a> from stm32l4xx_it.o(i.OTG_FS_IRQHandler) referenced from startup_stm32l476xx.o(RESET)
 <LI><a href="#[d0]">PVD_PVM_IRQHandler</a> from startup_stm32l476xx.o(.text) referenced from startup_stm32l476xx.o(RESET)
 <LI><a href="#[cd]">PendSV_Handler</a> from startup_stm32l476xx.o(.text) referenced from startup_stm32l476xx.o(RESET)
 <LI><a href="#[116]">QUADSPI_IRQHandler</a> from startup_stm32l476xx.o(.text) referenced from startup_stm32l476xx.o(RESET)
 <LI><a href="#[d4]">RCC_IRQHandler</a> from startup_stm32l476xx.o(.text) referenced from startup_stm32l476xx.o(RESET)
 <LI><a href="#[11e]">RNG_IRQHandler</a> from startup_stm32l476xx.o(.text) referenced from startup_stm32l476xx.o(RESET)
 <LI><a href="#[f8]">RTC_Alarm_IRQHandler</a> from startup_stm32l476xx.o(.text) referenced from startup_stm32l476xx.o(RESET)
 <LI><a href="#[d2]">RTC_WKUP_IRQHandler</a> from startup_stm32l476xx.o(.text) referenced from startup_stm32l476xx.o(RESET)
 <LI><a href="#[c5]">Reset_Handler</a> from startup_stm32l476xx.o(.text) referenced from startup_stm32l476xx.o(RESET)
 <LI><a href="#[119]">SAI1_IRQHandler</a> from startup_stm32l476xx.o(.text) referenced from startup_stm32l476xx.o(RESET)
 <LI><a href="#[11a]">SAI2_IRQHandler</a> from startup_stm32l476xx.o(.text) referenced from startup_stm32l476xx.o(RESET)
 <LI><a href="#[100]">SDMMC1_IRQHandler</a> from startup_stm32l476xx.o(.text) referenced from startup_stm32l476xx.o(RESET)
 <LI><a href="#[f2]">SPI1_IRQHandler</a> from startup_stm32l476xx.o(.text) referenced from startup_stm32l476xx.o(RESET)
 <LI><a href="#[f3]">SPI2_IRQHandler</a> from startup_stm32l476xx.o(.text) referenced from startup_stm32l476xx.o(RESET)
 <LI><a href="#[102]">SPI3_IRQHandler</a> from startup_stm32l476xx.o(.text) referenced from startup_stm32l476xx.o(RESET)
 <LI><a href="#[b4]">STC3115_DeInit</a> from stc3115_driver.o(i.STC3115_DeInit) referenced 2 times from stc3115_driver.o(.data)
 <LI><a href="#[c0]">STC3115_GetAlarmStatus</a> from stc3115_driver.o(i.STC3115_GetAlarmStatus) referenced 2 times from stc3115_driver.o(.data)
 <LI><a href="#[be]">STC3115_GetChargeValue</a> from stc3115_driver.o(i.STC3115_GetChargeValue) referenced 2 times from stc3115_driver.o(.data)
 <LI><a href="#[bb]">STC3115_GetCurrent</a> from stc3115_driver.o(i.STC3115_GetCurrent) referenced 2 times from stc3115_driver.o(.data)
 <LI><a href="#[ba]">STC3115_GetOCV</a> from stc3115_driver.o(i.STC3115_GetOCV) referenced 2 times from stc3115_driver.o(.data)
 <LI><a href="#[bf]">STC3115_GetPresence</a> from stc3115_driver.o(i.STC3115_GetPresence) referenced 2 times from stc3115_driver.o(.data)
 <LI><a href="#[b9]">STC3115_GetSOC</a> from stc3115_driver.o(i.STC3115_GetSOC) referenced 2 times from stc3115_driver.o(.data)
 <LI><a href="#[bc]">STC3115_GetTemperature</a> from stc3115_driver.o(i.STC3115_GetTemperature) referenced 2 times from stc3115_driver.o(.data)
 <LI><a href="#[bd]">STC3115_GetVoltage</a> from stc3115_driver.o(i.STC3115_GetVoltage) referenced 2 times from stc3115_driver.o(.data)
 <LI><a href="#[b5]">STC3115_Get_WhoAmI</a> from stc3115_driver.o(i.STC3115_Get_WhoAmI) referenced 2 times from stc3115_driver.o(.data)
 <LI><a href="#[b3]">STC3115_Init</a> from stc3115_driver.o(i.STC3115_Init) referenced 2 times from stc3115_driver.o(.data)
 <LI><a href="#[b7]">STC3115_Reset</a> from stc3115_driver.o(i.STC3115_Reset) referenced 2 times from stc3115_driver.o(.data)
 <LI><a href="#[b8]">STC3115_Stop</a> from stc3115_driver.o(i.STC3115_Stop) referenced 2 times from stc3115_driver.o(.data)
 <LI><a href="#[b6]">STC3115_Task</a> from stc3115_driver.o(i.STC3115_Task) referenced 2 times from stc3115_driver.o(.data)
 <LI><a href="#[cb]">SVC_Handler</a> from startup_stm32l476xx.o(.text) referenced from startup_stm32l476xx.o(RESET)
 <LI><a href="#[11b]">SWPMI1_IRQHandler</a> from startup_stm32l476xx.o(.text) referenced from startup_stm32l476xx.o(RESET)
 <LI><a href="#[ce]">SysTick_Handler</a> from stm32l4xx_it.o(i.SysTick_Handler) referenced from startup_stm32l476xx.o(RESET)
 <LI><a href="#[121]">SystemInit</a> from system_stm32l4xx.o(i.SystemInit) referenced from startup_stm32l476xx.o(.text)
 <LI><a href="#[d1]">TAMP_STAMP_IRQHandler</a> from startup_stm32l476xx.o(.text) referenced from startup_stm32l476xx.o(RESET)
 <LI><a href="#[e7]">TIM1_BRK_TIM15_IRQHandler</a> from startup_stm32l476xx.o(.text) referenced from startup_stm32l476xx.o(RESET)
 <LI><a href="#[ea]">TIM1_CC_IRQHandler</a> from startup_stm32l476xx.o(.text) referenced from startup_stm32l476xx.o(RESET)
 <LI><a href="#[e9]">TIM1_TRG_COM_TIM17_IRQHandler</a> from startup_stm32l476xx.o(.text) referenced from startup_stm32l476xx.o(RESET)
 <LI><a href="#[e8]">TIM1_UP_TIM16_IRQHandler</a> from startup_stm32l476xx.o(.text) referenced from startup_stm32l476xx.o(RESET)
 <LI><a href="#[eb]">TIM2_IRQHandler</a> from startup_stm32l476xx.o(.text) referenced from startup_stm32l476xx.o(RESET)
 <LI><a href="#[ec]">TIM3_IRQHandler</a> from stm32l4xx_it.o(i.TIM3_IRQHandler) referenced from startup_stm32l476xx.o(RESET)
 <LI><a href="#[ed]">TIM4_IRQHandler</a> from main.o(i.TIM4_IRQHandler) referenced from startup_stm32l476xx.o(RESET)
 <LI><a href="#[101]">TIM5_IRQHandler</a> from startup_stm32l476xx.o(.text) referenced from startup_stm32l476xx.o(RESET)
 <LI><a href="#[105]">TIM6_DAC_IRQHandler</a> from startup_stm32l476xx.o(.text) referenced from startup_stm32l476xx.o(RESET)
 <LI><a href="#[106]">TIM7_IRQHandler</a> from startup_stm32l476xx.o(.text) referenced from startup_stm32l476xx.o(RESET)
 <LI><a href="#[fa]">TIM8_BRK_IRQHandler</a> from startup_stm32l476xx.o(.text) referenced from startup_stm32l476xx.o(RESET)
 <LI><a href="#[fd]">TIM8_CC_IRQHandler</a> from startup_stm32l476xx.o(.text) referenced from startup_stm32l476xx.o(RESET)
 <LI><a href="#[fc]">TIM8_TRG_COM_IRQHandler</a> from startup_stm32l476xx.o(.text) referenced from startup_stm32l476xx.o(RESET)
 <LI><a href="#[fb]">TIM8_UP_IRQHandler</a> from startup_stm32l476xx.o(.text) referenced from startup_stm32l476xx.o(RESET)
 <LI><a href="#[11c]">TSC_IRQHandler</a> from startup_stm32l476xx.o(.text) referenced from startup_stm32l476xx.o(RESET)
 <LI><a href="#[103]">UART4_IRQHandler</a> from startup_stm32l476xx.o(.text) referenced from startup_stm32l476xx.o(RESET)
 <LI><a href="#[104]">UART5_IRQHandler</a> from startup_stm32l476xx.o(.text) referenced from startup_stm32l476xx.o(RESET)
 <LI><a href="#[f4]">USART1_IRQHandler</a> from startup_stm32l476xx.o(.text) referenced from startup_stm32l476xx.o(RESET)
 <LI><a href="#[f5]">USART2_IRQHandler</a> from startup_stm32l476xx.o(.text) referenced from startup_stm32l476xx.o(RESET)
 <LI><a href="#[f6]">USART3_IRQHandler</a> from startup_stm32l476xx.o(.text) referenced from startup_stm32l476xx.o(RESET)
 <LI><a href="#[ca]">UsageFault_Handler</a> from startup_stm32l476xx.o(.text) referenced from startup_stm32l476xx.o(RESET)
 <LI><a href="#[cf]">WWDG_IRQHandler</a> from startup_stm32l476xx.o(.text) referenced from startup_stm32l476xx.o(RESET)
 <LI><a href="#[122]">__main</a> from entry.o(.ARM.Collect$$$$00000000) referenced from startup_stm32l476xx.o(.text)
 <LI><a href="#[124]">_sputc</a> from printfa.o(i._sputc) referenced from printfa.o(i.__0sprintf)
 <LI><a href="#[123]">fputc</a> from uart.o(i.fputc) referenced from printfa.o(i.__0printf)
 <LI><a href="#[120]">main</a> from main.o(i.main) referenced from entry9a.o(.ARM.Collect$$$$0000000B)
</UL>
<P>
<H3>
Global Symbols
</H3>
<P><STRONG><a name="[122]"></a>__main</STRONG> (Thumb, 0 bytes, Stack size unknown bytes, entry.o(.ARM.Collect$$$$00000000))
<BR>[Address Reference Count : 1]<UL><LI> startup_stm32l476xx.o(.text)
</UL>
<P><STRONG><a name="[360]"></a>_main_stk</STRONG> (Thumb, 0 bytes, Stack size unknown bytes, entry2.o(.ARM.Collect$$$$00000001))

<P><STRONG><a name="[125]"></a>_main_scatterload</STRONG> (Thumb, 0 bytes, Stack size unknown bytes, entry5.o(.ARM.Collect$$$$00000004))
<BR><BR>[Calls]<UL><LI><a href="#[126]">&gt;&gt;</a>&nbsp;&nbsp;&nbsp;__scatterload
</UL>

<P><STRONG><a name="[13d]"></a>__main_after_scatterload</STRONG> (Thumb, 0 bytes, Stack size unknown bytes, entry5.o(.ARM.Collect$$$$00000004))
<BR><BR>[Called By]<UL><LI><a href="#[126]">&gt;&gt;</a>&nbsp;&nbsp;&nbsp;__scatterload
</UL>

<P><STRONG><a name="[361]"></a>_main_clock</STRONG> (Thumb, 0 bytes, Stack size unknown bytes, entry7b.o(.ARM.Collect$$$$00000008))

<P><STRONG><a name="[362]"></a>_main_cpp_init</STRONG> (Thumb, 0 bytes, Stack size unknown bytes, entry8b.o(.ARM.Collect$$$$0000000A))

<P><STRONG><a name="[363]"></a>_main_init</STRONG> (Thumb, 0 bytes, Stack size unknown bytes, entry9a.o(.ARM.Collect$$$$0000000B))

<P><STRONG><a name="[364]"></a>__rt_final_cpp</STRONG> (Thumb, 0 bytes, Stack size unknown bytes, entry10a.o(.ARM.Collect$$$$0000000D))

<P><STRONG><a name="[365]"></a>__rt_final_exit</STRONG> (Thumb, 0 bytes, Stack size unknown bytes, entry11a.o(.ARM.Collect$$$$0000000F))

<P><STRONG><a name="[c5]"></a>Reset_Handler</STRONG> (Thumb, 8 bytes, Stack size 0 bytes, startup_stm32l476xx.o(.text))
<BR>[Address Reference Count : 1]<UL><LI> startup_stm32l476xx.o(RESET)
</UL>
<P><STRONG><a name="[c8]"></a>MemManage_Handler</STRONG> (Thumb, 2 bytes, Stack size 0 bytes, startup_stm32l476xx.o(.text))
<BR><BR>[Calls]<UL><LI><a href="#[c8]">&gt;&gt;</a>&nbsp;&nbsp;&nbsp;MemManage_Handler
</UL>
<BR>[Called By]<UL><LI><a href="#[c8]">&gt;&gt;</a>&nbsp;&nbsp;&nbsp;MemManage_Handler
</UL>
<BR>[Address Reference Count : 1]<UL><LI> startup_stm32l476xx.o(RESET)
</UL>
<P><STRONG><a name="[c9]"></a>BusFault_Handler</STRONG> (Thumb, 2 bytes, Stack size 0 bytes, startup_stm32l476xx.o(.text))
<BR><BR>[Calls]<UL><LI><a href="#[c9]">&gt;&gt;</a>&nbsp;&nbsp;&nbsp;BusFault_Handler
</UL>
<BR>[Called By]<UL><LI><a href="#[c9]">&gt;&gt;</a>&nbsp;&nbsp;&nbsp;BusFault_Handler
</UL>
<BR>[Address Reference Count : 1]<UL><LI> startup_stm32l476xx.o(RESET)
</UL>
<P><STRONG><a name="[ca]"></a>UsageFault_Handler</STRONG> (Thumb, 2 bytes, Stack size 0 bytes, startup_stm32l476xx.o(.text))
<BR><BR>[Calls]<UL><LI><a href="#[ca]">&gt;&gt;</a>&nbsp;&nbsp;&nbsp;UsageFault_Handler
</UL>
<BR>[Called By]<UL><LI><a href="#[ca]">&gt;&gt;</a>&nbsp;&nbsp;&nbsp;UsageFault_Handler
</UL>
<BR>[Address Reference Count : 1]<UL><LI> startup_stm32l476xx.o(RESET)
</UL>
<P><STRONG><a name="[cb]"></a>SVC_Handler</STRONG> (Thumb, 2 bytes, Stack size 0 bytes, startup_stm32l476xx.o(.text))
<BR><BR>[Calls]<UL><LI><a href="#[cb]">&gt;&gt;</a>&nbsp;&nbsp;&nbsp;SVC_Handler
</UL>
<BR>[Called By]<UL><LI><a href="#[cb]">&gt;&gt;</a>&nbsp;&nbsp;&nbsp;SVC_Handler
</UL>
<BR>[Address Reference Count : 1]<UL><LI> startup_stm32l476xx.o(RESET)
</UL>
<P><STRONG><a name="[cd]"></a>PendSV_Handler</STRONG> (Thumb, 2 bytes, Stack size 0 bytes, startup_stm32l476xx.o(.text))
<BR><BR>[Calls]<UL><LI><a href="#[cd]">&gt;&gt;</a>&nbsp;&nbsp;&nbsp;PendSV_Handler
</UL>
<BR>[Called By]<UL><LI><a href="#[cd]">&gt;&gt;</a>&nbsp;&nbsp;&nbsp;PendSV_Handler
</UL>
<BR>[Address Reference Count : 1]<UL><LI> startup_stm32l476xx.o(RESET)
</UL>
<P><STRONG><a name="[e1]"></a>ADC1_2_IRQHandler</STRONG> (Thumb, 0 bytes, Stack size 0 bytes, startup_stm32l476xx.o(.text))
<BR><BR>[Calls]<UL><LI><a href="#[e1]">&gt;&gt;</a>&nbsp;&nbsp;&nbsp;ADC1_2_IRQHandler
</UL>
<BR>[Called By]<UL><LI><a href="#[e1]">&gt;&gt;</a>&nbsp;&nbsp;&nbsp;ADC1_2_IRQHandler
</UL>
<BR>[Address Reference Count : 1]<UL><LI> startup_stm32l476xx.o(RESET)
</UL>
<P><STRONG><a name="[fe]"></a>ADC3_IRQHandler</STRONG> (Thumb, 0 bytes, Stack size 0 bytes, startup_stm32l476xx.o(.text))
<BR>[Address Reference Count : 1]<UL><LI> startup_stm32l476xx.o(RESET)
</UL>
<P><STRONG><a name="[e3]"></a>CAN1_RX0_IRQHandler</STRONG> (Thumb, 0 bytes, Stack size 0 bytes, startup_stm32l476xx.o(.text))
<BR>[Address Reference Count : 1]<UL><LI> startup_stm32l476xx.o(RESET)
</UL>
<P><STRONG><a name="[e4]"></a>CAN1_RX1_IRQHandler</STRONG> (Thumb, 0 bytes, Stack size 0 bytes, startup_stm32l476xx.o(.text))
<BR>[Address Reference Count : 1]<UL><LI> startup_stm32l476xx.o(RESET)
</UL>
<P><STRONG><a name="[e5]"></a>CAN1_SCE_IRQHandler</STRONG> (Thumb, 0 bytes, Stack size 0 bytes, startup_stm32l476xx.o(.text))
<BR>[Address Reference Count : 1]<UL><LI> startup_stm32l476xx.o(RESET)
</UL>
<P><STRONG><a name="[e2]"></a>CAN1_TX_IRQHandler</STRONG> (Thumb, 0 bytes, Stack size 0 bytes, startup_stm32l476xx.o(.text))
<BR>[Address Reference Count : 1]<UL><LI> startup_stm32l476xx.o(RESET)
</UL>
<P><STRONG><a name="[10f]"></a>COMP_IRQHandler</STRONG> (Thumb, 0 bytes, Stack size 0 bytes, startup_stm32l476xx.o(.text))
<BR>[Address Reference Count : 1]<UL><LI> startup_stm32l476xx.o(RESET)
</UL>
<P><STRONG><a name="[10c]"></a>DFSDM1_FLT0_IRQHandler</STRONG> (Thumb, 0 bytes, Stack size 0 bytes, startup_stm32l476xx.o(.text))
<BR>[Address Reference Count : 1]<UL><LI> startup_stm32l476xx.o(RESET)
</UL>
<P><STRONG><a name="[10d]"></a>DFSDM1_FLT1_IRQHandler</STRONG> (Thumb, 0 bytes, Stack size 0 bytes, startup_stm32l476xx.o(.text))
<BR>[Address Reference Count : 1]<UL><LI> startup_stm32l476xx.o(RESET)
</UL>
<P><STRONG><a name="[10e]"></a>DFSDM1_FLT2_IRQHandler</STRONG> (Thumb, 0 bytes, Stack size 0 bytes, startup_stm32l476xx.o(.text))
<BR>[Address Reference Count : 1]<UL><LI> startup_stm32l476xx.o(RESET)
</UL>
<P><STRONG><a name="[f9]"></a>DFSDM1_FLT3_IRQHandler</STRONG> (Thumb, 0 bytes, Stack size 0 bytes, startup_stm32l476xx.o(.text))
<BR>[Address Reference Count : 1]<UL><LI> startup_stm32l476xx.o(RESET)
</UL>
<P><STRONG><a name="[da]"></a>DMA1_Channel1_IRQHandler</STRONG> (Thumb, 0 bytes, Stack size 0 bytes, startup_stm32l476xx.o(.text))
<BR>[Address Reference Count : 1]<UL><LI> startup_stm32l476xx.o(RESET)
</UL>
<P><STRONG><a name="[db]"></a>DMA1_Channel2_IRQHandler</STRONG> (Thumb, 0 bytes, Stack size 0 bytes, startup_stm32l476xx.o(.text))
<BR>[Address Reference Count : 1]<UL><LI> startup_stm32l476xx.o(RESET)
</UL>
<P><STRONG><a name="[dc]"></a>DMA1_Channel3_IRQHandler</STRONG> (Thumb, 0 bytes, Stack size 0 bytes, startup_stm32l476xx.o(.text))
<BR>[Address Reference Count : 1]<UL><LI> startup_stm32l476xx.o(RESET)
</UL>
<P><STRONG><a name="[dd]"></a>DMA1_Channel4_IRQHandler</STRONG> (Thumb, 0 bytes, Stack size 0 bytes, startup_stm32l476xx.o(.text))
<BR>[Address Reference Count : 1]<UL><LI> startup_stm32l476xx.o(RESET)
</UL>
<P><STRONG><a name="[de]"></a>DMA1_Channel5_IRQHandler</STRONG> (Thumb, 0 bytes, Stack size 0 bytes, startup_stm32l476xx.o(.text))
<BR>[Address Reference Count : 1]<UL><LI> startup_stm32l476xx.o(RESET)
</UL>
<P><STRONG><a name="[df]"></a>DMA1_Channel6_IRQHandler</STRONG> (Thumb, 0 bytes, Stack size 0 bytes, startup_stm32l476xx.o(.text))
<BR>[Address Reference Count : 1]<UL><LI> startup_stm32l476xx.o(RESET)
</UL>
<P><STRONG><a name="[e0]"></a>DMA1_Channel7_IRQHandler</STRONG> (Thumb, 0 bytes, Stack size 0 bytes, startup_stm32l476xx.o(.text))
<BR>[Address Reference Count : 1]<UL><LI> startup_stm32l476xx.o(RESET)
</UL>
<P><STRONG><a name="[107]"></a>DMA2_Channel1_IRQHandler</STRONG> (Thumb, 0 bytes, Stack size 0 bytes, startup_stm32l476xx.o(.text))
<BR>[Address Reference Count : 1]<UL><LI> startup_stm32l476xx.o(RESET)
</UL>
<P><STRONG><a name="[108]"></a>DMA2_Channel2_IRQHandler</STRONG> (Thumb, 0 bytes, Stack size 0 bytes, startup_stm32l476xx.o(.text))
<BR>[Address Reference Count : 1]<UL><LI> startup_stm32l476xx.o(RESET)
</UL>
<P><STRONG><a name="[109]"></a>DMA2_Channel3_IRQHandler</STRONG> (Thumb, 0 bytes, Stack size 0 bytes, startup_stm32l476xx.o(.text))
<BR>[Address Reference Count : 1]<UL><LI> startup_stm32l476xx.o(RESET)
</UL>
<P><STRONG><a name="[10a]"></a>DMA2_Channel4_IRQHandler</STRONG> (Thumb, 0 bytes, Stack size 0 bytes, startup_stm32l476xx.o(.text))
<BR>[Address Reference Count : 1]<UL><LI> startup_stm32l476xx.o(RESET)
</UL>
<P><STRONG><a name="[10b]"></a>DMA2_Channel5_IRQHandler</STRONG> (Thumb, 0 bytes, Stack size 0 bytes, startup_stm32l476xx.o(.text))
<BR>[Address Reference Count : 1]<UL><LI> startup_stm32l476xx.o(RESET)
</UL>
<P><STRONG><a name="[113]"></a>DMA2_Channel6_IRQHandler</STRONG> (Thumb, 0 bytes, Stack size 0 bytes, startup_stm32l476xx.o(.text))
<BR>[Address Reference Count : 1]<UL><LI> startup_stm32l476xx.o(RESET)
</UL>
<P><STRONG><a name="[114]"></a>DMA2_Channel7_IRQHandler</STRONG> (Thumb, 0 bytes, Stack size 0 bytes, startup_stm32l476xx.o(.text))
<BR>[Address Reference Count : 1]<UL><LI> startup_stm32l476xx.o(RESET)
</UL>
<P><STRONG><a name="[d5]"></a>EXTI0_IRQHandler</STRONG> (Thumb, 0 bytes, Stack size 0 bytes, startup_stm32l476xx.o(.text))
<BR>[Address Reference Count : 1]<UL><LI> startup_stm32l476xx.o(RESET)
</UL>
<P><STRONG><a name="[f7]"></a>EXTI15_10_IRQHandler</STRONG> (Thumb, 0 bytes, Stack size 0 bytes, startup_stm32l476xx.o(.text))
<BR>[Address Reference Count : 1]<UL><LI> startup_stm32l476xx.o(RESET)
</UL>
<P><STRONG><a name="[d6]"></a>EXTI1_IRQHandler</STRONG> (Thumb, 0 bytes, Stack size 0 bytes, startup_stm32l476xx.o(.text))
<BR>[Address Reference Count : 1]<UL><LI> startup_stm32l476xx.o(RESET)
</UL>
<P><STRONG><a name="[d8]"></a>EXTI3_IRQHandler</STRONG> (Thumb, 0 bytes, Stack size 0 bytes, startup_stm32l476xx.o(.text))
<BR>[Address Reference Count : 1]<UL><LI> startup_stm32l476xx.o(RESET)
</UL>
<P><STRONG><a name="[d9]"></a>EXTI4_IRQHandler</STRONG> (Thumb, 0 bytes, Stack size 0 bytes, startup_stm32l476xx.o(.text))
<BR>[Address Reference Count : 1]<UL><LI> startup_stm32l476xx.o(RESET)
</UL>
<P><STRONG><a name="[e6]"></a>EXTI9_5_IRQHandler</STRONG> (Thumb, 0 bytes, Stack size 0 bytes, startup_stm32l476xx.o(.text))
<BR>[Address Reference Count : 1]<UL><LI> startup_stm32l476xx.o(RESET)
</UL>
<P><STRONG><a name="[d3]"></a>FLASH_IRQHandler</STRONG> (Thumb, 0 bytes, Stack size 0 bytes, startup_stm32l476xx.o(.text))
<BR>[Address Reference Count : 1]<UL><LI> startup_stm32l476xx.o(RESET)
</UL>
<P><STRONG><a name="[ff]"></a>FMC_IRQHandler</STRONG> (Thumb, 0 bytes, Stack size 0 bytes, startup_stm32l476xx.o(.text))
<BR>[Address Reference Count : 1]<UL><LI> startup_stm32l476xx.o(RESET)
</UL>
<P><STRONG><a name="[11f]"></a>FPU_IRQHandler</STRONG> (Thumb, 0 bytes, Stack size 0 bytes, startup_stm32l476xx.o(.text))
<BR>[Address Reference Count : 1]<UL><LI> startup_stm32l476xx.o(RESET)
</UL>
<P><STRONG><a name="[ef]"></a>I2C1_ER_IRQHandler</STRONG> (Thumb, 0 bytes, Stack size 0 bytes, startup_stm32l476xx.o(.text))
<BR>[Address Reference Count : 1]<UL><LI> startup_stm32l476xx.o(RESET)
</UL>
<P><STRONG><a name="[ee]"></a>I2C1_EV_IRQHandler</STRONG> (Thumb, 0 bytes, Stack size 0 bytes, startup_stm32l476xx.o(.text))
<BR>[Address Reference Count : 1]<UL><LI> startup_stm32l476xx.o(RESET)
</UL>
<P><STRONG><a name="[f1]"></a>I2C2_ER_IRQHandler</STRONG> (Thumb, 0 bytes, Stack size 0 bytes, startup_stm32l476xx.o(.text))
<BR>[Address Reference Count : 1]<UL><LI> startup_stm32l476xx.o(RESET)
</UL>
<P><STRONG><a name="[f0]"></a>I2C2_EV_IRQHandler</STRONG> (Thumb, 0 bytes, Stack size 0 bytes, startup_stm32l476xx.o(.text))
<BR>[Address Reference Count : 1]<UL><LI> startup_stm32l476xx.o(RESET)
</UL>
<P><STRONG><a name="[118]"></a>I2C3_ER_IRQHandler</STRONG> (Thumb, 0 bytes, Stack size 0 bytes, startup_stm32l476xx.o(.text))
<BR>[Address Reference Count : 1]<UL><LI> startup_stm32l476xx.o(RESET)
</UL>
<P><STRONG><a name="[117]"></a>I2C3_EV_IRQHandler</STRONG> (Thumb, 0 bytes, Stack size 0 bytes, startup_stm32l476xx.o(.text))
<BR>[Address Reference Count : 1]<UL><LI> startup_stm32l476xx.o(RESET)
</UL>
<P><STRONG><a name="[11d]"></a>LCD_IRQHandler</STRONG> (Thumb, 0 bytes, Stack size 0 bytes, startup_stm32l476xx.o(.text))
<BR>[Address Reference Count : 1]<UL><LI> startup_stm32l476xx.o(RESET)
</UL>
<P><STRONG><a name="[110]"></a>LPTIM1_IRQHandler</STRONG> (Thumb, 0 bytes, Stack size 0 bytes, startup_stm32l476xx.o(.text))
<BR>[Address Reference Count : 1]<UL><LI> startup_stm32l476xx.o(RESET)
</UL>
<P><STRONG><a name="[111]"></a>LPTIM2_IRQHandler</STRONG> (Thumb, 0 bytes, Stack size 0 bytes, startup_stm32l476xx.o(.text))
<BR>[Address Reference Count : 1]<UL><LI> startup_stm32l476xx.o(RESET)
</UL>
<P><STRONG><a name="[115]"></a>LPUART1_IRQHandler</STRONG> (Thumb, 0 bytes, Stack size 0 bytes, startup_stm32l476xx.o(.text))
<BR>[Address Reference Count : 1]<UL><LI> startup_stm32l476xx.o(RESET)
</UL>
<P><STRONG><a name="[d0]"></a>PVD_PVM_IRQHandler</STRONG> (Thumb, 0 bytes, Stack size 0 bytes, startup_stm32l476xx.o(.text))
<BR>[Address Reference Count : 1]<UL><LI> startup_stm32l476xx.o(RESET)
</UL>
<P><STRONG><a name="[116]"></a>QUADSPI_IRQHandler</STRONG> (Thumb, 0 bytes, Stack size 0 bytes, startup_stm32l476xx.o(.text))
<BR>[Address Reference Count : 1]<UL><LI> startup_stm32l476xx.o(RESET)
</UL>
<P><STRONG><a name="[d4]"></a>RCC_IRQHandler</STRONG> (Thumb, 0 bytes, Stack size 0 bytes, startup_stm32l476xx.o(.text))
<BR>[Address Reference Count : 1]<UL><LI> startup_stm32l476xx.o(RESET)
</UL>
<P><STRONG><a name="[11e]"></a>RNG_IRQHandler</STRONG> (Thumb, 0 bytes, Stack size 0 bytes, startup_stm32l476xx.o(.text))
<BR>[Address Reference Count : 1]<UL><LI> startup_stm32l476xx.o(RESET)
</UL>
<P><STRONG><a name="[f8]"></a>RTC_Alarm_IRQHandler</STRONG> (Thumb, 0 bytes, Stack size 0 bytes, startup_stm32l476xx.o(.text))
<BR>[Address Reference Count : 1]<UL><LI> startup_stm32l476xx.o(RESET)
</UL>
<P><STRONG><a name="[d2]"></a>RTC_WKUP_IRQHandler</STRONG> (Thumb, 0 bytes, Stack size 0 bytes, startup_stm32l476xx.o(.text))
<BR>[Address Reference Count : 1]<UL><LI> startup_stm32l476xx.o(RESET)
</UL>
<P><STRONG><a name="[119]"></a>SAI1_IRQHandler</STRONG> (Thumb, 0 bytes, Stack size 0 bytes, startup_stm32l476xx.o(.text))
<BR>[Address Reference Count : 1]<UL><LI> startup_stm32l476xx.o(RESET)
</UL>
<P><STRONG><a name="[11a]"></a>SAI2_IRQHandler</STRONG> (Thumb, 0 bytes, Stack size 0 bytes, startup_stm32l476xx.o(.text))
<BR>[Address Reference Count : 1]<UL><LI> startup_stm32l476xx.o(RESET)
</UL>
<P><STRONG><a name="[100]"></a>SDMMC1_IRQHandler</STRONG> (Thumb, 0 bytes, Stack size 0 bytes, startup_stm32l476xx.o(.text))
<BR>[Address Reference Count : 1]<UL><LI> startup_stm32l476xx.o(RESET)
</UL>
<P><STRONG><a name="[f2]"></a>SPI1_IRQHandler</STRONG> (Thumb, 0 bytes, Stack size 0 bytes, startup_stm32l476xx.o(.text))
<BR>[Address Reference Count : 1]<UL><LI> startup_stm32l476xx.o(RESET)
</UL>
<P><STRONG><a name="[f3]"></a>SPI2_IRQHandler</STRONG> (Thumb, 0 bytes, Stack size 0 bytes, startup_stm32l476xx.o(.text))
<BR>[Address Reference Count : 1]<UL><LI> startup_stm32l476xx.o(RESET)
</UL>
<P><STRONG><a name="[102]"></a>SPI3_IRQHandler</STRONG> (Thumb, 0 bytes, Stack size 0 bytes, startup_stm32l476xx.o(.text))
<BR>[Address Reference Count : 1]<UL><LI> startup_stm32l476xx.o(RESET)
</UL>
<P><STRONG><a name="[11b]"></a>SWPMI1_IRQHandler</STRONG> (Thumb, 0 bytes, Stack size 0 bytes, startup_stm32l476xx.o(.text))
<BR>[Address Reference Count : 1]<UL><LI> startup_stm32l476xx.o(RESET)
</UL>
<P><STRONG><a name="[d1]"></a>TAMP_STAMP_IRQHandler</STRONG> (Thumb, 0 bytes, Stack size 0 bytes, startup_stm32l476xx.o(.text))
<BR>[Address Reference Count : 1]<UL><LI> startup_stm32l476xx.o(RESET)
</UL>
<P><STRONG><a name="[e7]"></a>TIM1_BRK_TIM15_IRQHandler</STRONG> (Thumb, 0 bytes, Stack size 0 bytes, startup_stm32l476xx.o(.text))
<BR>[Address Reference Count : 1]<UL><LI> startup_stm32l476xx.o(RESET)
</UL>
<P><STRONG><a name="[ea]"></a>TIM1_CC_IRQHandler</STRONG> (Thumb, 0 bytes, Stack size 0 bytes, startup_stm32l476xx.o(.text))
<BR>[Address Reference Count : 1]<UL><LI> startup_stm32l476xx.o(RESET)
</UL>
<P><STRONG><a name="[e9]"></a>TIM1_TRG_COM_TIM17_IRQHandler</STRONG> (Thumb, 0 bytes, Stack size 0 bytes, startup_stm32l476xx.o(.text))
<BR>[Address Reference Count : 1]<UL><LI> startup_stm32l476xx.o(RESET)
</UL>
<P><STRONG><a name="[e8]"></a>TIM1_UP_TIM16_IRQHandler</STRONG> (Thumb, 0 bytes, Stack size 0 bytes, startup_stm32l476xx.o(.text))
<BR>[Address Reference Count : 1]<UL><LI> startup_stm32l476xx.o(RESET)
</UL>
<P><STRONG><a name="[eb]"></a>TIM2_IRQHandler</STRONG> (Thumb, 0 bytes, Stack size 0 bytes, startup_stm32l476xx.o(.text))
<BR>[Address Reference Count : 1]<UL><LI> startup_stm32l476xx.o(RESET)
</UL>
<P><STRONG><a name="[101]"></a>TIM5_IRQHandler</STRONG> (Thumb, 0 bytes, Stack size 0 bytes, startup_stm32l476xx.o(.text))
<BR>[Address Reference Count : 1]<UL><LI> startup_stm32l476xx.o(RESET)
</UL>
<P><STRONG><a name="[105]"></a>TIM6_DAC_IRQHandler</STRONG> (Thumb, 0 bytes, Stack size 0 bytes, startup_stm32l476xx.o(.text))
<BR>[Address Reference Count : 1]<UL><LI> startup_stm32l476xx.o(RESET)
</UL>
<P><STRONG><a name="[106]"></a>TIM7_IRQHandler</STRONG> (Thumb, 0 bytes, Stack size 0 bytes, startup_stm32l476xx.o(.text))
<BR>[Address Reference Count : 1]<UL><LI> startup_stm32l476xx.o(RESET)
</UL>
<P><STRONG><a name="[fa]"></a>TIM8_BRK_IRQHandler</STRONG> (Thumb, 0 bytes, Stack size 0 bytes, startup_stm32l476xx.o(.text))
<BR>[Address Reference Count : 1]<UL><LI> startup_stm32l476xx.o(RESET)
</UL>
<P><STRONG><a name="[fd]"></a>TIM8_CC_IRQHandler</STRONG> (Thumb, 0 bytes, Stack size 0 bytes, startup_stm32l476xx.o(.text))
<BR>[Address Reference Count : 1]<UL><LI> startup_stm32l476xx.o(RESET)
</UL>
<P><STRONG><a name="[fc]"></a>TIM8_TRG_COM_IRQHandler</STRONG> (Thumb, 0 bytes, Stack size 0 bytes, startup_stm32l476xx.o(.text))
<BR>[Address Reference Count : 1]<UL><LI> startup_stm32l476xx.o(RESET)
</UL>
<P><STRONG><a name="[fb]"></a>TIM8_UP_IRQHandler</STRONG> (Thumb, 0 bytes, Stack size 0 bytes, startup_stm32l476xx.o(.text))
<BR>[Address Reference Count : 1]<UL><LI> startup_stm32l476xx.o(RESET)
</UL>
<P><STRONG><a name="[11c]"></a>TSC_IRQHandler</STRONG> (Thumb, 0 bytes, Stack size 0 bytes, startup_stm32l476xx.o(.text))
<BR>[Address Reference Count : 1]<UL><LI> startup_stm32l476xx.o(RESET)
</UL>
<P><STRONG><a name="[103]"></a>UART4_IRQHandler</STRONG> (Thumb, 0 bytes, Stack size 0 bytes, startup_stm32l476xx.o(.text))
<BR>[Address Reference Count : 1]<UL><LI> startup_stm32l476xx.o(RESET)
</UL>
<P><STRONG><a name="[104]"></a>UART5_IRQHandler</STRONG> (Thumb, 0 bytes, Stack size 0 bytes, startup_stm32l476xx.o(.text))
<BR>[Address Reference Count : 1]<UL><LI> startup_stm32l476xx.o(RESET)
</UL>
<P><STRONG><a name="[f4]"></a>USART1_IRQHandler</STRONG> (Thumb, 0 bytes, Stack size 0 bytes, startup_stm32l476xx.o(.text))
<BR>[Address Reference Count : 1]<UL><LI> startup_stm32l476xx.o(RESET)
</UL>
<P><STRONG><a name="[f5]"></a>USART2_IRQHandler</STRONG> (Thumb, 0 bytes, Stack size 0 bytes, startup_stm32l476xx.o(.text))
<BR>[Address Reference Count : 1]<UL><LI> startup_stm32l476xx.o(RESET)
</UL>
<P><STRONG><a name="[f6]"></a>USART3_IRQHandler</STRONG> (Thumb, 0 bytes, Stack size 0 bytes, startup_stm32l476xx.o(.text))
<BR>[Address Reference Count : 1]<UL><LI> startup_stm32l476xx.o(RESET)
</UL>
<P><STRONG><a name="[cf]"></a>WWDG_IRQHandler</STRONG> (Thumb, 0 bytes, Stack size 0 bytes, startup_stm32l476xx.o(.text))
<BR>[Address Reference Count : 1]<UL><LI> startup_stm32l476xx.o(RESET)
</UL>
<P><STRONG><a name="[127]"></a>__aeabi_uldivmod</STRONG> (Thumb, 98 bytes, Stack size 40 bytes, uldiv.o(.text))
<BR><BR>[Stack]<UL><LI>Max Depth = 40<LI>Call Chain = __aeabi_uldivmod
</UL>
<BR>[Calls]<UL><LI><a href="#[128]">&gt;&gt;</a>&nbsp;&nbsp;&nbsp;__aeabi_llsr
<LI><a href="#[129]">&gt;&gt;</a>&nbsp;&nbsp;&nbsp;__aeabi_llsl
</UL>
<BR>[Called By]<UL><LI><a href="#[1f8]">&gt;&gt;</a>&nbsp;&nbsp;&nbsp;UART_SetConfig
<LI><a href="#[30e]">&gt;&gt;</a>&nbsp;&nbsp;&nbsp;_printf_core
<LI><a href="#[322]">&gt;&gt;</a>&nbsp;&nbsp;&nbsp;_fp_digits
<LI><a href="#[12a]">&gt;&gt;</a>&nbsp;&nbsp;&nbsp;__aeabi_ldivmod
</UL>

<P><STRONG><a name="[12a]"></a>__aeabi_ldivmod</STRONG> (Thumb, 98 bytes, Stack size 24 bytes, ldiv.o(.text))
<BR><BR>[Stack]<UL><LI>Max Depth = 64<LI>Call Chain = __aeabi_ldivmod &rArr; __aeabi_uldivmod
</UL>
<BR>[Calls]<UL><LI><a href="#[127]">&gt;&gt;</a>&nbsp;&nbsp;&nbsp;__aeabi_uldivmod
</UL>
<BR>[Called By]<UL><LI><a href="#[246]">&gt;&gt;</a>&nbsp;&nbsp;&nbsp;LSM303AGR_ACC_Get_Acceleration
</UL>

<P><STRONG><a name="[366]"></a>__aeabi_memcpy</STRONG> (Thumb, 36 bytes, Stack size 0 bytes, memcpya.o(.text), UNUSED)

<P><STRONG><a name="[174]"></a>__aeabi_memcpy4</STRONG> (Thumb, 0 bytes, Stack size 0 bytes, memcpya.o(.text))
<BR><BR>[Called By]<UL><LI><a href="#[b3]">&gt;&gt;</a>&nbsp;&nbsp;&nbsp;STC3115_Init
<LI><a href="#[173]">&gt;&gt;</a>&nbsp;&nbsp;&nbsp;DATALOG_SD_Log_Enable
</UL>

<P><STRONG><a name="[367]"></a>__aeabi_memcpy8</STRONG> (Thumb, 0 bytes, Stack size 0 bytes, memcpya.o(.text), UNUSED)

<P><STRONG><a name="[12c]"></a>__aeabi_memset</STRONG> (Thumb, 14 bytes, Stack size 0 bytes, memseta.o(.text))
<BR><BR>[Called By]<UL><LI><a href="#[12d]">&gt;&gt;</a>&nbsp;&nbsp;&nbsp;_memset$wrapper
<LI><a href="#[12b]">&gt;&gt;</a>&nbsp;&nbsp;&nbsp;__aeabi_memclr
</UL>

<P><STRONG><a name="[368]"></a>__aeabi_memset4</STRONG> (Thumb, 0 bytes, Stack size 0 bytes, memseta.o(.text), UNUSED)

<P><STRONG><a name="[369]"></a>__aeabi_memset8</STRONG> (Thumb, 0 bytes, Stack size 0 bytes, memseta.o(.text), UNUSED)

<P><STRONG><a name="[12b]"></a>__aeabi_memclr</STRONG> (Thumb, 4 bytes, Stack size 0 bytes, memseta.o(.text))
<BR><BR>[Calls]<UL><LI><a href="#[12c]">&gt;&gt;</a>&nbsp;&nbsp;&nbsp;__aeabi_memset
</UL>
<BR>[Called By]<UL><LI><a href="#[14b]">&gt;&gt;</a>&nbsp;&nbsp;&nbsp;BSP_LSM6DSM_ACCELERO_Init
<LI><a href="#[14c]">&gt;&gt;</a>&nbsp;&nbsp;&nbsp;BSP_LSM303AGR_ACCELERO_Init
<LI><a href="#[161]">&gt;&gt;</a>&nbsp;&nbsp;&nbsp;BSP_LPS22HB_TEMPERATURE_Init
<LI><a href="#[152]">&gt;&gt;</a>&nbsp;&nbsp;&nbsp;BSP_HTS221_TEMPERATURE_Init
<LI><a href="#[15a]">&gt;&gt;</a>&nbsp;&nbsp;&nbsp;BSP_LPS22HB_PRESSURE_Init
<LI><a href="#[162]">&gt;&gt;</a>&nbsp;&nbsp;&nbsp;BSP_LSM303AGR_MAGNETO_Init
<LI><a href="#[151]">&gt;&gt;</a>&nbsp;&nbsp;&nbsp;BSP_HTS221_HUMIDITY_Init
<LI><a href="#[150]">&gt;&gt;</a>&nbsp;&nbsp;&nbsp;BSP_LSM6DSM_GYRO_Init
<LI><a href="#[14d]">&gt;&gt;</a>&nbsp;&nbsp;&nbsp;BSP_GG_Init
</UL>

<P><STRONG><a name="[175]"></a>__aeabi_memclr4</STRONG> (Thumb, 0 bytes, Stack size 0 bytes, memseta.o(.text))
<BR><BR>[Called By]<UL><LI><a href="#[173]">&gt;&gt;</a>&nbsp;&nbsp;&nbsp;DATALOG_SD_Log_Enable
<LI><a href="#[2ec]">&gt;&gt;</a>&nbsp;&nbsp;&nbsp;SystemClock_Config
</UL>

<P><STRONG><a name="[36a]"></a>__aeabi_memclr8</STRONG> (Thumb, 0 bytes, Stack size 0 bytes, memseta.o(.text), UNUSED)

<P><STRONG><a name="[12d]"></a>_memset$wrapper</STRONG> (Thumb, 18 bytes, Stack size 8 bytes, memseta.o(.text), UNUSED)
<BR><BR>[Calls]<UL><LI><a href="#[12c]">&gt;&gt;</a>&nbsp;&nbsp;&nbsp;__aeabi_memset
</UL>

<P><STRONG><a name="[144]"></a>strlen</STRONG> (Thumb, 14 bytes, Stack size 0 bytes, strlen.o(.text))
<BR><BR>[Called By]<UL><LI><a href="#[2c5]">&gt;&gt;</a>&nbsp;&nbsp;&nbsp;Pressure_Sensor_Handler
<LI><a href="#[2bc]">&gt;&gt;</a>&nbsp;&nbsp;&nbsp;Magneto_Sensor_Handler
<LI><a href="#[183]">&gt;&gt;</a>&nbsp;&nbsp;&nbsp;Gyro_Sensor_Handler
<LI><a href="#[13e]">&gt;&gt;</a>&nbsp;&nbsp;&nbsp;Accelero_Sensor_Handler
</UL>

<P><STRONG><a name="[12e]"></a>__aeabi_dadd</STRONG> (Thumb, 322 bytes, Stack size 48 bytes, dadd.o(.text))
<BR><BR>[Stack]<UL><LI>Max Depth = 88<LI>Call Chain = __aeabi_dadd &rArr; _double_epilogue &rArr; _double_round
</UL>
<BR>[Calls]<UL><LI><a href="#[12f]">&gt;&gt;</a>&nbsp;&nbsp;&nbsp;__aeabi_lasr
<LI><a href="#[129]">&gt;&gt;</a>&nbsp;&nbsp;&nbsp;__aeabi_llsl
<LI><a href="#[131]">&gt;&gt;</a>&nbsp;&nbsp;&nbsp;_double_round
<LI><a href="#[130]">&gt;&gt;</a>&nbsp;&nbsp;&nbsp;_double_epilogue
</UL>
<BR>[Called By]<UL><LI><a href="#[2c4]">&gt;&gt;</a>&nbsp;&nbsp;&nbsp;Prepare_Data
<LI><a href="#[315]">&gt;&gt;</a>&nbsp;&nbsp;&nbsp;__kernel_poly
<LI><a href="#[319]">&gt;&gt;</a>&nbsp;&nbsp;&nbsp;__mathlib_dbl_infnan2
<LI><a href="#[310]">&gt;&gt;</a>&nbsp;&nbsp;&nbsp;__mathlib_dbl_infnan
<LI><a href="#[318]">&gt;&gt;</a>&nbsp;&nbsp;&nbsp;__hardfp_atan
<LI><a href="#[322]">&gt;&gt;</a>&nbsp;&nbsp;&nbsp;_fp_digits
<LI><a href="#[320]">&gt;&gt;</a>&nbsp;&nbsp;&nbsp;__hardfp_trunc
<LI><a href="#[31b]">&gt;&gt;</a>&nbsp;&nbsp;&nbsp;__hardfp_pow
<LI><a href="#[132]">&gt;&gt;</a>&nbsp;&nbsp;&nbsp;__aeabi_dsub
<LI><a href="#[133]">&gt;&gt;</a>&nbsp;&nbsp;&nbsp;__aeabi_drsub
<LI><a href="#[21f]">&gt;&gt;</a>&nbsp;&nbsp;&nbsp;__hardfp_asin
</UL>

<P><STRONG><a name="[132]"></a>__aeabi_dsub</STRONG> (Thumb, 6 bytes, Stack size 0 bytes, dadd.o(.text))
<BR><BR>[Stack]<UL><LI>Max Depth = 88<LI>Call Chain = __aeabi_dsub &rArr; __aeabi_dadd &rArr; _double_epilogue &rArr; _double_round
</UL>
<BR>[Calls]<UL><LI><a href="#[12e]">&gt;&gt;</a>&nbsp;&nbsp;&nbsp;__aeabi_dadd
</UL>
<BR>[Called By]<UL><LI><a href="#[318]">&gt;&gt;</a>&nbsp;&nbsp;&nbsp;__hardfp_atan
<LI><a href="#[320]">&gt;&gt;</a>&nbsp;&nbsp;&nbsp;__hardfp_trunc
<LI><a href="#[31b]">&gt;&gt;</a>&nbsp;&nbsp;&nbsp;__hardfp_pow
<LI><a href="#[220]">&gt;&gt;</a>&nbsp;&nbsp;&nbsp;__hardfp_atan2
<LI><a href="#[21f]">&gt;&gt;</a>&nbsp;&nbsp;&nbsp;__hardfp_asin
</UL>

<P><STRONG><a name="[133]"></a>__aeabi_drsub</STRONG> (Thumb, 6 bytes, Stack size 0 bytes, dadd.o(.text))
<BR><BR>[Stack]<UL><LI>Max Depth = 88<LI>Call Chain = __aeabi_drsub &rArr; __aeabi_dadd &rArr; _double_epilogue &rArr; _double_round
</UL>
<BR>[Calls]<UL><LI><a href="#[12e]">&gt;&gt;</a>&nbsp;&nbsp;&nbsp;__aeabi_dadd
</UL>
<BR>[Called By]<UL><LI><a href="#[318]">&gt;&gt;</a>&nbsp;&nbsp;&nbsp;__hardfp_atan
<LI><a href="#[31b]">&gt;&gt;</a>&nbsp;&nbsp;&nbsp;__hardfp_pow
<LI><a href="#[220]">&gt;&gt;</a>&nbsp;&nbsp;&nbsp;__hardfp_atan2
<LI><a href="#[21f]">&gt;&gt;</a>&nbsp;&nbsp;&nbsp;__hardfp_asin
</UL>

<P><STRONG><a name="[134]"></a>__aeabi_dmul</STRONG> (Thumb, 228 bytes, Stack size 48 bytes, dmul.o(.text))
<BR><BR>[Stack]<UL><LI>Max Depth = 88<LI>Call Chain = __aeabi_dmul &rArr; _double_epilogue &rArr; _double_round
</UL>
<BR>[Calls]<UL><LI><a href="#[130]">&gt;&gt;</a>&nbsp;&nbsp;&nbsp;_double_epilogue
</UL>
<BR>[Called By]<UL><LI><a href="#[2c4]">&gt;&gt;</a>&nbsp;&nbsp;&nbsp;Prepare_Data
<LI><a href="#[180]">&gt;&gt;</a>&nbsp;&nbsp;&nbsp;Get_Attitude
<LI><a href="#[120]">&gt;&gt;</a>&nbsp;&nbsp;&nbsp;main
<LI><a href="#[147]">&gt;&gt;</a>&nbsp;&nbsp;&nbsp;floatToInt
<LI><a href="#[315]">&gt;&gt;</a>&nbsp;&nbsp;&nbsp;__kernel_poly
<LI><a href="#[314]">&gt;&gt;</a>&nbsp;&nbsp;&nbsp;__mathlib_dbl_underflow
<LI><a href="#[31d]">&gt;&gt;</a>&nbsp;&nbsp;&nbsp;__mathlib_dbl_overflow
<LI><a href="#[318]">&gt;&gt;</a>&nbsp;&nbsp;&nbsp;__hardfp_atan
<LI><a href="#[182]">&gt;&gt;</a>&nbsp;&nbsp;&nbsp;IMUupdate
<LI><a href="#[322]">&gt;&gt;</a>&nbsp;&nbsp;&nbsp;_fp_digits
<LI><a href="#[31b]">&gt;&gt;</a>&nbsp;&nbsp;&nbsp;__hardfp_pow
<LI><a href="#[21f]">&gt;&gt;</a>&nbsp;&nbsp;&nbsp;__hardfp_asin
</UL>

<P><STRONG><a name="[135]"></a>__aeabi_ddiv</STRONG> (Thumb, 222 bytes, Stack size 32 bytes, ddiv.o(.text))
<BR><BR>[Stack]<UL><LI>Max Depth = 40<LI>Call Chain = __aeabi_ddiv &rArr; _double_round
</UL>
<BR>[Calls]<UL><LI><a href="#[131]">&gt;&gt;</a>&nbsp;&nbsp;&nbsp;_double_round
</UL>
<BR>[Called By]<UL><LI><a href="#[120]">&gt;&gt;</a>&nbsp;&nbsp;&nbsp;main
<LI><a href="#[183]">&gt;&gt;</a>&nbsp;&nbsp;&nbsp;Gyro_Sensor_Handler
<LI><a href="#[312]">&gt;&gt;</a>&nbsp;&nbsp;&nbsp;__mathlib_dbl_invalid
<LI><a href="#[31c]">&gt;&gt;</a>&nbsp;&nbsp;&nbsp;__mathlib_dbl_divzero
<LI><a href="#[318]">&gt;&gt;</a>&nbsp;&nbsp;&nbsp;__hardfp_atan
<LI><a href="#[322]">&gt;&gt;</a>&nbsp;&nbsp;&nbsp;_fp_digits
<LI><a href="#[31b]">&gt;&gt;</a>&nbsp;&nbsp;&nbsp;__hardfp_pow
<LI><a href="#[220]">&gt;&gt;</a>&nbsp;&nbsp;&nbsp;__hardfp_atan2
<LI><a href="#[21f]">&gt;&gt;</a>&nbsp;&nbsp;&nbsp;__hardfp_asin
</UL>

<P><STRONG><a name="[136]"></a>__aeabi_i2d</STRONG> (Thumb, 34 bytes, Stack size 16 bytes, dflti.o(.text))
<BR><BR>[Stack]<UL><LI>Max Depth = 56<LI>Call Chain = __aeabi_i2d &rArr; _double_epilogue &rArr; _double_round
</UL>
<BR>[Calls]<UL><LI><a href="#[130]">&gt;&gt;</a>&nbsp;&nbsp;&nbsp;_double_epilogue
</UL>
<BR>[Called By]<UL><LI><a href="#[147]">&gt;&gt;</a>&nbsp;&nbsp;&nbsp;floatToInt
<LI><a href="#[183]">&gt;&gt;</a>&nbsp;&nbsp;&nbsp;Gyro_Sensor_Handler
<LI><a href="#[31b]">&gt;&gt;</a>&nbsp;&nbsp;&nbsp;__hardfp_pow
</UL>

<P><STRONG><a name="[137]"></a>__aeabi_d2iz</STRONG> (Thumb, 62 bytes, Stack size 16 bytes, dfixi.o(.text))
<BR><BR>[Stack]<UL><LI>Max Depth = 16<LI>Call Chain = __aeabi_d2iz
</UL>
<BR>[Calls]<UL><LI><a href="#[128]">&gt;&gt;</a>&nbsp;&nbsp;&nbsp;__aeabi_llsr
</UL>
<BR>[Called By]<UL><LI><a href="#[120]">&gt;&gt;</a>&nbsp;&nbsp;&nbsp;main
<LI><a href="#[147]">&gt;&gt;</a>&nbsp;&nbsp;&nbsp;floatToInt
</UL>

<P><STRONG><a name="[181]"></a>__aeabi_f2d</STRONG> (Thumb, 38 bytes, Stack size 0 bytes, f2d.o(.text))
<BR><BR>[Called By]<UL><LI><a href="#[2c4]">&gt;&gt;</a>&nbsp;&nbsp;&nbsp;Prepare_Data
<LI><a href="#[180]">&gt;&gt;</a>&nbsp;&nbsp;&nbsp;Get_Attitude
<LI><a href="#[120]">&gt;&gt;</a>&nbsp;&nbsp;&nbsp;main
<LI><a href="#[147]">&gt;&gt;</a>&nbsp;&nbsp;&nbsp;floatToInt
<LI><a href="#[2c5]">&gt;&gt;</a>&nbsp;&nbsp;&nbsp;Pressure_Sensor_Handler
<LI><a href="#[182]">&gt;&gt;</a>&nbsp;&nbsp;&nbsp;IMUupdate
</UL>

<P><STRONG><a name="[138]"></a>__aeabi_d2f</STRONG> (Thumb, 56 bytes, Stack size 8 bytes, d2f.o(.text))
<BR><BR>[Stack]<UL><LI>Max Depth = 8<LI>Call Chain = __aeabi_d2f
</UL>
<BR>[Calls]<UL><LI><a href="#[139]">&gt;&gt;</a>&nbsp;&nbsp;&nbsp;_float_round
</UL>
<BR>[Called By]<UL><LI><a href="#[2c4]">&gt;&gt;</a>&nbsp;&nbsp;&nbsp;Prepare_Data
<LI><a href="#[180]">&gt;&gt;</a>&nbsp;&nbsp;&nbsp;Get_Attitude
<LI><a href="#[183]">&gt;&gt;</a>&nbsp;&nbsp;&nbsp;Gyro_Sensor_Handler
<LI><a href="#[182]">&gt;&gt;</a>&nbsp;&nbsp;&nbsp;IMUupdate
</UL>

<P><STRONG><a name="[36b]"></a>__aeabi_uidiv</STRONG> (Thumb, 0 bytes, Stack size 12 bytes, uidiv.o(.text), UNUSED)

<P><STRONG><a name="[325]"></a>__aeabi_uidivmod</STRONG> (Thumb, 44 bytes, Stack size 12 bytes, uidiv.o(.text), UNUSED)
<BR><BR>[Called By]<UL><LI><a href="#[30e]">&gt;&gt;</a>&nbsp;&nbsp;&nbsp;_printf_core
</UL>

<P><STRONG><a name="[129]"></a>__aeabi_llsl</STRONG> (Thumb, 30 bytes, Stack size 0 bytes, llshl.o(.text))
<BR><BR>[Called By]<UL><LI><a href="#[130]">&gt;&gt;</a>&nbsp;&nbsp;&nbsp;_double_epilogue
<LI><a href="#[12e]">&gt;&gt;</a>&nbsp;&nbsp;&nbsp;__aeabi_dadd
<LI><a href="#[13c]">&gt;&gt;</a>&nbsp;&nbsp;&nbsp;__aeabi_d2ulz
<LI><a href="#[127]">&gt;&gt;</a>&nbsp;&nbsp;&nbsp;__aeabi_uldivmod
<LI><a href="#[13b]">&gt;&gt;</a>&nbsp;&nbsp;&nbsp;_drnd
</UL>

<P><STRONG><a name="[36c]"></a>_ll_shift_l</STRONG> (Thumb, 0 bytes, Stack size 0 bytes, llshl.o(.text), UNUSED)

<P><STRONG><a name="[128]"></a>__aeabi_llsr</STRONG> (Thumb, 32 bytes, Stack size 0 bytes, llushr.o(.text))
<BR><BR>[Called By]<UL><LI><a href="#[137]">&gt;&gt;</a>&nbsp;&nbsp;&nbsp;__aeabi_d2iz
<LI><a href="#[130]">&gt;&gt;</a>&nbsp;&nbsp;&nbsp;_double_epilogue
<LI><a href="#[13c]">&gt;&gt;</a>&nbsp;&nbsp;&nbsp;__aeabi_d2ulz
<LI><a href="#[127]">&gt;&gt;</a>&nbsp;&nbsp;&nbsp;__aeabi_uldivmod
<LI><a href="#[13b]">&gt;&gt;</a>&nbsp;&nbsp;&nbsp;_drnd
<LI><a href="#[13a]">&gt;&gt;</a>&nbsp;&nbsp;&nbsp;_dsqrt
</UL>

<P><STRONG><a name="[36d]"></a>_ll_ushift_r</STRONG> (Thumb, 0 bytes, Stack size 0 bytes, llushr.o(.text), UNUSED)

<P><STRONG><a name="[12f]"></a>__aeabi_lasr</STRONG> (Thumb, 36 bytes, Stack size 0 bytes, llsshr.o(.text))
<BR><BR>[Called By]<UL><LI><a href="#[12e]">&gt;&gt;</a>&nbsp;&nbsp;&nbsp;__aeabi_dadd
</UL>

<P><STRONG><a name="[36e]"></a>_ll_sshift_r</STRONG> (Thumb, 0 bytes, Stack size 0 bytes, llsshr.o(.text), UNUSED)

<P><STRONG><a name="[36f]"></a>__I$use$fp</STRONG> (Thumb, 0 bytes, Stack size 0 bytes, iusefp.o(.text), UNUSED)

<P><STRONG><a name="[139]"></a>_float_round</STRONG> (Thumb, 18 bytes, Stack size 0 bytes, fepilogue.o(.text))
<BR><BR>[Called By]<UL><LI><a href="#[138]">&gt;&gt;</a>&nbsp;&nbsp;&nbsp;__aeabi_d2f
</UL>

<P><STRONG><a name="[370]"></a>_float_epilogue</STRONG> (Thumb, 92 bytes, Stack size 4 bytes, fepilogue.o(.text), UNUSED)

<P><STRONG><a name="[131]"></a>_double_round</STRONG> (Thumb, 30 bytes, Stack size 8 bytes, depilogue.o(.text))
<BR><BR>[Stack]<UL><LI>Max Depth = 8<LI>Call Chain = _double_round
</UL>
<BR>[Called By]<UL><LI><a href="#[135]">&gt;&gt;</a>&nbsp;&nbsp;&nbsp;__aeabi_ddiv
<LI><a href="#[130]">&gt;&gt;</a>&nbsp;&nbsp;&nbsp;_double_epilogue
<LI><a href="#[12e]">&gt;&gt;</a>&nbsp;&nbsp;&nbsp;__aeabi_dadd
<LI><a href="#[13b]">&gt;&gt;</a>&nbsp;&nbsp;&nbsp;_drnd
<LI><a href="#[13a]">&gt;&gt;</a>&nbsp;&nbsp;&nbsp;_dsqrt
</UL>

<P><STRONG><a name="[130]"></a>_double_epilogue</STRONG> (Thumb, 156 bytes, Stack size 32 bytes, depilogue.o(.text))
<BR><BR>[Stack]<UL><LI>Max Depth = 40<LI>Call Chain = _double_epilogue &rArr; _double_round
</UL>
<BR>[Calls]<UL><LI><a href="#[128]">&gt;&gt;</a>&nbsp;&nbsp;&nbsp;__aeabi_llsr
<LI><a href="#[129]">&gt;&gt;</a>&nbsp;&nbsp;&nbsp;__aeabi_llsl
<LI><a href="#[131]">&gt;&gt;</a>&nbsp;&nbsp;&nbsp;_double_round
</UL>
<BR>[Called By]<UL><LI><a href="#[136]">&gt;&gt;</a>&nbsp;&nbsp;&nbsp;__aeabi_i2d
<LI><a href="#[134]">&gt;&gt;</a>&nbsp;&nbsp;&nbsp;__aeabi_dmul
<LI><a href="#[12e]">&gt;&gt;</a>&nbsp;&nbsp;&nbsp;__aeabi_dadd
</UL>

<P><STRONG><a name="[31f]"></a>__ARM_scalbn</STRONG> (Thumb, 46 bytes, Stack size 16 bytes, dscalb.o(.text))
<BR><BR>[Stack]<UL><LI>Max Depth = 16<LI>Call Chain = __ARM_scalbn
</UL>
<BR>[Called By]<UL><LI><a href="#[31b]">&gt;&gt;</a>&nbsp;&nbsp;&nbsp;__hardfp_pow
</UL>

<P><STRONG><a name="[371]"></a>scalbn</STRONG> (Thumb, 0 bytes, Stack size 16 bytes, dscalb.o(.text), UNUSED)

<P><STRONG><a name="[13a]"></a>_dsqrt</STRONG> (Thumb, 162 bytes, Stack size 32 bytes, dsqrt.o(.text))
<BR><BR>[Stack]<UL><LI>Max Depth = 40<LI>Call Chain = _dsqrt &rArr; _double_round
</UL>
<BR>[Calls]<UL><LI><a href="#[128]">&gt;&gt;</a>&nbsp;&nbsp;&nbsp;__aeabi_llsr
<LI><a href="#[131]">&gt;&gt;</a>&nbsp;&nbsp;&nbsp;_double_round
</UL>
<BR>[Called By]<UL><LI><a href="#[317]">&gt;&gt;</a>&nbsp;&nbsp;&nbsp;sqrt
<LI><a href="#[21e]">&gt;&gt;</a>&nbsp;&nbsp;&nbsp;__hardfp_sqrt
</UL>

<P><STRONG><a name="[13b]"></a>_drnd</STRONG> (Thumb, 132 bytes, Stack size 24 bytes, drnd.o(.text))
<BR><BR>[Stack]<UL><LI>Max Depth = 32<LI>Call Chain = _drnd &rArr; _double_round
</UL>
<BR>[Calls]<UL><LI><a href="#[128]">&gt;&gt;</a>&nbsp;&nbsp;&nbsp;__aeabi_llsr
<LI><a href="#[129]">&gt;&gt;</a>&nbsp;&nbsp;&nbsp;__aeabi_llsl
<LI><a href="#[131]">&gt;&gt;</a>&nbsp;&nbsp;&nbsp;_double_round
</UL>
<BR>[Called By]<UL><LI><a href="#[320]">&gt;&gt;</a>&nbsp;&nbsp;&nbsp;__hardfp_trunc
</UL>

<P><STRONG><a name="[13c]"></a>__aeabi_d2ulz</STRONG> (Thumb, 48 bytes, Stack size 0 bytes, dfixul.o(.text), UNUSED)
<BR><BR>[Calls]<UL><LI><a href="#[128]">&gt;&gt;</a>&nbsp;&nbsp;&nbsp;__aeabi_llsr
<LI><a href="#[129]">&gt;&gt;</a>&nbsp;&nbsp;&nbsp;__aeabi_llsl
</UL>
<BR>[Called By]<UL><LI><a href="#[322]">&gt;&gt;</a>&nbsp;&nbsp;&nbsp;_fp_digits
</UL>

<P><STRONG><a name="[372]"></a>__aeabi_cdcmpeq</STRONG> (Thumb, 0 bytes, Stack size 0 bytes, cdcmple.o(.text), UNUSED)

[...]
</UL>
<BR>[Calls]<UL><LI><a href="#[35d]">&gt;&gt;</a>&nbsp;&nbsp;&nbsp;BSP_ACCELERO_Set_Tap_Threshold_Ext
<LI><a href="#[14a]">&gt;&gt;</a>&nbsp;&nbsp;&nbsp;BSP_ACCELERO_Init
<LI><a href="#[35c]">&gt;&gt;</a>&nbsp;&nbsp;&nbsp;BSP_ACCELERO_Enable_Double_Tap_Detection_Ext
<LI><a href="#[168]">&gt;&gt;</a>&nbsp;&nbsp;&nbsp;BSP_TEMPERATURE_Init
<LI><a href="#[167]">&gt;&gt;</a>&nbsp;&nbsp;&nbsp;BSP_PRESSURE_Init
<LI><a href="#[166]">&gt;&gt;</a>&nbsp;&nbsp;&nbsp;BSP_MAGNETO_Init
<LI><a href="#[153]">&gt;&gt;</a>&nbsp;&nbsp;&nbsp;BSP_HUMIDITY_Init
<LI><a href="#[14f]">&gt;&gt;</a>&nbsp;&nbsp;&nbsp;BSP_GYRO_Init
<LI><a href="#[14d]">&gt;&gt;</a>&nbsp;&nbsp;&nbsp;BSP_GG_Init
</UL>
<BR>[Called By]<UL><LI><a href="#[120]">&gt;&gt;</a>&nbsp;&nbsp;&nbsp;main
</UL>

<P><STRONG><a name="[c3]"></a>CDC_Itf_Control</STRONG> (Thumb, 154 bytes, Stack size 8 bytes, usbd_cdc_interface.o(i.CDC_Itf_Control))
<BR><BR>[Stack]<UL><LI>Max Depth = 8<LI>Call Chain = CDC_Itf_Control
</UL>
<BR>[Address Reference Count : 1]<UL><LI> usbd_cdc_interface.o(.data)
</UL>
<P><STRONG><a name="[c2]"></a>CDC_Itf_DeInit</STRONG> (Thumb, 4 bytes, Stack size 0 bytes, usbd_cdc_interface.o(i.CDC_Itf_DeInit))
<BR>[Address Reference Count : 1]<UL><LI> usbd_cdc_interface.o(.data)
</UL>
<P><STRONG><a name="[c1]"></a>CDC_Itf_Init</STRONG> (Thumb, 84 bytes, Stack size 8 bytes, usbd_cdc_interface.o(i.CDC_Itf_Init))
<BR><BR>[Stack]<UL><LI>Max Depth = 88<LI>Call Chain = CDC_Itf_Init &rArr; TIM_Config &rArr; HAL_TIM_Base_Init &rArr; HAL_TIM_Base_MspInit &rArr; HAL_NVIC_SetPriority &rArr; NVIC_SetPriority
</UL>
<BR>[Calls]<UL><LI><a href="#[169]">&gt;&gt;</a>&nbsp;&nbsp;&nbsp;HAL_NVIC_SetPriority
<LI><a href="#[16a]">&gt;&gt;</a>&nbsp;&nbsp;&nbsp;HAL_NVIC_EnableIRQ
<LI><a href="#[16c]">&gt;&gt;</a>&nbsp;&nbsp;&nbsp;HAL_TIM_Base_Start_IT
<LI><a href="#[16b]">&gt;&gt;</a>&nbsp;&nbsp;&nbsp;TIM_Config
<LI><a href="#[16d]">&gt;&gt;</a>&nbsp;&nbsp;&nbsp;Error_Handler
<LI><a href="#[16e]">&gt;&gt;</a>&nbsp;&nbsp;&nbsp;USBD_CDC_SetTxBuffer
<LI><a href="#[16f]">&gt;&gt;</a>&nbsp;&nbsp;&nbsp;USBD_CDC_SetRxBuffer
</UL>
<BR>[Address Reference Count : 1]<UL><LI> usbd_cdc_interface.o(.data)
</UL>
<P><STRONG><a name="[c4]"></a>CDC_Itf_Receive</STRONG> (Thumb, 6 bytes, Stack size 0 bytes, usbd_cdc_interface.o(i.CDC_Itf_Receive))
<BR>[Address Reference Count : 1]<UL><LI> usbd_cdc_interface.o(.data)
</UL>
<P><STRONG><a name="[16d]"></a>Error_Handler</STRONG> (Thumb, 2 bytes, Stack size 0 bytes, usbd_cdc_interface.o(i.Error_Handler))
<BR><BR>[Called By]<UL><LI><a href="#[16b]">&gt;&gt;</a>&nbsp;&nbsp;&nbsp;TIM_Config
<LI><a href="#[c1]">&gt;&gt;</a>&nbsp;&nbsp;&nbsp;CDC_Itf_Init
</UL>

<P><STRONG><a name="[16b]"></a>TIM_Config</STRONG> (Thumb, 42 bytes, Stack size 8 bytes, usbd_cdc_interface.o(i.TIM_Config))
<BR><BR>[Stack]<UL><LI>Max Depth = 80<LI>Call Chain = TIM_Config &rArr; HAL_TIM_Base_Init &rArr; HAL_TIM_Base_MspInit &rArr; HAL_NVIC_SetPriority &rArr; NVIC_SetPriority
</UL>
<BR>[Calls]<UL><LI><a href="#[1e5]">&gt;&gt;</a>&nbsp;&nbsp;&nbsp;HAL_TIM_Base_Init
<LI><a href="#[16d]">&gt;&gt;</a>&nbsp;&nbsp;&nbsp;Error_Handler
</UL>
<BR>[Called By]<UL><LI><a href="#[c1]">&gt;&gt;</a>&nbsp;&nbsp;&nbsp;CDC_Itf_Init
</UL>

<P><STRONG><a name="[326]"></a>check_fs</STRONG> (Thumb, 146 bytes, Stack size 16 bytes, ff.o(i.check_fs))
<BR><BR>[Stack]<UL><LI>Max Depth = 80<LI>Call Chain = check_fs &rArr; move_window &rArr; sync_window &rArr; disk_write
</UL>
<BR>[Calls]<UL><LI><a href="#[327]">&gt;&gt;</a>&nbsp;&nbsp;&nbsp;move_window
</UL>
<BR>[Called By]<UL><LI><a href="#[347]">&gt;&gt;</a>&nbsp;&nbsp;&nbsp;find_volume
</UL>

<P><STRONG><a name="[32f]"></a>chk_chr</STRONG> (Thumb, 20 bytes, Stack size 0 bytes, ff.o(i.chk_chr))
<BR><BR>[Called By]<UL><LI><a href="#[32d]">&gt;&gt;</a>&nbsp;&nbsp;&nbsp;create_name
</UL>

<P><STRONG><a name="[34a]"></a>chk_lock</STRONG> (Thumb, 140 bytes, Stack size 12 bytes, ff.o(i.chk_lock))
<BR><BR>[Stack]<UL><LI>Max Depth = 12<LI>Call Chain = chk_lock
</UL>
<BR>[Called By]<UL><LI><a href="#[177]">&gt;&gt;</a>&nbsp;&nbsp;&nbsp;f_open
</UL>

<P><STRONG><a name="[35a]"></a>clear_lock</STRONG> (Thumb, 42 bytes, Stack size 8 bytes, ff.o(i.clear_lock))
<BR><BR>[Stack]<UL><LI>Max Depth = 8<LI>Call Chain = clear_lock
</UL>
<BR>[Called By]<UL><LI><a href="#[347]">&gt;&gt;</a>&nbsp;&nbsp;&nbsp;find_volume
</UL>

<P><STRONG><a name="[353]"></a>clmt_clust</STRONG> (Thumb, 56 bytes, Stack size 16 bytes, ff.o(i.clmt_clust))
<BR><BR>[Stack]<UL><LI>Max Depth = 16<LI>Call Chain = clmt_clust
</UL>
<BR>[Called By]<UL><LI><a href="#[149]">&gt;&gt;</a>&nbsp;&nbsp;&nbsp;f_write
</UL>

<P><STRONG><a name="[328]"></a>cmp_lfn</STRONG> (Thumb, 138 bytes, Stack size 32 bytes, ff.o(i.cmp_lfn))
<BR><BR>[Stack]<UL><LI>Max Depth = 32<LI>Call Chain = cmp_lfn
</UL>
<BR>[Calls]<UL><LI><a href="#[329]">&gt;&gt;</a>&nbsp;&nbsp;&nbsp;ff_wtoupper
</UL>
<BR>[Called By]<UL><LI><a href="#[334]">&gt;&gt;</a>&nbsp;&nbsp;&nbsp;dir_find
</UL>

<P><STRONG><a name="[32a]"></a>create_chain</STRONG> (Thumb, 234 bytes, Stack size 32 bytes, ff.o(i.create_chain))
<BR><BR>[Stack]<UL><LI>Max Depth = 128<LI>Call Chain = create_chain &rArr; put_fat &rArr; move_window &rArr; sync_window &rArr; disk_write
</UL>
<BR>[Calls]<UL><LI><a href="#[32c]">&gt;&gt;</a>&nbsp;&nbsp;&nbsp;put_fat
<LI><a href="#[32b]">&gt;&gt;</a>&nbsp;&nbsp;&nbsp;get_fat
</UL>
<BR>[Called By]<UL><LI><a href="#[149]">&gt;&gt;</a>&nbsp;&nbsp;&nbsp;f_write
<LI><a href="#[333]">&gt;&gt;</a>&nbsp;&nbsp;&nbsp;dir_next
</UL>

<P><STRONG><a name="[32d]"></a>create_name</STRONG> (Thumb, 534 bytes, Stack size 56 bytes, ff.o(i.create_name))
<BR><BR>[Stack]<UL><LI>Max Depth = 68<LI>Call Chain = create_name &rArr; mem_set
</UL>
<BR>[Calls]<UL><LI><a href="#[32e]">&gt;&gt;</a>&nbsp;&nbsp;&nbsp;ff_convert
<LI><a href="#[330]">&gt;&gt;</a>&nbsp;&nbsp;&nbsp;mem_set
<LI><a href="#[32f]">&gt;&gt;</a>&nbsp;&nbsp;&nbsp;chk_chr
</UL>
<BR>[Called By]<UL><LI><a href="#[349]">&gt;&gt;</a>&nbsp;&nbsp;&nbsp;follow_path
</UL>

<P><STRONG><a name="[346]"></a>dec_lock</STRONG> (Thumb, 72 bytes, Stack size 12 bytes, ff.o(i.dec_lock))
<BR><BR>[Stack]<UL><LI>Max Depth = 12<LI>Call Chain = dec_lock
</UL>
<BR>[Called By]<UL><LI><a href="#[171]">&gt;&gt;</a>&nbsp;&nbsp;&nbsp;f_close
</UL>

<P><STRONG><a name="[331]"></a>dir_alloc</STRONG> (Thumb, 100 bytes, Stack size 24 bytes, ff.o(i.dir_alloc))
<BR><BR>[Stack]<UL><LI>Max Depth = 176<LI>Call Chain = dir_alloc &rArr; dir_next &rArr; create_chain &rArr; put_fat &rArr; move_window &rArr; sync_window &rArr; disk_write
</UL>
<BR>[Calls]<UL><LI><a href="#[327]">&gt;&gt;</a>&nbsp;&nbsp;&nbsp;move_window
<LI><a href="#[332]">&gt;&gt;</a>&nbsp;&nbsp;&nbsp;dir_sdi
<LI><a href="#[333]">&gt;&gt;</a>&nbsp;&nbsp;&nbsp;dir_next
</UL>
<BR>[Called By]<UL><LI><a href="#[339]">&gt;&gt;</a>&nbsp;&nbsp;&nbsp;dir_register
</UL>

<P><STRONG><a name="[334]"></a>dir_find</STRONG> (Thumb, 258 bytes, Stack size 32 bytes, ff.o(i.dir_find))
<BR><BR>[Stack]<UL><LI>Max Depth = 184<LI>Call Chain = dir_find &rArr; dir_next &rArr; create_chain &rArr; put_fat &rArr; move_window &rArr; sync_window &rArr; disk_write
</UL>
<BR>[Calls]<UL><LI><a href="#[335]">&gt;&gt;</a>&nbsp;&nbsp;&nbsp;sum_sfn
<LI><a href="#[327]">&gt;&gt;</a>&nbsp;&nbsp;&nbsp;move_window
<LI><a href="#[336]">&gt;&gt;</a>&nbsp;&nbsp;&nbsp;mem_cmp
<LI><a href="#[332]">&gt;&gt;</a>&nbsp;&nbsp;&nbsp;dir_sdi
<LI><a href="#[333]">&gt;&gt;</a>&nbsp;&nbsp;&nbsp;dir_next
<LI><a href="#[328]">&gt;&gt;</a>&nbsp;&nbsp;&nbsp;cmp_lfn
</UL>
<BR>[Called By]<UL><LI><a href="#[349]">&gt;&gt;</a>&nbsp;&nbsp;&nbsp;follow_path
<LI><a href="#[339]">&gt;&gt;</a>&nbsp;&nbsp;&nbsp;dir_register
</UL>

<P><STRONG><a name="[333]"></a>dir_next</STRONG> (Thumb, 346 bytes, Stack size 24 bytes, ff.o(i.dir_next))
<BR><BR>[Stack]<UL><LI>Max Depth = 152<LI>Call Chain = dir_next &rArr; create_chain &rArr; put_fat &rArr; move_window &rArr; sync_window &rArr; disk_write
</UL>
<BR>[Calls]<UL><LI><a href="#[32b]">&gt;&gt;</a>&nbsp;&nbsp;&nbsp;get_fat
<LI><a href="#[338]">&gt;&gt;</a>&nbsp;&nbsp;&nbsp;clust2sect
<LI><a href="#[337]">&gt;&gt;</a>&nbsp;&nbsp;&nbsp;sync_window
<LI><a href="#[330]">&gt;&gt;</a>&nbsp;&nbsp;&nbsp;mem_set
<LI><a href="#[32a]">&gt;&gt;</a>&nbsp;&nbsp;&nbsp;create_chain
</UL>
<BR>[Called By]<UL><LI><a href="#[339]">&gt;&gt;</a>&nbsp;&nbsp;&nbsp;dir_register
<LI><a href="#[334]">&gt;&gt;</a>&nbsp;&nbsp;&nbsp;dir_find
<LI><a href="#[331]">&gt;&gt;</a>&nbsp;&nbsp;&nbsp;dir_alloc
</UL>

<P><STRONG><a name="[339]"></a>dir_register</STRONG> (Thumb, 330 bytes, Stack size 48 bytes, ff.o(i.dir_register))
<BR><BR>[Stack]<UL><LI>Max Depth = 232<LI>Call Chain = dir_register &rArr; dir_find &rArr; dir_next &rArr; create_chain &rArr; put_fat &rArr; move_window &rArr; sync_window &rArr; disk_write
</UL>
<BR>[Calls]<UL><LI><a href="#[335]">&gt;&gt;</a>&nbsp;&nbsp;&nbsp;sum_sfn
<LI><a href="#[327]">&gt;&gt;</a>&nbsp;&nbsp;&nbsp;move_window
<LI><a href="#[330]">&gt;&gt;</a>&nbsp;&nbsp;&nbsp;mem_set
<LI><a href="#[33a]">&gt;&gt;</a>&nbsp;&nbsp;&nbsp;mem_cpy
<LI><a href="#[33b]">&gt;&gt;</a>&nbsp;&nbsp;&nbsp;gen_numname
<LI><a href="#[33c]">&gt;&gt;</a>&nbsp;&nbsp;&nbsp;fit_lfn
<LI><a href="#[332]">&gt;&gt;</a>&nbsp;&nbsp;&nbsp;dir_sdi
<LI><a href="#[333]">&gt;&gt;</a>&nbsp;&nbsp;&nbsp;dir_next
<LI><a href="#[334]">&gt;&gt;</a>&nbsp;&nbsp;&nbsp;dir_find
<LI><a href="#[331]">&gt;&gt;</a>&nbsp;&nbsp;&nbsp;dir_alloc
</UL>
<BR>[Called By]<UL><LI><a href="#[177]">&gt;&gt;</a>&nbsp;&nbsp;&nbsp;f_open
</UL>

<P><STRONG><a name="[332]"></a>dir_sdi</STRONG> (Thumb, 200 bytes, Stack size 24 bytes, ff.o(i.dir_sdi))
<BR><BR>[Stack]<UL><LI>Max Depth = 120<LI>Call Chain = dir_sdi &rArr; get_fat &rArr; move_window &rArr; sync_window &rArr; disk_write
</UL>
<BR>[Calls]<UL><LI><a href="#[32b]">&gt;&gt;</a>&nbsp;&nbsp;&nbsp;get_fat
<LI><a href="#[338]">&gt;&gt;</a>&nbsp;&nbsp;&nbsp;clust2sect
</UL>
<BR>[Called By]<UL><LI><a href="#[349]">&gt;&gt;</a>&nbsp;&nbsp;&nbsp;follow_path
<LI><a href="#[339]">&gt;&gt;</a>&nbsp;&nbsp;&nbsp;dir_register
<LI><a href="#[334]">&gt;&gt;</a>&nbsp;&nbsp;&nbsp;dir_find
<LI><a href="#[331]">&gt;&gt;</a>&nbsp;&nbsp;&nbsp;dir_alloc
</UL>

<P><STRONG><a name="[34b]"></a>enq_lock</STRONG> (Thumb, 36 bytes, Stack size 0 bytes, ff.o(i.enq_lock))
<BR><BR>[Called By]<UL><LI><a href="#[177]">&gt;&gt;</a>&nbsp;&nbsp;&nbsp;f_open
</UL>

<P><STRONG><a name="[347]"></a>find_volume</STRONG> (Thumb, 970 bytes, Stack size 88 bytes, ff.o(i.find_volume))
<BR><BR>[Stack]<UL><LI>Max Depth = 168<LI>Call Chain = find_volume &rArr; check_fs &rArr; move_window &rArr; sync_window &rArr; disk_write
</UL>
<BR>[Calls]<UL><LI><a href="#[327]">&gt;&gt;</a>&nbsp;&nbsp;&nbsp;move_window
<LI><a href="#[357]">&gt;&gt;</a>&nbsp;&nbsp;&nbsp;get_ldnumber
<LI><a href="#[35a]">&gt;&gt;</a>&nbsp;&nbsp;&nbsp;clear_lock
<LI><a href="#[326]">&gt;&gt;</a>&nbsp;&nbsp;&nbsp;check_fs
<LI><a href="#[358]">&gt;&gt;</a>&nbsp;&nbsp;&nbsp;disk_status
<LI><a href="#[359]">&gt;&gt;</a>&nbsp;&nbsp;&nbsp;disk_initialize
</UL>
<BR>[Called By]<UL><LI><a href="#[177]">&gt;&gt;</a>&nbsp;&nbsp;&nbsp;f_open
</UL>

<P><STRONG><a name="[33c]"></a>fit_lfn</STRONG> (Thumb, 122 bytes, Stack size 20 bytes, ff.o(i.fit_lfn))
<BR><BR>[Stack]<UL><LI>Max Depth = 20<LI>Call Chain = fit_lfn
</UL>
<BR>[Called By]<UL><LI><a href="#[339]">&gt;&gt;</a>&nbsp;&nbsp;&nbsp;dir_register
</UL>

<P><STRONG><a name="[349]"></a>follow_path</STRONG> (Thumb, 156 bytes, Stack size 32 bytes, ff.o(i.follow_path))
<BR><BR>[Stack]<UL><LI>Max Depth = 216<LI>Call Chain = follow_path &rArr; dir_find &rArr; dir_next &rArr; create_chain &rArr; put_fat &rArr; move_window &rArr; sync_window &rArr; disk_write
</UL>
<BR>[Calls]<UL><LI><a href="#[34c]">&gt;&gt;</a>&nbsp;&nbsp;&nbsp;ld_clust
<LI><a href="#[332]">&gt;&gt;</a>&nbsp;&nbsp;&nbsp;dir_sdi
<LI><a href="#[334]">&gt;&gt;</a>&nbsp;&nbsp;&nbsp;dir_find
<LI><a href="#[32d]">&gt;&gt;</a>&nbsp;&nbsp;&nbsp;create_name
</UL>
<BR>[Called By]<UL><LI><a href="#[177]">&gt;&gt;</a>&nbsp;&nbsp;&nbsp;f_open
</UL>

<P><STRONG><a name="[33b]"></a>gen_numname</STRONG> (Thumb, 176 bytes, Stack size 64 bytes, ff.o(i.gen_numname))
<BR><BR>[Stack]<UL><LI>Max Depth = 80<LI>Call Chain = gen_numname &rArr; mem_cpy
</UL>
<BR>[Calls]<UL><LI><a href="#[33a]">&gt;&gt;</a>&nbsp;&nbsp;&nbsp;mem_cpy
</UL>
<BR>[Called By]<UL><LI><a href="#[339]">&gt;&gt;</a>&nbsp;&nbsp;&nbsp;dir_register
</UL>

<P><STRONG><a name="[357]"></a>get_ldnumber</STRONG> (Thumb, 72 bytes, Stack size 16 bytes, ff.o(i.get_ldnumber))
<BR><BR>[Stack]<UL><LI>Max Depth = 16<LI>Call Chain = get_ldnumber
</UL>
<BR>[Called By]<UL><LI><a href="#[347]">&gt;&gt;</a>&nbsp;&nbsp;&nbsp;find_volume
</UL>

<P><STRONG><a name="[34f]"></a>inc_lock</STRONG> (Thumb, 226 bytes, Stack size 12 bytes, ff.o(i.inc_lock))
<BR><BR>[Stack]<UL><LI>Max Depth = 12<LI>Call Chain = inc_lock
</UL>
<BR>[Called By]<UL><LI><a href="#[177]">&gt;&gt;</a>&nbsp;&nbsp;&nbsp;f_open
</UL>

<P><STRONG><a name="[34c]"></a>ld_clust</STRONG> (Thumb, 34 bytes, Stack size 8 bytes, ff.o(i.ld_clust))
<BR><BR>[Stack]<UL><LI>Max Depth = 8<LI>Call Chain = ld_clust
</UL>
<BR>[Called By]<UL><LI><a href="#[177]">&gt;&gt;</a>&nbsp;&nbsp;&nbsp;f_open
<LI><a href="#[349]">&gt;&gt;</a>&nbsp;&nbsp;&nbsp;follow_path
</UL>

<P><STRONG><a name="[336]"></a>mem_cmp</STRONG> (Thumb, 38 bytes, Stack size 20 bytes, ff.o(i.mem_cmp))
<BR><BR>[Stack]<UL><LI>Max Depth = 20<LI>Call Chain = mem_cmp
</UL>
<BR>[Called By]<UL><LI><a href="#[334]">&gt;&gt;</a>&nbsp;&nbsp;&nbsp;dir_find
</UL>

<P><STRONG><a name="[33a]"></a>mem_cpy</STRONG> (Thumb, 26 bytes, Stack size 16 bytes, ff.o(i.mem_cpy))
<BR><BR>[Stack]<UL><LI>Max Depth = 16<LI>Call Chain = mem_cpy
</UL>
<BR>[Called By]<UL><LI><a href="#[149]">&gt;&gt;</a>&nbsp;&nbsp;&nbsp;f_write
<LI><a href="#[33b]">&gt;&gt;</a>&nbsp;&nbsp;&nbsp;gen_numname
<LI><a href="#[339]">&gt;&gt;</a>&nbsp;&nbsp;&nbsp;dir_register
</UL>

<P><STRONG><a name="[330]"></a>mem_set</STRONG> (Thumb, 20 bytes, Stack size 12 bytes, ff.o(i.mem_set))
<BR><BR>[Stack]<UL><LI>Max Depth = 12<LI>Call Chain = mem_set
</UL>
<BR>[Called By]<UL><LI><a href="#[352]">&gt;&gt;</a>&nbsp;&nbsp;&nbsp;sync_fs
<LI><a href="#[339]">&gt;&gt;</a>&nbsp;&nbsp;&nbsp;dir_register
<LI><a href="#[333]">&gt;&gt;</a>&nbsp;&nbsp;&nbsp;dir_next
<LI><a href="#[32d]">&gt;&gt;</a>&nbsp;&nbsp;&nbsp;create_name
</UL>

<P><STRONG><a name="[327]"></a>move_window</STRONG> (Thumb, 56 bytes, Stack size 16 bytes, ff.o(i.move_window))
<BR><BR>[Stack]<UL><LI>Max Depth = 64<LI>Call Chain = move_window &rArr; sync_window &rArr; disk_write
</UL>
<BR>[Calls]<UL><LI><a href="#[337]">&gt;&gt;</a>&nbsp;&nbsp;&nbsp;sync_window
<LI><a href="#[354]">&gt;&gt;</a>&nbsp;&nbsp;&nbsp;disk_read
</UL>
<BR>[Called By]<UL><LI><a href="#[177]">&gt;&gt;</a>&nbsp;&nbsp;&nbsp;f_open
<LI><a href="#[32c]">&gt;&gt;</a>&nbsp;&nbsp;&nbsp;put_fat
<LI><a href="#[32b]">&gt;&gt;</a>&nbsp;&nbsp;&nbsp;get_fat
<LI><a href="#[344]">&gt;&gt;</a>&nbsp;&nbsp;&nbsp;f_sync
<LI><a href="#[347]">&gt;&gt;</a>&nbsp;&nbsp;&nbsp;find_volume
<LI><a href="#[339]">&gt;&gt;</a>&nbsp;&nbsp;&nbsp;dir_register
<LI><a href="#[334]">&gt;&gt;</a>&nbsp;&nbsp;&nbsp;dir_find
<LI><a href="#[331]">&gt;&gt;</a>&nbsp;&nbsp;&nbsp;dir_alloc
<LI><a href="#[326]">&gt;&gt;</a>&nbsp;&nbsp;&nbsp;check_fs
</UL>

<P><STRONG><a name="[34e]"></a>remove_chain</STRONG> (Thumb, 122 bytes, Stack size 24 bytes, ff.o(i.remove_chain))
<BR><BR>[Stack]<UL><LI>Max Depth = 120<LI>Call Chain = remove_chain &rArr; put_fat &rArr; move_window &rArr; sync_window &rArr; disk_write
</UL>
<BR>[Calls]<UL><LI><a href="#[32c]">&gt;&gt;</a>&nbsp;&nbsp;&nbsp;put_fat
<LI><a href="#[32b]">&gt;&gt;</a>&nbsp;&nbsp;&nbsp;get_fat
</UL>
<BR>[Called By]<UL><LI><a href="#[177]">&gt;&gt;</a>&nbsp;&nbsp;&nbsp;f_open
</UL>

<P><STRONG><a name="[34d]"></a>st_clust</STRONG> (Thumb, 16 bytes, Stack size 0 bytes, ff.o(i.st_clust))
<BR><BR>[Called By]<UL><LI><a href="#[177]">&gt;&gt;</a>&nbsp;&nbsp;&nbsp;f_open
<LI><a href="#[344]">&gt;&gt;</a>&nbsp;&nbsp;&nbsp;f_sync
</UL>

<P><STRONG><a name="[335]"></a>sum_sfn</STRONG> (Thumb, 32 bytes, Stack size 12 bytes, ff.o(i.sum_sfn))
<BR><BR>[Stack]<UL><LI>Max Depth = 12<LI>Call Chain = sum_sfn
</UL>
<BR>[Called By]<UL><LI><a href="#[339]">&gt;&gt;</a>&nbsp;&nbsp;&nbsp;dir_register
<LI><a href="#[334]">&gt;&gt;</a>&nbsp;&nbsp;&nbsp;dir_find
</UL>

<P><STRONG><a name="[352]"></a>sync_fs</STRONG> (Thumb, 244 bytes, Stack size 16 bytes, ff.o(i.sync_fs))
<BR><BR>[Stack]<UL><LI>Max Depth = 64<LI>Call Chain = sync_fs &rArr; sync_window &rArr; disk_write
</UL>
<BR>[Calls]<UL><LI><a href="#[337]">&gt;&gt;</a>&nbsp;&nbsp;&nbsp;sync_window
<LI><a href="#[330]">&gt;&gt;</a>&nbsp;&nbsp;&nbsp;mem_set
<LI><a href="#[351]">&gt;&gt;</a>&nbsp;&nbsp;&nbsp;disk_write
<LI><a href="#[35f]">&gt;&gt;</a>&nbsp;&nbsp;&nbsp;disk_ioctl
</UL>
<BR>[Called By]<UL><LI><a href="#[344]">&gt;&gt;</a>&nbsp;&nbsp;&nbsp;f_sync
</UL>

<P><STRONG><a name="[337]"></a>sync_window</STRONG> (Thumb, 96 bytes, Stack size 24 bytes, ff.o(i.sync_window))
<BR><BR>[Stack]<UL><LI>Max Depth = 48<LI>Call Chain = sync_window &rArr; disk_write
</UL>
<BR>[Calls]<UL><LI><a href="#[351]">&gt;&gt;</a>&nbsp;&nbsp;&nbsp;disk_write
</UL>
<BR>[Called By]<UL><LI><a href="#[352]">&gt;&gt;</a>&nbsp;&nbsp;&nbsp;sync_fs
<LI><a href="#[327]">&gt;&gt;</a>&nbsp;&nbsp;&nbsp;move_window
<LI><a href="#[333]">&gt;&gt;</a>&nbsp;&nbsp;&nbsp;dir_next
</UL>

<P><STRONG><a name="[345]"></a>validate</STRONG> (Thumb, 66 bytes, Stack size 16 bytes, ff.o(i.validate))
<BR><BR>[Stack]<UL><LI>Max Depth = 32<LI>Call Chain = validate &rArr; disk_status
</UL>
<BR>[Calls]<UL><LI><a href="#[358]">&gt;&gt;</a>&nbsp;&nbsp;&nbsp;disk_status
</UL>
<BR>[Called By]<UL><LI><a href="#[149]">&gt;&gt;</a>&nbsp;&nbsp;&nbsp;f_write
<LI><a href="#[171]">&gt;&gt;</a>&nbsp;&nbsp;&nbsp;f_close
<LI><a href="#[344]">&gt;&gt;</a>&nbsp;&nbsp;&nbsp;f_sync
</UL>

<P><STRONG><a name="[322]"></a>_fp_digits</STRONG> (Thumb, 334 bytes, Stack size 56 bytes, printfa.o(i._fp_digits), UNUSED)
<BR><BR>[Calls]<UL><LI><a href="#[134]">&gt;&gt;</a>&nbsp;&nbsp;&nbsp;__aeabi_dmul
<LI><a href="#[135]">&gt;&gt;</a>&nbsp;&nbsp;&nbsp;__aeabi_ddiv
<LI><a href="#[12e]">&gt;&gt;</a>&nbsp;&nbsp;&nbsp;__aeabi_dadd
<LI><a href="#[13c]">&gt;&gt;</a>&nbsp;&nbsp;&nbsp;__aeabi_d2ulz
<LI><a href="#[127]">&gt;&gt;</a>&nbsp;&nbsp;&nbsp;__aeabi_uldivmod
<LI><a href="#[31e]">&gt;&gt;</a>&nbsp;&nbsp;&nbsp;__aeabi_cdrcmple
</UL>
<BR>[Called By]<UL><LI><a href="#[30e]">&gt;&gt;</a>&nbsp;&nbsp;&nbsp;_printf_core
</UL>

<P><STRONG><a name="[30e]"></a>_printf_core</STRONG> (Thumb, 1744 bytes, Stack size 136 bytes, printfa.o(i._printf_core), UNUSED)
<BR><BR>[Calls]<UL><LI><a href="#[325]">&gt;&gt;</a>&nbsp;&nbsp;&nbsp;__aeabi_uidivmod
<LI><a href="#[323]">&gt;&gt;</a>&nbsp;&nbsp;&nbsp;_printf_pre_padding
<LI><a href="#[324]">&gt;&gt;</a>&nbsp;&nbsp;&nbsp;_printf_post_padding
<LI><a href="#[322]">&gt;&gt;</a>&nbsp;&nbsp;&nbsp;_fp_digits
<LI><a href="#[127]">&gt;&gt;</a>&nbsp;&nbsp;&nbsp;__aeabi_uldivmod
</UL>
<BR>[Called By]<UL><LI><a href="#[30f]">&gt;&gt;</a>&nbsp;&nbsp;&nbsp;__0sprintf
<LI><a href="#[30d]">&gt;&gt;</a>&nbsp;&nbsp;&nbsp;__0printf
</UL>

<P><STRONG><a name="[324]"></a>_printf_post_padding</STRONG> (Thumb, 36 bytes, Stack size 24 bytes, printfa.o(i._printf_post_padding), UNUSED)
<BR><BR>[Called By]<UL><LI><a href="#[30e]">&gt;&gt;</a>&nbsp;&nbsp;&nbsp;_printf_core
</UL>

<P><STRONG><a name="[323]"></a>_printf_pre_padding</STRONG> (Thumb, 46 bytes, Stack size 24 bytes, printfa.o(i._printf_pre_padding), UNUSED)
<BR><BR>[Called By]<UL><LI><a href="#[30e]">&gt;&gt;</a>&nbsp;&nbsp;&nbsp;_printf_core
</UL>

<P><STRONG><a name="[124]"></a>_sputc</STRONG> (Thumb, 10 bytes, Stack size 0 bytes, printfa.o(i._sputc))
<BR><BR>[Called By]<UL><LI><a href="#[30f]">&gt;&gt;</a>&nbsp;&nbsp;&nbsp;__0sprintf
</UL>
<BR>[Address Reference Count : 1]<UL><LI> printfa.o(i.__0sprintf)
</UL><P>
<H3>
Undefined Global Symbols
</H3><HR></body></html>
