<html>
<body>
<pre>
<h1>µVision Build Log</h1>
<h2>Tool Versions:</h2>
IDE-Version: ¦ÌVision V5.20.0.0
Copyright (C) 2016 ARM Ltd and ARM Germany GmbH. All rights reserved.
License Information: zou Microsoft, Microsoft, LIC=TA3AR-K91H8-XCXJ0-BEHUH-HGE9T-2Z731
 
Tool Versions:
Toolchain:       MDK-ARM Professional  Version: 5.20
Toolchain Path:  C:\Keil_v5\ARM\ARMCC\Bin
C Compiler:      Armcc.exe V5.06 update 2 (build 183)
Assembler:       Armasm.exe V5.06 update 2 (build 183)
Linker/Locator:  ArmLink.exe V5.06 update 2 (build 183)
Library Manager: ArmAr.exe V5.06 update 2 (build 183)
Hex Converter:   FromElf.exe V5.06 update 2 (build 183)
CPU DLL:         SARMCM3.DLL V5.20
Dialog DLL:      DCM.DLL V1.13.7.0
Target DLL:      STLink\ST-LINKIII-KEIL_SWO.dll V2.0.18.0
Dialog DLL:      TCM.DLL V1.14.9.0
 
<h2>Project:</h2>
C:\Users\zph\Desktop\Ò£¿ØÆ÷×îÖÕ°æ\Projects\SensorTile\Applications\DataLog\MDK-ARM\Project.uvprojx
Project File Date:  04/28/2017

<h2>Output:</h2>
*** Using Compiler 'V5.06 update 2 (build 183)', folder: 'C:\Keil_v5\ARM\ARMCC\Bin'
Build target 'DataLog_STM32L476RG_SensorTile'
compiling main.c...
..\MDK-ARM\IMU.h(22): warning:  #1-D: last line of file ends without a newline
  				
..\Src\main.c(230): warning:  #1035-D: single-precision operand implicitly converted to double-precision
  				printf("x:%04d",(int)((Q_ANGLE.X+45)*1024.00/90.00));
..\Src\main.c(231): warning:  #1035-D: single-precision operand implicitly converted to double-precision
  				printf("y:%04d",(int)((Q_ANGLE.Y+45)*1024.00/90.00));
..\Src\main.c(232): warning:  #1035-D: single-precision operand implicitly converted to double-precision
  				printf("z:%04d",(int)((Q_ANGLE.Z+45)*1024.00/90.00));
..\Src\main.c: 4 warnings, 0 errors
linking...
Program Size: Code=76612 RO-data=2612 RW-data=1212 ZI-data=26492  
FromELF: creating hex file...
After Build - User command #1: C:\Keil_v5\\ARM\ARMCC\bin\fromelf.exe --bin --output=STM32L476JG_SensorTile.bin .\STM32L476RG_NUCLEO\STM32L476JG_SensorTile.axf
".\STM32L476RG_NUCLEO\STM32L476JG_SensorTile.axf" - 0 Error(s), 4 Warning(s).

<h2>Software Packages used:</h2>

Package Vendor: ARM
                http://www.keil.com/pack/ARM.CMSIS.4.5.0.pack
                ARM::CMSIS:CORE:4.3.0
                CMSIS (Cortex Microcontroller Software Interface Standard)
   * Component: CORE Version: 4.3.0

<h2>Collection of Component include folders:</h2>
  C:\Users\zph\Desktop\Ò£¿ØÆ÷×îÖÕ°æ\Projects\SensorTile\Applications\DataLog\MDK-ARM\RTE
  C:\Keil_v5\ARM\PACK\ARM\CMSIS\4.5.0\CMSIS\Include
  C:\Keil_v5\ARM\PACK\Keil\STM32L4xx_DFP\1.3.0\Device\Include

<h2>Collection of Component Files used:</h2>

   * Component: ARM::CMSIS:CORE:4.3.0
Build Time Elapsed:  00:00:05
</pre>
</body>
</html>
